--------- beginning of main
04-16 21:33:11.477  7919  7919 I HBD     : m0 EBD key t 0 
--------- beginning of system
04-16 21:33:11.524  1670  2028 D VibratorManagerService: Vibration 7620 finished with EndInfo{status=FINISHED, endedBy=null}
04-16 21:33:11.525  1670  2028 D VibratorManagerService: Reporting vibration 7620 finished with EndInfo{status=FINISHED, endedBy=null}
04-16 21:33:11.525  1670  2028 D VibratorManagerService: Vibration for uid=10212 and with attrs=VibrationAttributes: Usage=TOUCH Audio Usage= USAGE_ASSISTANCE_SONIFICATION tags= Flags=0 ended with status FINISHED
04-16 21:33:11.527  1325  1325 E SecVibrator-HAL-AIDL-CORE: V_1_0: Vibrator off
04-16 21:33:11.527  1325  1325 E SecVibrator-HAL-AIDL-CORE: HW_API: >> writeNode node:/timed_output/vibrator/enable val:0
04-16 21:33:11.530  1325  1325 E SecVibrator-HAL-AIDL-CORE: HW_API: << writeNode node OK : 2
04-16 21:33:11.533  1670  2028 D VibratorManagerService: VibrationThread released after finished vibration
04-16 21:33:11.533  1670  2028 D VibratorManagerService: Processing VibrationThread released callback
04-16 21:33:11.630  7919  7919 I HBD     : m0 EBD ex 
04-16 21:33:11.630  7919  8488 I HBD     : m0 EBD tb start :1 
04-16 21:33:11.630  7919  8488 I HBD     : a [SKE_LM] disableTags : id:ar_SA
04-16 21:33:11.631  7919  8488 I HBD     : a [SKE_LM] disableTags : id:ar_SA
04-16 21:33:11.631  7919  8488 I HBD     : m0 EBD tb end :1 
04-16 21:33:11.632  7919  7919 I HBD     : p1 [SCV] (8) 1 3 8 2 8 4 3 2 
04-16 21:33:12.144   675   675 D io_stats: !@   8,0 r 6364079 159486484 w 2374010 32662992 d 696769 36173468 f 0 0 iot 3533916 0 th 0 0 0 pt 0 inp 0 0 66915.617
04-16 21:33:12.392  1670  2042 D InputReader: Btn_touch(8): value=1 when=66915.865382
04-16 21:33:12.392  1670  2042 I InputReader: Touch event's action is 0x0 (id=4, t=0) [pCnt=1, s=0.12965 ] when=66915.865382
04-16 21:33:12.394  1670  2041 I InputDispatcher: Delivering touch to (2428): action: 0x4, f=0x0, d=0, '7538e8e', t=1 
04-16 21:33:12.395  1670  2041 I InputDispatcher: Delivering touch to (7919): action: 0x0, f=0x0, d=0, '4d94592', t=1 +(0,-80)
04-16 21:33:12.395  7919  7919 I ViewRootImpl@7b83c94[InputMethod]: ViewPostIme pointer 0
04-16 21:33:12.396  1670  2041 D PowerManagerService: [api] userActivityFromNative : touch displayId=0 eventTime=66915865
04-16 21:33:12.396  2428  2428 D Navbar.Store: --------NavBarStates(0) getSpaceWidth(land: false): 118
04-16 21:33:12.396  2428  2428 D SearcleGestureHandler: allowGesture: false
04-16 21:33:12.396  1670  1771 I GestureDetector: obtain mCurrentDownEvent. id: 895370131 caller: com.android.server.wm.SystemGesturesPointerEventListener.onPointerEvent:204 com.android.server.wm.PointerEventDispatcher.onInputEvent:53 android.view.InputEventReceiver.dispatchInputEvent:337 
04-16 21:33:12.396  1670  1771 I GestureDetector: obtain mCurrentDownEvent. id: 895370131 caller: com.android.server.wm.SystemPerformancePointerEventListener.onPointerEvent:89 com.android.server.wm.PointerEventDispatcher.onInputEvent:53 android.view.InputEventReceiver.dispatchInputEvent:337 
04-16 21:33:12.396  1360  1360 I SurfaceFlinger: SFWD update time=66915870100906
04-16 21:33:12.400  1670  1771 I GestureDetector: obtain mCurrentMotionEventRaw. action: 2 id: 126301662
04-16 21:33:12.400  1670  1771 I GestureDetector: obtain mCurrentMotionEventRaw. action: 2 id: 126301662
04-16 21:33:12.466  1670  2042 D InputReader: Btn_touch(8): value=0 when=66915.939871
04-16 21:33:12.466  1670  2042 I InputReader: Touch event's action is 0x1 (id=4, t=0) [pCnt=1, s=] when=66915.939871
04-16 21:33:12.467  1670  2041 I InputDispatcher: Delivering touch to (7919): action: 0x1, f=0x0, d=0, '4d94592', t=1 +(0,-80)
04-16 21:33:12.467  7919  7919 I ViewRootImpl@7b83c94[InputMethod]: ViewPostIme pointer 1
04-16 21:33:12.481  2840  3426 D ScanFilter: manu data matches
04-16 21:33:12.481  2840  3426 D BtGatt.GattService: onScanResult to scannerId: 2- eventType=0x10, addressType=0, address=XX:XX:XX:XX:C4:4B, primaryPhy=1, secondaryPhy=0, advertisingSid=0xff, txPower=127, rssi=-78, periodicAdvInt=0x0
04-16 21:33:12.485  7919  7919 I HBD     : a IIFO[r:061103adbf] 
04-16 21:33:12.491  7919  7919 I HBD     : m1 ous -  0 ,  0 ,  27 ,  27 ,  -1 ,  -1
04-16 21:33:12.494  7147 10900 I [+0100]oneconnect[1.8.21.28_01][CORE]: BleParserForVD.parseTvPacket - |name:($)-[(15)|deviceType:TV|discoverType:_BLE|services:None|connected:false[TvStatusString]POWER_OFF[TvStatus]-128[TvService]102[TvMirrorChannel]1[TvRegisteredDB][114, -99, 0, 0, 0, 0][TvYear]2016[TvOcfInfo]0[TvAcmStatus]0[ExTvStatus]0[ExtendedStatus]-1[ModuloSn]-1
04-16 21:33:12.500  7919  8488 I HBD     : m0 EBD tb start :1 
04-16 21:33:12.500  7919  8488 I HBD     : m0 EBD tb end :1 
04-16 21:33:12.501  7919  7919 I HBD     : p1 [SCV] (9) 5 9 5 5 13 5 7 11 12 
04-16 21:33:12.501  7919  7919 I HBD     : m0 EBD cm f 1 
04-16 21:33:12.539  2840  3426 D BtGatt.GattService: onScanResult to scannerId: 2- eventType=0x13, addressType=1, address=XX:XX:XX:XX:8D:4A, primaryPhy=1, secondaryPhy=0, advertisingSid=0xff, txPower=127, rssi=-87, periodicAdvInt=0x0
04-16 21:33:12.539  2840  3426 D BtGatt.GattService: onScanResult to scannerId: 3- eventType=0x13, addressType=1, address=XX:XX:XX:XX:8D:4A, primaryPhy=1, secondaryPhy=0, advertisingSid=0xff, txPower=127, rssi=-87, periodicAdvInt=0x0
04-16 21:33:12.541  7147 10900 I [+0100]oneconnect[1.8.21.28_01][CORE]: TagKeyManager.findCloudId - key: ($)9e5716d2
04-16 21:33:12.542  7147 10900 I [+0100]oneconnect[1.8.21.28_01][CORE]: TagKeyManager.findCloudId - key: ($)9e5716d2
04-16 21:33:12.542  7147 10900 I [+0100]oneconnect[1.8.21.28_01][CORE]: BleParserForTag.parsePacket - [name][bleMac]($)60:A6[tagState]5[advertisementType]0[privacyId]bd0ecf4a3ae16522[uWBFlag]0[batteryLevel]3[motionDetection]0[lastReceivedTime]1744835592541[rssi]-87[activityTrackingMode]false
04-16 21:33:12.549  7147 17488 I [+0100]oneconnect[1.8.21.28_01][CORE]: SmartTag@DeviceStatusTriggerTaskImpl.isAvailableGattConnection - deviceId: ($)9e5716d2 | isAvailableGattConnection: false | priorityConnectionSize : 0 | availableConnectionSize : 2
04-16 21:33:12.673  1670  4087 D SemWifiUsabilityStatsMonitor: onWifiUsabilityStats - seqNum 9790, isSameBssidAndFreq true
04-16 21:33:12.697  1670  1670 I GestureDetector: handleMessage TAP
04-16 21:33:12.698  1670  1771 I GestureDetector: handleMessage TAP
04-16 21:33:12.809  7919 31403 I HBD     : b Grammarly checkText revisionId: 123817104, length: 27, time: 3 ms 
04-16 21:33:12.853  1670  2042 D InputReader: Btn_touch(8): value=1 when=66916.325814
04-16 21:33:12.854  1670  2042 I InputReader: Touch event's action is 0x0 (id=4, t=0) [pCnt=1, s=0.12966 ] when=66916.325814
04-16 21:33:12.855  1670  2041 I InputDispatcher: Delivering touch to (2428): action: 0x0, f=0x0, d=0, '7538e8e', t=1 +(0,-2265)
04-16 21:33:12.857  1670  1771 I GestureDetector: obtain mCurrentDownEvent. id: 976523166 caller: com.android.server.wm.SystemGesturesPointerEventListener.onPointerEvent:204 com.android.server.wm.PointerEventDispatcher.onInputEvent:53 android.view.InputEventReceiver.dispatchInputEvent:337 
04-16 21:33:12.858  1670  1771 I GestureDetector: obtain mCurrentDownEvent. id: 976523166 caller: com.android.server.wm.SystemPerformancePointerEventListener.onPointerEvent:89 com.android.server.wm.PointerEventDispatcher.onInputEvent:53 android.view.InputEventReceiver.dispatchInputEvent:337 
04-16 21:33:12.859  2428  2428 I ViewRootImpl@3b6baee[NavigationBar0]: ViewPostIme pointer 0
04-16 21:33:12.861  2428  2428 I KeyButtonView: Back button event: ACTION_DOWN
04-16 21:33:12.862  2428  2738 I KeyButtonView: injectInputEvent - 4
04-16 21:33:12.862  2428  2428 V Vibrator: semGetSupportedVibrationType: ret=3
04-16 21:33:12.862  1670  1700 D InputDispatcher: Inject key (2428/10041): action=0, f=0x48, d=0, time=66916333000000
04-16 21:33:12.862  1670  1700 D WindowManager: interceptKeyTq keycode=4 interactive=true keyguardActive=false policyFlags=2b000002
04-16 21:33:12.863  1670  1700 D PhoneWindowManagerExt: setScreenshotEnabled, screenOnFully=true
04-16 21:33:12.863  2428  2428 D Navbar.Store: --------NavBarStates(0) getSpaceWidth(land: false): 118
04-16 21:33:12.863  2428  2428 D SearcleGestureHandler: allowGesture: false
04-16 21:33:12.863  1670  1700 D SingleKeyGesture: interceptKeyDown, info : KeyCode=KEYCODE_UNKNOWN, size=0
04-16 21:33:12.863  1670  1700 D PhoneWindowManagerExt: interceptKeyTq code=4 down=true repeatCount=0 displayId=0 interactive=true
04-16 21:33:12.863  1670  1700 D WindowManager: interceptKeyTq interceptKeyResult=4
04-16 21:33:12.863  1670  1700 D PhoneWindowManagerExt: f.b. a=false id=1 he=true ksno=false uid=1000 callingPackage=android reason=Virtual Key - Press Caller=com.android.server.policy.PhoneWindowManager.performHapticFeedback:7290 com.android.server.policy.PhoneWindowManager.performHapticFeedback:7276 com.android.server.policy.PhoneWindowManager.interceptKeyBeforeQueueing:5593 com.android.server.wm.InputManagerCallback.interceptKeyBeforeQueueing:163 com.android.server.input.InputManagerService.interceptKeyBeforeQueueing:3514 
04-16 21:33:12.863  1670  1700 D VibratorManagerService: vibrate - uid: 1000, opPkg: android, effect: Mono{mEffect=Composed{segments=[SemHaptic{mType=50038, mMagnitude=-1}], repeat=-1, mMagnitudeType=TYPE_TOUCH}}, attrs: VibrationAttributes: Usage=TOUCH Audio Usage= USAGE_UNKNOWN tags= Flags=0, reason: Virtual Key - Press, token: android.os.Binder@168c8ea
04-16 21:33:12.864  1670  1700 D VibratorManagerService: converted usage = TOUCH(18)
04-16 21:33:12.864  1670  1700 D VibratorManagerService: semColorfulVibrate : EFFECT_HEAVY_CLICK(14), repeat: -1, usage: TOUCH(18), magnitude: 2000
04-16 21:33:12.864  1670  1700 D VibratorManagerService: Starting vibrate for vibration 7621
04-16 21:33:12.865  1670  2041 D WindowManager: interceptKeyTi keyCode=4 down=true repeatCount=0 keyguardOn=false canceled=false
04-16 21:33:12.865  1670  2041 D PhoneWindowManagerExt: interceptKeyTi code=4 down=true repeatCount=0 displayId=0 interactive=true
04-16 21:33:12.865  1670  2028 D SemHapticStep: sepIndex=14, intensity=2000, repeat=false, duration=230
04-16 21:33:12.865  1670  2028 D SemHapticStep: Turning on vibrator 0 for 230ms
04-16 21:33:12.865  1670  2028 D VibratorController: performHapticEngine packetCnt (1).
04-16 21:33:12.865  1670  2041 I InputDispatcher: Delivering key to (17420): B action: 0x0 (0), f=0x48, m=0x0, d=0, '8314d4 '
04-16 21:33:12.868  7919  7919 I HBD     : c skip onKeyDown as physical keyboard not connected 
04-16 21:33:12.868  1325  1325 E SecVibrator-HAL-AIDL-EXT: V_3_0: performHapticEngine
04-16 21:33:12.868  1325  1325 E SecVibrator-HAL-AIDL-EXT: V_3_0: performHapticEngine amplitude : 2000
04-16 21:33:12.868  1325  1325 E SecVibrator-HAL-AIDL-EXT: V_3_0: performHapticEngine packet_cnt : 1
04-16 21:33:12.868  1325  1325 E SecVibrator-HAL-AIDL-EXT: V_3_0: performHapticEngine total_size : 4
04-16 21:33:12.868  1325  1325 E SecVibrator-HAL-AIDL-EXT: V_3_0: performHapticEngine : 4 7 2000 2000 1
04-16 21:33:12.868  7919  7919 I HBD     : HoneyBoardService onKeyDown r:0fe246cd consumed:false 1 
04-16 21:33:12.868  1325  1325 E SecVibrator-HAL-AIDL-CORE: HW_API: do_on for timeoutMs: 1
04-16 21:33:12.868  1325  1325 E SecVibrator-HAL-AIDL-CORE: HW_API: >> writeNode node:/timed_output/vibrator/enable val:1
04-16 21:33:12.868  7919  7919 I InputMethodService: handleBack: mShowInputRequested=true, doIt=false
04-16 21:33:12.869 17420 17420 I ViewRootImpl@cd32dfb[MainActivity]: The input has been finished in ImeInputStage.
04-16 21:33:12.870  1325  1325 E SecVibrator-HAL-AIDL-CORE: HW_API: << writeNode node OK : 2
04-16 21:33:12.870  1325  1325 E SecVibrator-HAL-AIDL-EXT: V_3_0: performHapticEngine OK
04-16 21:33:12.873  1670  1771 I GestureDetector: obtain mCurrentMotionEventRaw. action: 2 id: 1008733562
04-16 21:33:12.873  1670  1771 I GestureDetector: obtain mCurrentMotionEventRaw. action: 2 id: 1008733562
04-16 21:33:12.934  1670  2042 D InputReader: Btn_touch(8): value=0 when=66916.407450
04-16 21:33:12.934  1670  2042 I InputReader: Touch event's action is 0x1 (id=4, t=0) [pCnt=1, s=] when=66916.407450
04-16 21:33:12.934  1670  2041 I InputDispatcher: Delivering touch to (2428): action: 0x1, f=0x0, d=0, '7538e8e', t=1 +(0,-2265)
04-16 21:33:12.934  2428  2428 I ViewRootImpl@3b6baee[NavigationBar0]: ViewPostIme pointer 1
04-16 21:33:12.935  2428  2428 I KeyButtonView: Back button event: ACTION_UP
04-16 21:33:12.935  2428  2738 I KeyButtonView: injectInputEvent - 4
04-16 21:33:12.936  1670  1700 D InputDispatcher: Inject key (2428/10041): action=1, f=0x48, d=0, time=66916408000000
04-16 21:33:12.936  1670  1700 D WindowManager: interceptKeyTq keycode=4 interactive=true keyguardActive=false policyFlags=2b000002
04-16 21:33:12.936  1670  1700 D SingleKeyGesture: interceptKeyUp, longPress=false info : KeyCode=KEYCODE_UNKNOWN, size=0
04-16 21:33:12.936  1670  1700 D SingleKeyGesture: interceptKeyUp, mActiveRule is null
04-16 21:33:12.936  1670  1700 D PhoneWindowManagerExt: interceptKeyTq code=4 down=false repeatCount=0 displayId=0 interactive=true
04-16 21:33:12.936  1670  1700 D WindowManager: interceptKeyTq interceptKeyResult=4
04-16 21:33:12.936  1670  2041 D WindowManager: interceptKeyTi keyCode=4 down=false repeatCount=0 keyguardOn=false canceled=false
04-16 21:33:12.936  1670  2041 D PhoneWindowManagerExt: interceptKeyTi code=4 down=false repeatCount=0 displayId=0 interactive=true
04-16 21:33:12.937  1670  2041 I InputDispatcher: Delivering key to (17420): B action: 0x1 (0), f=0x48, m=0x0, d=0, '8314d4 '
04-16 21:33:12.938  7919  7919 I HBD     : HoneyBoardService onKeyUp r:5b2f51e6 consumed:false 0 
04-16 21:33:12.938  7919  7919 I InputMethodService: handleBack: mShowInputRequested=true, doIt=true
04-16 21:33:12.940  1670  1700 I InputMethodManagerService: hideMySoftInput: flags=0
04-16 21:33:12.940  1670  1700 I ImeTracker: com.ismailjamal.bedrockrelay:12bae143: onRequestHide at ORIGIN_SERVER_HIDE_INPUT reason HIDE_SOFT_INPUT_BY_BACK_KEY
04-16 21:33:12.940  1670  1700 D InputMethodManagerService: setWindowStateInner, windowToken=android.os.BinderProxy@9817a27, state=ImeTargetWindowState{ imeToken android.os.Binder@527877e imeFocusChanged false hasEditorFocused true requestedImeVisible false imeDisplayId 0 softInputModeState STATE_UNSPECIFIED|ADJUST_PAN isStartInputByGainFocus false}
04-16 21:33:12.940  1670  1700 V InputMethodManagerService: Calling com.android.server.inputmethod.IInputMethodInvoker@2cf7bf0.hideSoftInput(0, android.os.BinderProxy@9817a27, null) for reason: HIDE_SOFT_INPUT_BY_BACK_KEY
04-16 21:33:12.945  1670  1700 I ActivityManager: Changes in 10212 5 to 7, 63 to 0
04-16 21:33:12.946  4517  4517 W ContextImpl: Calling a method in the system process without a qualified user: android.app.ContextImpl.startService:1960 android.content.ContextWrapper.startService:842 android.content.ContextWrapper.startService:842 com.sec.android.diagmonagent.sa.receiver.CFLogReceiver.a:17 com.sec.android.diagmonagent.sa.receiver.CFLogReceiver.onReceive:40 
04-16 21:33:12.946 17420 17420 I ViewRootImpl@cd32dfb[MainActivity]: The input has been finished in ImeInputStage.
04-16 21:33:12.947  7919  7919 I InputMethod: hideSoftInput(): flags=0
04-16 21:33:12.947  1670  3172 D InputMethodManagerService: isImeSwitcherDisabledPackage : false
04-16 21:33:12.947  1670  3172 I InputMethodManagerService: setImeWindowStatus: vis=0, backDisposition=0
04-16 21:33:12.948  7919  7919 I HBD     : HoneyBoardService onFinishInputView finishingInput= false
04-16 21:33:12.948  1670  4763 V InputMethodManagerService: applyImeVisibility state=0
04-16 21:33:12.948  1521  8475 I CameraService: onUidStateChanged: uid=10212, procState is changed. (5 -> 7)
04-16 21:33:12.949  7919  7919 I HBD     : a [UpdatePolicy] [post] a: 3 cl: 65538 kit: [0/0] vt: 0 ir: 1 
04-16 21:33:12.950  7919 31403 I HBD     : i [SKE_LM] learnInDynamicModel,  false
04-16 21:33:12.951 17420 17420 I InsetsController: setRequestedVisibleTypes: visible=false, mask=ime, host=com.ismailjamal.bedrockrelay/com.ismailjamal.bedrockrelay.MainActivity, from=android.view.InsetsController.controlAnimationUnchecked:1445 android.view.InsetsController.applyAnimation:2005 android.view.InsetsController.applyAnimation:1968 android.view.InsetsController.hide:1403 android.view.ViewRootImpl$ViewRootHandler.handleMessageImpl:7240 android.view.ViewRootImpl$ViewRootHandler.handleMessage:7166 android.os.Handler.dispatchMessage:106 android.os.Looper.loopOnce:230 android.os.Looper.loop:319 android.app.ActivityThread.main:8919 
04-16 21:33:12.951  7919 31403 I HBD     : i [SKE_LM] learnInDynamicModel,  true
04-16 21:33:12.952 17420 17420 I InsetsController: controlAnimationUncheckedInner: Added types=ime, animType=1, host=com.ismailjamal.bedrockrelay/com.ismailjamal.bedrockrelay.MainActivity, from=android.view.InsetsController.controlAnimationUnchecked:1449 android.view.InsetsController.applyAnimation:2005 android.view.InsetsController.applyAnimation:1968 
04-16 21:33:12.952  1670  4763 D InsetsSourceProvider: updateVisibility: serverVisible=true, clientVisible=false, source=InsetsSource: {3 mType=ime mFrame=[0,1392][1080,2400] mVisible=false mFlags=[]}, controlTarget=Window{8314d4 u0 com.ismailjamal.bedrockrelay/com.ismailjamal.bedrockrelay.MainActivity}, from=com.android.server.wm.ImeInsetsSourceProvider.updateVisibility:154 com.android.server.wm.InsetsSourceProvider.setClientVisible:606 com.android.server.wm.ImeInsetsSourceProvider.setClientVisible:101 com.android.server.wm.InsetsSourceProvider.updateClientVisibility:593 com.android.server.wm.ImeInsetsSourceProvider.updateClientVisibility:173 com.android.server.wm.InsetsStateController.onInsetsModified:275 com.android.server.wm.InsetsPolicy.onInsetsModified:516 com.android.server.wm.Session.updateRequestedVisibleTypes:797 android.view.IWindowSession$Stub.onTransact:1145 com.android.server.wm.Session.onTransact:204 
04-16 21:33:12.953  1670  4763 I WindowManager: Reparenting to leash, surface=Surface(name=7538e8e NavigationBar0)/@0x1fe059a, leashParent=Surface(name=WindowToken{ce93e89 type=2019 android.os.BinderProxy@d195853})/@0xdf97ecb
04-16 21:33:12.953  1360  2077 I SurfaceFlinger: id=19212 createSurf, flag=24000, Surface(name=7538e8e NavigationBar0)/@0x1fe059a - animation-leash of insets_animation#19212
04-16 21:33:12.955  1670  4763 D WindowManager: makeSurface duration=2 leash=Surface(name=Surface(name=7538e8e NavigationBar0)/@0x1fe059a - animation-leash of insets_animation)/@0xdbf53e2
04-16 21:33:12.955  1670  4763 D InsetsSourceProvider: updateControlForTarget: control=InsetsSourceControl: {e0970001 mType=navigationBars initiallyVisible mSurfacePosition=Point(0, 2265) mInsetsHint=Insets{left=0, top=0, right=0, bottom=135}}, target=Window{8314d4 u0 com.ismailjamal.bedrockrelay/com.ismailjamal.bedrockrelay.MainActivity}, from=com.android.server.wm.InsetsStateController.onControlTargetChanged:358 com.android.server.wm.InsetsStateController.onBarControlTargetChanged:327 com.android.server.wm.InsetsPolicy.updateBarControlTarget:173 com.android.server.wm.InsetsPolicy.updateSystemBars:805 com.android.server.wm.DisplayPolicy.updateSystemBarsLw:3425 
04-16 21:33:12.955  7919  7919 I HBD     : m1 stopRunningTimers 
04-16 21:33:12.956  1670  4763 D WindowManager: updateSystemBarAttributes: displayId=0, win=Window{8314d4 u0 com.ismailjamal.bedrockrelay/com.ismailjamal.bedrockrelay.MainActivity}, navColorWin=Window{8314d4 u0 com.ismailjamal.bedrockrelay/com.ismailjamal.bedrockrelay.MainActivity}, focusedCanBeNavColorWin=false, behavior=1, appearance=0, statusBarAppearanceRegions=[AppearanceRegion{ bounds=[0,0][1080,2400]}], requestedVisibilities=-9, from=com.android.server.wm.InsetsStateController.onInsetsModified:281 com.android.server.wm.InsetsPolicy.onInsetsModified:516 com.android.server.wm.Session.updateRequestedVisibleTypes:797 
04-16 21:33:12.956  7919  7919 I HBD     : f [PF_EN] saveUserData() 0 
04-16 21:33:12.956  7919  7919 I HBD     : m0 EBD reset pbc:0 pdc:0 
04-16 21:33:12.956  7919  7919 I HBD     : e unbindCurrentHoneyBoard : com.samsung.android.clipboarduiservice.plugin_clipboard 
04-16 21:33:12.956  7919  7919 I HBD     : a honeyBoardTouchLayer dismiss. 
04-16 21:33:12.959  2428 26499 I ViewRootImpl@6a89f78[StatusBar]: Resizing android.view.ViewRootImpl@4f4a1c8: frame = [0,0][1080,80] reportDraw = false forceLayout = false syncSeqId = -1
04-16 21:33:12.959  2924 17184 I ViewRootImpl@ba316a5[CocktailBarService]: Resizing android.view.ViewRootImpl@e66c466: frame = [1013,616][1080,992] reportDraw = false forceLayout = false syncSeqId = -1
04-16 21:33:12.959  2428  3213 I ViewRootImpl@1a85961[ScreenDecorOverlay]: Resizing android.view.ViewRootImpl@9d5e61: frame = [0,0][1080,80] reportDraw = false forceLayout = false syncSeqId = -1
04-16 21:33:12.959  2924  2924 I ViewRootImpl@ba316a5[CocktailBarService]: handleResized, msg = 4 frames=ClientWindowFrames{frame=[1013,616][1080,992] display=[0,0][1080,2265] parentFrame=[0,0][0,0]} forceNextWindowRelayout=false displayId=0 dragResizing=false compatScale=1.0 frameChanged=false attachedFrameChanged=false configChanged=false displayChanged=false compatScaleChanged=false
04-16 21:33:12.959  7919  7919 I HBD     : e expression state[false], searchState[0] 
04-16 21:33:12.959  2428  3585 I ViewRootImpl@1a85961[ScreenDecorOverlay]: handleResized, msg = 4 frames=ClientWindowFrames{frame=[0,0][1080,80] display=[0,0][1080,2400] parentFrame=[0,0][0,0]} forceNextWindowRelayout=false displayId=0 dragResizing=false compatScale=1.0 frameChanged=false attachedFrameChanged=false configChanged=false displayChanged=false compatScaleChanged=false
04-16 21:33:12.960  7919  7919 I HBD     : k All camera is available, so, ExtractText will be enabled 
04-16 21:33:12.960  7919  7919 I HBD     : a clear BaseLanguageRepo 
04-16 21:33:12.960  2428 26499 I ViewRootImpl@d9e0a6a[ScreenDecorOverlayBottom]: Resizing android.view.ViewRootImpl@a086f46: frame = [0,2320][1080,2400] reportDraw = false forceLayout = false syncSeqId = -1
04-16 21:33:12.960  2428  2439 I ViewRootImpl@3b6baee[NavigationBar0]: Resizing android.view.ViewRootImpl@e240261: frame = [0,2265][1080,2400] reportDraw = false forceLayout = false syncSeqId = -1
04-16 21:33:12.960  2428  3585 I ViewRootImpl@d9e0a6a[ScreenDecorOverlayBottom]: handleResized, msg = 4 frames=ClientWindowFrames{frame=[0,2320][1080,2400] display=[0,0][1080,2400] parentFrame=[0,0][0,0]} forceNextWindowRelayout=false displayId=0 dragResizing=false compatScale=1.0 frameChanged=false attachedFrameChanged=false configChanged=false displayChanged=false compatScaleChanged=false
04-16 21:33:12.961 17420 17431 I ViewRootImpl@cd32dfb[MainActivity]: Resizing android.view.ViewRootImpl@2c15705: frame = [0,0][1080,2400] reportDraw = false forceLayout = false syncSeqId = -1
04-16 21:33:12.961  4391  4391 I SSS:AugmentedAutofillService: AugmentedAutofillService: onConnected()
04-16 21:33:12.961  1670  2254 D ConnectivityService:  Removing from current network [101 WIFI], leaving 180 requests.
04-16 21:33:12.961  7919 31403 I HBD     : i [SKE_LM] saveDynamicModel,  false ,  true
04-16 21:33:12.962  7919  7919 I HBD     : b Grammarly stop session 2 ms 
04-16 21:33:12.962  7919  7919 I HBD     : x onFinishInputView 
04-16 21:33:12.962  7919  7919 I HBD     : a [StopHoneyVoiceListeningWithReleaseDecorator] stopListeningWithRelease() 
04-16 21:33:12.962  7919  7919 I IceCone : c HoneyVoice stopListening by stopListeningWithRelease() 
04-16 21:33:12.964  7919  7919 I HBD     : HoneyBoardService [PF_CL][onFinishInputView]  16 ms 
04-16 21:33:12.964  7919  7919 I HBD     : b showInputView requested current = true, applyNow = false 
04-16 21:33:12.964  7919  7919 I HBD     : HoneyBoardService onWindowHidden 
04-16 21:33:12.964  7919  7919 I HBD     : HoneyBoardService [PF_CL][onWindowHidden]  0 ms 
04-16 21:33:12.967  2924  2924 I Edge.CocktailBarUiHandler: onReceive: action = ResponseAxT9Info sipVisibility = 0
04-16 21:33:12.969  1670  3172 V WindowManager: Relayout Window{4d94592 u0 InputMethod}: viewVisibility=0 req=1080x2320 ty=2011 d0
04-16 21:33:12.969  7919  7919 I BLASTBufferQueue_Java: update, w= 1080 h= 2320 mName = ViewRootImpl@7b83c94[InputMethod] mNativeObject= 0xb400007450cc0670 sc.mNativeObject= 0xb4000074a0caae10 format= -2 caller= android.view.ViewRootImpl.updateBlastSurfaceIfNeeded:3017 android.view.ViewRootImpl.relayoutWindow:10131 android.view.ViewRootImpl.performTraversals:4110 android.view.ViewRootImpl.doTraversal:3288 android.view.ViewRootImpl$TraversalRunnable.run:11344 android.view.Choreographer$CallbackRecord.run:1689 
04-16 21:33:12.969  7919  7919 I ViewRootImpl@7b83c94[InputMethod]: Relayout returned: old=(0,80,1080,2400) new=(0,80,1080,2400) relayoutAsync=true req=(1080,2320)0 dur=1 res=0x0 s={true 0xb400007490d32930} ch=false seqId=0
04-16 21:33:12.969  7919  7919 I ViewRootImpl@7b83c94[InputMethod]: registerCallbackForPendingTransactions
04-16 21:33:12.971  7919  7919 I HBD     : HoneyBoardService onTrimMemory 20
04-16 21:33:12.971  7919 22023 I ViewRootImpl@7b83c94[InputMethod]: mWNT: t=0xb4000074b0d20670 mBlastBufferQueue=0xb400007450cc0670 fn= 20 mRenderHdrSdrRatio=1.0 caller= android.view.ViewRootImpl$6.onFrameDraw:5635 android.view.ViewRootImpl$2.onFrameDraw:2146 android.view.ThreadedRenderer$1.onFrameDraw:792 
04-16 21:33:12.971  7919  7919 I HBD     : k Init expand button state by global layout listener 
04-16 21:33:12.972  1670  3172 V WindowManager: Relayout hash=4d94592, pid=0, syncId=-1: mAttrs={(0,0)(fillxfill) gr=BOTTOM CENTER_VERTICAL sim={adjust=pan} ty=INPUT_METHOD fmt=TRANSPARENT wanim=0x7f1401b3 preferredMinDisplayRefreshRate=60.0 receive insets ignoring z-order
04-16 21:33:12.972  1670  3172 V WindowManager:   fl=81800108
04-16 21:33:12.972  1670  3172 V WindowManager:   pfl=12000000
04-16 21:33:12.972  1670  3172 V WindowManager:   bhv=DEFAULT
04-16 21:33:12.972  1670  3172 V WindowManager:   fitTypes=STATUS_BARS NAVIGATION_BARS
04-16 21:33:12.972  1670  3172 V WindowManager:   fitSides=LEFT TOP RIGHT
04-16 21:33:12.972  1670  3172 V WindowManager:   fitIgnoreVis dimDuration=150 naviIconColor=0}
04-16 21:33:12.979  2428  2428 D NavigationBar: setImeWindowStatus displayId=0 vis=0 backDisposition=0 showImeSwitcher=false imeShown=false
04-16 21:33:12.979  2428  2428 D Navbar.Store: handleEvent(0) OnNavBarIconHintChanged(iconHint=0) [Module] NavigationBar
04-16 21:33:12.979  2428  2428 D Navbar.Store: --[Band]SETUPWIZARD_PACK_SET_NAVBAR_ICON_HINT
04-16 21:33:12.979  2428  2428 D Navbar.Store: --[Band]VIS_PACK_REEVAULATE_NAVBAR
04-16 21:33:12.979  2428  2428 D Navbar.Store: ----apply(0) NavBarStoreAction$ReevaluateNavBar
04-16 21:33:12.980 17420 17420 I InsetsController: onStateChanged: host=com.ismailjamal.bedrockrelay/com.ismailjamal.bedrockrelay.MainActivity, from=android.view.ViewRootImpl$ViewRootHandler.handleMessageImpl:7209, state=InsetsState: {mDisplayFrame=Rect(0, 0 - 1080, 2400), mDisplayCutout=DisplayCutout{insets=Rect(0, 80 - 0, 0) waterfall=Insets{left=0, top=0, right=0, bottom=0} boundingRect={Bounds=[Rect(0, 0 - 0, 0), Rect(510, 0 - 570, 80), Rect(0, 0 - 0, 0), Rect(0, 0 - 0, 0)]} cutoutPathParserInfo={CutoutPathParserInfo{displayWidth=1080 displayHeight=2400 physicalDisplayWidth=1080 physicalDisplayHeight=2400 density={3.0} cutoutSpec={M 0,0 H -10 V 26.66666666666667 H 10 V 0 H 0 Z @dp} rotation={0} scale={1.0} physicalPixelDisplaySizeRatio={1.0}}}}, mRoundedCorners=RoundedCorners{[RoundedCorner{position=TopLeft, radius=90, center=Point(90, 90)}, RoundedCorner{position=TopRight, radius=90, center=Point(990, 90)}, RoundedCorner{position=BottomRight, radius=90, center=Point(990, 2310)}, RoundedCorner{position=BottomLeft, radius=90, center=Point(90, 2310)}]}  mRoundedCornerFrame=Rect(0, 0 - 1080, 2400), mPrivacyIndicatorBounds=PrivacyIndicatorBounds {static bounds=Rect(956, 0 - 1080, 80) rotation=0}, mDisplayShape=DisplayShape{ spec=-311912193 displayWidth=1080 displayHeight=2400 physicalPixelDisplaySizeRatio=1.0 rotation=0 offsetX=0 offsetY=0 scale=1.0}, mSources= { InsetsSource: {b8db0000 mType=statusBars mFrame=[0,0][1080,80] mVisible=true mFlags=[]}, InsetsSource: {b8db0005 mType=mandatorySystemGestures mFrame=[0,0][1080,114] mVisible=true mFlags=[]}, InsetsSource: {b8db0006 mType=tappableElement mFrame=[0,0][1080,80] mVisible=true mFlags=[]}, InsetsSource: {e0970001 mType=navigationBars mFrame=[0,2265][1080,2400] mVisible=true mFlags=[]}, InsetsSource: {e0970004 mType=systemGestures mFrame=[0,0][0,0] mVisible=true mFlags=[]}, InsetsSource: {e0970005 mType=mandatorySystemGestures mFrame=[0,2265][1080,2400] mVisible=true mFlags=[]}, InsetsSource: {e0970006 mType=tappableElement mFrame=[0,2265][1080,2400] mVisible=true mFlags=[]}, InsetsSource: {e0970024 mType=systemGestures mFrame=[0,0][0,0] mVisible=true mFlags=[]}, InsetsSource: {3 mType=ime mFrame=[0,1392][1080,2400] mVisible=false mFlags=[]}, InsetsSource: {27 mType=displayCutout mFrame=[0,0][1080,80] mVisible=true mFlags=[]} }
04-16 21:33:12.980  2428  2428 D Navbar.Store: ----handleEvent(0) OnUpdateRemoteViewContainer(leftContainer=android.widget.LinearLayout{6a8e989 V.E...... ........ 0,0-118,135 #7f0a0597 app:id/left_remoteview}, rightContainer=android.widget.LinearLayout{6095d8e I.E...... ......ID 962,0-1080,135 #7f0a08aa app:id/right_remoteview}, contextualButtonVisible=false, darkIntensity=0.0, displayId=0) [Module] SamsungNavigationBarView
04-16 21:33:12.980  2428  2428 D Navbar.Store: ------[Band]REMOTE_VIEW_PACK_SET_REMOTEVIEW_CONTAINER
04-16 21:33:12.980  2428  2428 D Navbar.Store: --------apply(0) NavBarStoreAction$UpdateRemoteViewContainer
04-16 21:33:12.980 17420 17420 I InsetsSourceConsumer: applyRequestedVisibilityToControl: visible=true, type=navigationBars, host=com.ismailjamal.bedrockrelay/com.ismailjamal.bedrockrelay.MainActivity
04-16 21:33:12.980  2428  2428 D Navbar.Store: --------apply(0) NavBarStoreAction$UpdateRemoteViewDarkIntensity
04-16 21:33:12.980  2428  2428 D Navbar.Store: handleEvent(0) OnUpdateSysUiStateFlag(noArguments=true) [Module] SamsungNavigationBarView
04-16 21:33:12.980  2428  2428 D Navbar.Store: --[Band]GESTURE_PACK_UPDATE_SYSTEMUI_STATE_FLAG
04-16 21:33:12.980  2428  2428 D Navbar.Store: --[Band] (afterAction) GESTURE_PACK_UPDATE_SYSTEMUI_STATE_FLAG
04-16 21:33:12.980  2428  2428 D SysUiState: SysUiState changed: old=0x10060000 new=0x10020000
04-16 21:33:12.981 17420 17420 I ViewRootImpl@cd32dfb[MainActivity]: handleResized, msg = 4 frames=ClientWindowFrames{frame=[0,0][1080,2400] display=[0,0][1080,2400] parentFrame=[0,0][0,0]} forceNextWindowRelayout=false displayId=0 dragResizing=false compatScale=1.0 frameChanged=false attachedFrameChanged=false configChanged=false displayChanged=false compatScaleChanged=false
04-16 21:33:12.981 17420 17420 W WindowOnBackDispatcher: sendCancelIfRunning: isInProgress=falsecallback=ImeCallback=ImeOnBackInvokedCallback@267378922 Callback=android.window.IOnBackInvokedCallback$Stub$Proxy@cba9b0e
04-16 21:33:12.982  2924 16477 I HoneySpace.SystemUiRepository: systemUiFlags: allow_gesture|awake
04-16 21:33:12.982  1670  4763 D CoreBackPreview: Window{8314d4 u0 com.ismailjamal.bedrockrelay/com.ismailjamal.bedrockrelay.MainActivity}: Setting back callback OnBackInvokedCallbackInfo{mCallback=android.window.IOnBackInvokedCallback$Stub$Proxy@afb23cf, mPriority=0, mIsAnimationCallback=false}
04-16 21:33:12.983  2924  2996 I HoneySpace.TaskbarEventTracker: invokeEvent() called with: event = SystemUiStateChanged(stateFlags=268566528)
04-16 21:33:12.984  2428  2428 D NavigationModeController: getCurrentUserContext: contextUser=0 currentUser=0
04-16 21:33:12.984  7919 17565 I HBD     : m1 requestCursorUpdates(0),  28
04-16 21:33:12.986  2428  2428 D NavigationModeController: getCurrentUserContext: contextUser=0 currentUser=0
04-16 21:33:12.987  2428  2428 D NavigationModeController: getCurrentUserContext: contextUser=0 currentUser=0
04-16 21:33:12.988  2428  2428 D NavigationModeController: getCurrentUserContext: contextUser=0 currentUser=0
04-16 21:33:12.989  2428  2428 D NavigationModeController: getCurrentUserContext: contextUser=0 currentUser=0
04-16 21:33:12.990  2428  2428 I ViewRootImpl@6a89f78[StatusBar]: handleResized, msg = 4 frames=ClientWindowFrames{frame=[0,0][1080,80] display=[0,0][1080,2400] parentFrame=[0,0][0,0]} forceNextWindowRelayout=false displayId=0 dragResizing=false compatScale=1.0 frameChanged=false attachedFrameChanged=false configChanged=false displayChanged=false compatScaleChanged=false
04-16 21:33:12.990  2428  2428 I ViewRootImpl@3b6baee[NavigationBar0]: handleResized, msg = 4 frames=ClientWindowFrames{frame=[0,2265][1080,2400] display=[0,0][1080,2400] parentFrame=[0,0][0,0]} forceNextWindowRelayout=false displayId=0 dragResizing=false compatScale=1.0 frameChanged=false attachedFrameChanged=false configChanged=false displayChanged=false compatScaleChanged=false
04-16 21:33:12.990  2428  2428 D NavigationBarController: setNavigationBarShortcut requestClass : com.samsung.android.honeyboard, remoteViews : null, position : 0, priority : 12
04-16 21:33:12.990  2428  2428 D Navbar.Store: handleEvent(0) OnSetRemoteView(requestClass=com.samsung.android.honeyboard, remoteViews=null, position=0, priority=12) [Module] NavigationBarController
04-16 21:33:12.990  2428  2428 D Navbar.Store: --[Band]REMOTE_VIEW_PACK_SET_NAVBAR_SHORTCUT_TO_MANAGER
04-16 21:33:12.990  2428  2428 D Navbar.Store: ----apply(0) NavBarStoreAction$UpdateRemoteViewShortcut
04-16 21:33:12.990  2428  2428 D Navbar.Store: --[Band]GESTURE_PACK_UPDATE_GAMETOOLS_VISIBILITY
04-16 21:33:12.990  2428  2428 D Navbar.Store: --NavBarStates(0) isGameMode: false
04-16 21:33:12.990  2428  2428 D Navbar.Store: ----apply(0) NavBarStoreAction$UpdateSysUiFlags
04-16 21:33:12.990  2428  2428 D Navbar.Store: ----set 4294967296 : false
04-16 21:33:12.990  2428  2428 D Navbar.Store: --[Band]REMOTE_VIEW_PACK_SET_NAVBAR_SHORTCUT_TO_MANAGER
04-16 21:33:12.990  2428  2428 D Navbar.Store: ----apply(0) NavBarStoreAction$InvalidateRemoteView
04-16 21:33:12.990  2428  2428 D Navbar.Store: ----handleEvent(0) OnUpdateRemoteViewContainer(leftContainer=android.widget.LinearLayout{6a8e989 V.E...... ......ID 0,0-118,135 #7f0a0597 app:id/left_remoteview}, rightContainer=android.widget.LinearLayout{6095d8e I.E...... ......ID 962,0-1080,135 #7f0a08aa app:id/right_remoteview}, contextualButtonVisible=false, darkIntensity=0.0, displayId=0) [Module] SamsungNavigationBarView
04-16 21:33:12.990  2428  2428 D Navbar.Store: ------[Band]REMOTE_VIEW_PACK_SET_REMOTEVIEW_CONTAINER
04-16 21:33:12.990  2428  2428 D Navbar.Store: --------apply(0) NavBarStoreAction$UpdateRemoteViewContainer
04-16 21:33:12.990  2428  2428 D Navbar.Store: --------apply(0) NavBarStoreAction$UpdateRemoteViewDarkIntensity
04-16 21:33:12.992  2428  2428 I BLASTBufferQueue_Java: update, w= 1080 h= 135 mName = ViewRootImpl@3b6baee[NavigationBar0] mNativeObject= 0xb400007450cc3eb0 sc.mNativeObject= 0xb4000074a0d0a510 format= -3 caller= android.view.ViewRootImpl.updateBlastSurfaceIfNeeded:3017 android.view.ViewRootImpl.relayoutWindow:10131 android.view.ViewRootImpl.performTraversals:4110 android.view.ViewRootImpl.doTraversal:3288 android.view.ViewRootImpl$TraversalRunnable.run:11344 android.view.Choreographer$CallbackRecord.run:1689 
04-16 21:33:12.992  1670  3172 V WindowManager: Relayout Window{7538e8e u0 NavigationBar0}: viewVisibility=0 req=1080x135 ty=2019 d0
04-16 21:33:12.992  2428  2428 I ViewRootImpl@3b6baee[NavigationBar0]: Relayout returned: old=(0,2265,1080,2400) new=(0,2265,1080,2400) relayoutAsync=true req=(1080,135)0 dur=0 res=0x0 s={true 0xb400007490cbb5b0} ch=false seqId=37
04-16 21:33:12.992  2428  2428 I ViewRootImpl@3b6baee[NavigationBar0]: registerCallbackForPendingTransactions
04-16 21:33:12.992  2428  2428 D Navbar.Store: --------NavBarStates(0) canUseNavBarBackgroundFrame: false
04-16 21:33:12.993  2428  3270 I ViewRootImpl@3b6baee[NavigationBar0]: mWNT: t=0xb4000074b0d30210 mBlastBufferQueue=0xb400007450cc3eb0 fn= 20418 mRenderHdrSdrRatio=1.0 caller= android.view.ViewRootImpl$6.onFrameDraw:5635 android.view.ViewRootImpl$2.onFrameDraw:2146 android.view.ThreadedRenderer$1.onFrameDraw:792 
04-16 21:33:12.994  1670  3172 V WindowManager: Relayout hash=7538e8e, pid=0, syncId=-1: mAttrs={(0,0)(fillx135) gr=BOTTOM CENTER_VERTICAL sim={adjust=pan} layoutInDisplayCutoutMode=always ty=NAVIGATION_BAR fmt=TRANSLUCENT
04-16 21:33:12.994  1670  3172 V WindowManager:   fl=20840028
04-16 21:33:12.994  1670  3172 V WindowManager:   pfl=33001000
04-16 21:33:12.994  1670  3172 V WindowManager:   bhv=DEFAULT
04-16 21:33:12.994  1670  3172 V WindowManager:   providedInsets:
04-16 21:33:12.994  1670  3172 V WindowManager:     InsetsFrameProvider: {id=#e0970001, index=0, type=navigationBars, source=FRAME, flags=[], insetsSize=Insets{left=0, top=0, right=0, bottom=135}, insetsSizeOverrides=[TypedInsetsSize: {windowType=INPUT_METHOD, insetsSize=null}]}
04-16 21:33:12.994  1670  3172 V WindowManager:     InsetsFrameProvider: {id=#e0970006, index=0, type=tappableElement, source=FRAME, flags=[]}
04-16 21:33:12.994  1670  3172 V WindowManager:     InsetsFrameProvider: {id=#e0970005, index=0, type=mandatorySystemGestures, source=FRAME, flags=[]}
04-16 21:33:12.994  1670  3172 V WindowManager:     InsetsFrameProvider: {id=#e0970004, index=0, type=systemGestures, source=DISPLAY, flags=[], insetsSize=Insets{left=0, top=0, right=0, bottom=0}, mMinimalInsetsSizeInDisplayCutoutSafe=Insets{left=0, top=0, right=0, bottom=0}}
04-16 21:33:12.994  1670  3172 V WindowManager:     InsetsFrameProvider: {id=#e0970024, index=1, type=systemGestures, source=DISPLAY, flags=[], insetsSize=Insets{left=0, top=0, right=0, bottom=0}, mMinimalInsetsSizeInDisplayCutoutSafe=Insets{left=0, top=0, right=0, bottom=0}}
04-16 21:33:12.994  1670  3172 V WindowManager:   paramsForRotation:
04-16 21:33:12.994  1670  3172 V WindowManager:     ROTATION_0={(0,0)(fillx135) gr=BOTTOM CENTER_VERTICAL layoutInDisplayCutoutMode=always ty=NAVIGATION_BAR fmt=TRANSLUCENT
04-16 21:33:12.994  1670  3172 V WindowManager:       fl=20840028
04-16 21:33:12.994  1670  3172 V WindowManager:       pfl=31001000
04-16 21:33:12.994  1670  3172 V WindowManager:       bhv=DEFAULT
04-16 21:33:12.994  1670  3172 V WindowManager:       providedInsets:
04-16 21:33:12.994  1670  3172 V WindowManager:         InsetsFrameProvider: {id=#e0970001, index=0, type=navigationBars, source=FRAME, flags=[], insetsSize=Insets{left=0, top=0, right=0, bottom=135}, insetsSizeOverrides=[TypedInsetsSize: {windowType=INPUT_METHOD, insetsSize=null}]}
04-16 21:33:12.994  1670  3172 V WindowManager:         InsetsFrameProvider: {id=#e0970006, index=0, type=tappableElement, source=FRAME, flags=[]}
04-16 21:33:12.994  1670  3172 V WindowManager:         InsetsFrameProvider: {id=#e0970005, index=0, type=mandatorySystemGestures, source=FRAME, flags=[]}
04-16 21:33:12.994  1670  3172 V WindowManager:         InsetsFrameProvider: {id=#e0970004, index=0, type=systemGestures, source=DISPLAY, flags=[], insetsSize=Insets{left=0, top=0, right=0, bottom=0}, mMinimalInsetsSizeInDisplayCutoutSafe=Insets{left=0, top=0, right=0, bottom=0}}
04-16 21:33:12.994  1670  3172 V WindowManager:         InsetsFrameProvider: {id=#e0970024, index=1, type=systemGestures, source=DISPLAY, flags=[], insetsSize=Insets{left=0, top=0, right=0, bottom=0}, mMinimalInsetsSizeInDisplayCutoutSafe=Insets{left=0, top=0, right=0, bottom=0}} naviIconColor=0}
04-16 21:33:12.994  1670  3172 V WindowManager:     ROTATION_90={(0,0)(135xfill) gr=RIGHT CENTER_HORIZONTAL layoutInDisplayCutoutMode=always ty=NAVIGATION_BAR fmt=TRANSLUCENT
04-16 21:33:12.994  1670  3172 V WindowManager:       fl=20840028
04-16 21:33:12.994  1670  3172 V WindowManager:       pfl=31001000
04-16 21:33:12.994  1670  3172 V WindowManager:       bhv=DEFAULT
04-16 21:33:12.994  1670  3172 V WindowManager:       providedInsets:
04-16 21:33:12.994  1670  3172 V WindowManager:         InsetsFrameProvider: {id=#e0970001, index=0, type=navigationBars, source=FRAME, flags=[], insetsSizeOverrides=[TypedInsetsSize: {windowType=INPUT_METHOD, insetsSize=null}]}
04-16 21:33:12.994  1670  3172 V WindowManager:         InsetsFrameProvider: {id=#e0970006, index=0, type=tappableElement, source=FRAME, flags=[]}
04-16 21:33:12.994  1670  3172 V WindowManager:         InsetsFrameProvider: {id=#e0970005, index=0, type=mandatorySystemGestures, source=FRAME, flags=[]}
04-16 21:33:12.994  1670  3172 V WindowManager:         InsetsFrameProvider: {id=#e0970004, index=0, type=systemGestures, source=DISPLAY, flags=[], insetsSize=Insets{left=0, top=0, right=0, bottom=0}, mMinimalInsetsSizeInDisplayCutoutSafe=Insets{left=0, top=0, right=0, bottom=0}}
04-16 21:33:12.994  1670  3172 V WindowManager:         InsetsFrameProvider: {id=#e0970024, index=1, type=systemGestures, source=DISPLAY, flags=[], insetsSize=Insets{left=0, top=0, right=0, bottom=0}, mMinimalInsetsSizeInDisplayCutoutSafe=Insets{left=0, top=0, right=0, bottom=0}} naviIconColor=0}
04-16 21:33:12.994  1670  3172 V WindowManager:     ROTATION_180={(0,0)(fillx135) gr=BOTTOM CENTER_VERTICAL layoutInDisplayCutoutMode=always ty=NAVIGATION_BAR fmt=TRANSLUCENT
04-16 21:33:12.994  1670  3172 V WindowManager:       fl=20840028
04-16 21:33:12.994  1670  3172 V WindowManager:       pfl=31001000
04-16 21:33:12.994  1670  3172 V WindowManager:       bhv=DEFAULT
04-16 21:33:12.994  1670  3172 V WindowManager:       providedInsets:
04-16 21:33:12.994  1670  3172 V WindowManager:         InsetsFrameProvider: {id=#e0970001, index=0, type=navigationBars, source=FRAME, flags=[], insetsSize=Insets{left=0, top=0, right=0, bottom=135}, insetsSizeOverrides=[TypedInsetsSize: {windowType=INPUT_METHOD, insetsSize=null}]}
04-16 21:33:12.994  1670  3172 V WindowManager:         InsetsFrameProvider: {id=#e0970006, index=0, type=tappableElement, source=FRAME, flags=[]}
04-16 21:33:12.994  1670  3172 V WindowManager:         InsetsFrameProvider: {id=#e0970005, index=0, type=mandatorySystemGestures, source=FRAME, flags=[]}
04-16 21:33:12.995  1670  3172 V WindowManager:         InsetsFrameProvider: {id=#e0970004, index=0, type=systemGestures, source=DISPLAY, flags=[], insetsSize=Insets{left=0, top=0, right=0, bottom=0}, mMinimalInsetsSizeInDisplayCutoutSafe=Insets{left=0, top=0, right=0, bottom=0}}
04-16 21:33:12.995  1670  3172 V WindowManager:         InsetsFrameProvider: {id=#e0970024, index=1, type=systemGestures, source=DISPLAY, flags=[], insetsSize=Insets{left=0, top=0, right=0, bottom=0}, mMinimalInsetsSizeInDisplayCutoutSafe=Insets{left=0, top=0, right=0, bottom=0}} naviIconColor=0}
04-16 21:33:12.995  1670  3172 V WindowManager:     ROTATION_270={(0,0)(135xfill) gr=LEFT CENTER_HORIZONTAL layoutInDisplayCutoutMode=always ty=NAVIGATION_BAR fmt=TRANSLUCENT
04-16 21:33:12.995  1670  3172 V WindowManager:       fl=20840028
04-16 21:33:12.995  1670  3172 V WindowManager:       pfl=31001000
04-16 21:33:12.995  1670  3172 V WindowManager:       bhv=DEFAULT
04-16 21:33:12.995  1670  3172 V WindowManager:       providedInsets:
04-16 21:33:12.995  1670  3172 V WindowManager:         InsetsFrameProvider: {id=#e0970001, index=0, type=navigationBars, source=FRAME, flags=[], insetsSizeOverrides=[TypedInsetsSize: {windowType=INPUT_METHOD, insetsSize=null}]}
04-16 21:33:12.995  1670  3172 V WindowManager:         InsetsFrameProvider: {id=#e0970006, index=0, type=tappableElement, source=FRAME, flags=[]}
04-16 21:33:12.995  1670  3172 V WindowManager:         InsetsFrameProvider: {id=#e0970005, index=0, type=mandatorySystemGestures, source=FRAME, flags=[]}
04-16 21:33:12.995  1670  3172 V WindowManager:         InsetsFrameProvider: {id=#e0970004, index=0, type=systemGestures, source=DISPLAY, flags=[], insetsSize=Insets{left=0, top=0, right=0, bottom=0}, mMinimalInsetsSizeInDisplayCutoutSafe=Insets{left=0, top=0, right=0, bottom=0}}
04-16 21:33:12.995  1670  3172 V WindowManager:         InsetsFrameProvider: {id=#e0970024, index=1, type=systemGestures, source=DISPLAY, flags=[], insetsSize=Insets{left=0, top=0, right=0, bottom=0}, mMinimalInsetsSizeInDisplayCutoutSafe=Insets{left=0, top=0, right=0, bottom=0}} naviIconColor=0} naviIconColor=0}
04-16 21:33:13.062  7919 31403 I HBD     : i [SKE_LM] writeDynamicModel
04-16 21:33:13.071  1670  1845 W PackageManager: Not removing package com.google.android.trichromelibrary hosting lib com.google.android.trichromelibrary version 636715933 used by [VersionedPackage[com.android.chrome/636715933]] for user 0
04-16 21:33:13.095  1670  2028 D VibratorManagerService: Vibration 7621 finished with EndInfo{status=FINISHED, endedBy=null}
04-16 21:33:13.095  1670  2028 D VibratorManagerService: Reporting vibration 7621 finished with EndInfo{status=FINISHED, endedBy=null}
04-16 21:33:13.095  1670  2028 D VibratorManagerService: Vibration for uid=1000 and with attrs=VibrationAttributes: Usage=TOUCH Audio Usage= USAGE_UNKNOWN tags= Flags=0 ended with status FINISHED
04-16 21:33:13.095  1325  1325 E SecVibrator-HAL-AIDL-CORE: V_1_0: Vibrator off
04-16 21:33:13.096  1325  1325 E SecVibrator-HAL-AIDL-CORE: HW_API: >> writeNode node:/timed_output/vibrator/enable val:0
04-16 21:33:13.098  1325  1325 E SecVibrator-HAL-AIDL-CORE: HW_API: << writeNode node OK : 2
04-16 21:33:13.098  1670  2028 D VibratorManagerService: VibrationThread released after finished vibration
04-16 21:33:13.098  1670  2028 D VibratorManagerService: Processing VibrationThread released callback
04-16 21:33:13.157  1670  1771 I GestureDetector: handleMessage TAP
04-16 21:33:13.158  1670  1670 I GestureDetector: handleMessage TAP
04-16 21:33:13.200  1670  4763 D InputMethodManagerService: isImeSwitcherDisabledPackage : false
04-16 21:33:13.202  2428  2428 D NavigationBar: setImeWindowStatus displayId=0 vis=0 backDisposition=0 showImeSwitcher=false imeShown=false
04-16 21:33:13.227  1670  2042 D InputReader: Btn_touch(8): value=1 when=66916.700165
04-16 21:33:13.227  1670  2042 I InputReader: Touch event's action is 0x0 (id=4, t=0) [pCnt=1, s=0.12967 ] when=66916.700165
04-16 21:33:13.227  1670  2041 I InputDispatcher: Delivering touch to (2428): action: 0x4, f=0x0, d=0, '7538e8e', t=1 
04-16 21:33:13.227  1670  2041 I InputDispatcher: Delivering touch to (17420): action: 0x0, f=0x0, d=0, '8314d4 ', t=1 
04-16 21:33:13.228  2428  2428 D Navbar.Store: --------NavBarStates(0) getSpaceWidth(land: false): 118
04-16 21:33:13.228  2428  2428 D SearcleGestureHandler: allowGesture: false
04-16 21:33:13.228 17420 17420 I ViewRootImpl@cd32dfb[MainActivity]: ViewPostIme pointer 0
04-16 21:33:13.229  1670  1771 I GestureDetector: obtain mCurrentDownEvent. id: 876378388 caller: com.android.server.wm.SystemGesturesPointerEventListener.onPointerEvent:204 com.android.server.wm.PointerEventDispatcher.onInputEvent:53 android.view.InputEventReceiver.dispatchInputEvent:337 
04-16 21:33:13.229  1670  1771 I GestureDetector: obtain mCurrentDownEvent. id: 876378388 caller: com.android.server.wm.SystemPerformancePointerEventListener.onPointerEvent:89 com.android.server.wm.PointerEventDispatcher.onInputEvent:53 android.view.InputEventReceiver.dispatchInputEvent:337 
04-16 21:33:13.235  1670  1771 I GestureDetector: obtain mCurrentMotionEventRaw. action: 2 id: 852040379
04-16 21:33:13.235  1670  1771 I GestureDetector: obtain mCurrentMotionEventRaw. action: 2 id: 852040379
04-16 21:33:13.268  2924  2924 I Edge.TrayVisibilityController: getComputedTrayVisible : keyguardState = 1
04-16 21:33:13.268  2924  2924 I Edge.TrayVisibilityController: updateTrayVisible: State=1 visible=1 mCurrentVisible=1 specificMode=0
04-16 21:33:13.268  2924  2924 I Edge.TrayStateController: onNotifyUpdateTray: state=0
04-16 21:33:13.285 17420 17420 I InsetsController: cancelAnimation: types=ime, animType=1, host=com.ismailjamal.bedrockrelay/com.ismailjamal.bedrockrelay.MainActivity, from=android.view.InsetsController.notifyFinished:1748 android.view.InsetsAnimationThreadControlRunner$1.lambda$notifyFinished$0:85 android.view.InsetsAnimationThreadControlRunner$1.$r8$lambda$RAf1SfIREsj9-wH5FOigMy6eLkM:0 
04-16 21:33:13.287 17420 17420 I ImeTracker: com.ismailjamal.bedrockrelay:edcb43d6: onRequestHide at ORIGIN_CLIENT_HIDE_SOFT_INPUT reason HIDE_SOFT_INPUT_BY_INSETS_API
04-16 21:33:13.287 17420 17420 I InputMethodManager_LC: notifyImeHidden: IInputMethodManagerGlobalInvoker.hideSoftInput
04-16 21:33:13.288  1670  3172 D InputMethodManagerService: hideSoftInput
04-16 21:33:13.288  1670  3172 V InputMethodManagerService: Client requesting input be hidden
04-16 21:33:13.288  1670  3172 D InputMethodManagerService: setWindowStateInner, windowToken=android.os.BinderProxy@9817a27, state=ImeTargetWindowState{ imeToken android.os.Binder@4f37d3a imeFocusChanged false hasEditorFocused true requestedImeVisible false imeDisplayId 0 softInputModeState STATE_UNSPECIFIED|ADJUST_PAN isStartInputByGainFocus false}
04-16 21:33:13.288  1670  3172 I ImeTracker: com.ismailjamal.bedrockrelay:edcb43d6: onCancelled at PHASE_SERVER_SHOULD_HIDE
04-16 21:33:13.288  1670  3172 V InputMethodManagerService: hideCurrentInputLocked : canceled, shouldHideSoftInput=false, mInputShown=false, mImeWindowVis=0
04-16 21:33:13.289 17420 17420 I ImeTracker: com.ismailjamal.bedrockrelay:12bae143: onHidden
04-16 21:33:13.291  7919  7919 I InputMethodService: scheduleImeSurfaceRemoval: removeImeSurface is posted.
04-16 21:33:13.299  1360  1360 I Layer   : Layer [Surface(name=4d94592 InputMethod)/@0xf377360 - animation-leash of insets_animation#19210] hidden!! flag(1)
04-16 21:33:13.307  1360  1360 D SurfaceFlinger: Display 4633128672291735937 HWC layers:
04-16 21:33:13.307  1360  1360 D SurfaceFlinger:      DEVICE | 0xb400007b47b6bdd0 | 0102 | RGBA_8888    |    0.0    0.0 1080.0 2400.0 |    0    0 1080 2400 | com.ismailjamal.bedrockrelay/com.ism[...]drockrelay.MainActivity$_17420#19203
