04-16 17:04:00.851  1670  1771 I GestureDetector: obtain mCurrentDownEvent. id: 913005077 caller: com.android.server.wm.SystemPerformancePointerEventListener.onPointerEvent:89 com.android.server.wm.PointerEventDispatcher.onInputEvent:53 android.view.InputEventReceiver.dispatchInputEvent:337 
04-16 17:04:00.852  2428  2428 D SearcleGestureHandler: allowGesture: false
04-16 17:04:00.858  1670  1771 I GestureDetector: obtain mCurrentMotionEventRaw. action: 2 id: 190654300
04-16 17:04:00.858  1670  1771 I GestureDetector: obtain mCurrentMotionEventRaw. action: 2 id: 190654300
04-16 17:04:00.923  1670  2042 D InputReader: Btn_touch(8): value=0 when=50765.308641
04-16 17:04:00.923  1670  2042 I InputReader: Touch event's action is 0x1 (id=4, t=0) [pCnt=1, s=] when=50765.308641
04-16 17:04:00.924  1670  2041 I InputDispatcher: Delivering touch to (10551): action: 0x1, f=0x0, d=0, '7c67f7a', t=1 
04-16 17:04:00.924 10551 10551 I ViewRootImpl@cd32dfb[MainActivity]: ViewPostIme pointer 1
04-16 17:04:00.926 10551 10551 D PhantomViewModel: Attempting to start proxy with args: [-server 192.168.1.224:19132]
04-16 17:04:00.926 10551 10551 D PhantomViewModel: UI LOG: Attempting to start proxy...
04-16 17:04:00.926 10551 10551 D PhantomViewModel: UI LOG: Arguments: -server 192.168.1.224:19132
04-16 17:04:00.927  1670  3511 I ActivityManager: Background started FGS: Allowed [callingPackage: com.ismailjamal.bedrockrelay; callingUid: 10379; uidState: TOP ; uidBFSL: [BFSL]; intent: Intent { cmp=com.ismailjamal.bedrockrelay/.PhantomService (has extras) }; code:PROC_STATE_TOP; tempAllowListReason:<null>; targetSdkVersion:35; callerTargetSdkVersion:35; startForegroundCount:76; bindFromPackage:null: isBindService:false]
04-16 17:04:00.929 10551 10551 D PhantomViewModel: UI LOG: Proxy start command sent successfully.
04-16 17:04:00.934 10551 10551 D PhantomService: Service onStartCommand received - Action: null
04-16 17:04:00.937  2428  3184 D SecFgsManagerController: onForegroundStateChanged: [dialog:false]:[isForeground:true]:[packageName:com.ismailjamal.bedrockrelay]:[token:android.os.BinderProxy@7503abb]:[userId:0]
04-16 17:04:00.938 10551 10551 I PhantomService: Processing START command.
04-16 17:04:00.938 10551 10551 D PhantomService: SERVICE LOG: Received start request:
04-16 17:04:00.939 10551 10551 D PhantomService: SERVICE LOG:   Args: [-server 192.168.1.224:19132]
04-16 17:04:00.939 10551 10653 D PhantomRepository: Entering getBinaryFile
04-16 17:04:00.940 10551 10653 D PhantomRepository: Copying binary to native library directory
04-16 17:04:00.940 10551 10653 E PhantomRepository: Error copying binary file
04-16 17:04:00.940 10551 10653 E PhantomRepository: java.io.FileNotFoundException: /data/app/~~ETLCI8rzuiASzPd2nPdOYA==/com.ismailjamal.bedrockrelay-gMfXCgOVJmsFxQ7UFrnPkA==/lib/arm64/phantom: open failed: EACCES (Permission denied)
04-16 17:04:00.940 10551 10653 E PhantomRepository: 	at libcore.io.IoBridge.open(IoBridge.java:574)
04-16 17:04:00.940 10551 10653 E PhantomRepository: 	at java.io.FileOutputStream.<init>(FileOutputStream.java:259)
04-16 17:04:00.940 10551 10653 E PhantomRepository: 	at java.io.FileOutputStream.<init>(FileOutputStream.java:208)
04-16 17:04:00.940 10551 10653 E PhantomRepository: 	at com.ismailjamal.bedrockrelay.PhantomRepository.getBinaryFile-d1pmJ48(PhantomRepository.kt:73)
04-16 17:04:00.940 10551 10653 E PhantomRepository: 	at com.ismailjamal.bedrockrelay.PhantomService$startProcess$1.invokeSuspend(PhantomService.kt:177)
04-16 17:04:00.940 10551 10653 E PhantomRepository: 	at kotlin.coroutines.jvm.internal.BaseContinuationImpl.resumeWith(ContinuationImpl.kt:33)
04-16 17:04:00.940 10551 10653 E PhantomRepository: 	at kotlinx.coroutines.DispatchedTask.run(DispatchedTask.kt:108)
04-16 17:04:00.940 10551 10653 E PhantomRepository: 	at kotlinx.coroutines.internal.LimitedDispatcher$Worker.run(LimitedDispatcher.kt:115)
04-16 17:04:00.940 10551 10653 E PhantomRepository: 	at kotlinx.coroutines.scheduling.TaskImpl.run(Tasks.kt:103)
04-16 17:04:00.940 10551 10653 E PhantomRepository: 	at kotlinx.coroutines.scheduling.CoroutineScheduler.runSafely(CoroutineScheduler.kt:584)
04-16 17:04:00.940 10551 10653 E PhantomRepository: 	at kotlinx.coroutines.scheduling.CoroutineScheduler$Worker.executeTask(CoroutineScheduler.kt:793)
04-16 17:04:00.940 10551 10653 E PhantomRepository: 	at kotlinx.coroutines.scheduling.CoroutineScheduler$Worker.runWorker(CoroutineScheduler.kt:697)
04-16 17:04:00.940 10551 10653 E PhantomRepository: 	at kotlinx.coroutines.scheduling.CoroutineScheduler$Worker.run(CoroutineScheduler.kt:684)
04-16 17:04:00.940 10551 10653 E PhantomRepository: Caused by: android.system.ErrnoException: open failed: EACCES (Permission denied)
04-16 17:04:00.940 10551 10653 E PhantomRepository: 	at libcore.io.Linux.open(Native Method)
04-16 17:04:00.940 10551 10653 E PhantomRepository: 	at libcore.io.ForwardingOs.open(ForwardingOs.java:563)
04-16 17:04:00.940 10551 10653 E PhantomRepository: 	at libcore.io.BlockGuardOs.open(BlockGuardOs.java:274)
04-16 17:04:00.940 10551 10653 E PhantomRepository: 	at libcore.io.ForwardingOs.open(ForwardingOs.java:563)
04-16 17:04:00.940 10551 10653 E PhantomRepository: 	at android.app.ActivityThread$AndroidOs.open(ActivityThread.java:8782)
04-16 17:04:00.940 10551 10653 E PhantomRepository: 	at libcore.io.IoBridge.open(IoBridge.java:560)
04-16 17:04:00.940 10551 10653 E PhantomRepository: 	... 12 more
04-16 17:04:00.941 10551 10653 E PhantomService: Failed to get binary file from repository
04-16 17:04:00.941 10551 10653 E PhantomService: java.io.FileNotFoundException: /data/app/~~ETLCI8rzuiASzPd2nPdOYA==/com.ismailjamal.bedrockrelay-gMfXCgOVJmsFxQ7UFrnPkA==/lib/arm64/phantom: open failed: EACCES (Permission denied)
04-16 17:04:00.941 10551 10653 E PhantomService: 	at libcore.io.IoBridge.open(IoBridge.java:574)
04-16 17:04:00.941 10551 10653 E PhantomService: 	at java.io.FileOutputStream.<init>(FileOutputStream.java:259)
04-16 17:04:00.941 10551 10653 E PhantomService: 	at java.io.FileOutputStream.<init>(FileOutputStream.java:208)
04-16 17:04:00.941 10551 10653 E PhantomService: 	at com.ismailjamal.bedrockrelay.PhantomRepository.getBinaryFile-d1pmJ48(PhantomRepository.kt:73)
04-16 17:04:00.941 10551 10653 E PhantomService: 	at com.ismailjamal.bedrockrelay.PhantomService$startProcess$1.invokeSuspend(PhantomService.kt:177)
04-16 17:04:00.941 10551 10653 E PhantomService: 	at kotlin.coroutines.jvm.internal.BaseContinuationImpl.resumeWith(ContinuationImpl.kt:33)
04-16 17:04:00.941 10551 10653 E PhantomService: 	at kotlinx.coroutines.DispatchedTask.run(DispatchedTask.kt:108)
04-16 17:04:00.941 10551 10653 E PhantomService: 	at kotlinx.coroutines.internal.LimitedDispatcher$Worker.run(LimitedDispatcher.kt:115)
04-16 17:04:00.941 10551 10653 E PhantomService: 	at kotlinx.coroutines.scheduling.TaskImpl.run(Tasks.kt:103)
04-16 17:04:00.941 10551 10653 E PhantomService: 	at kotlinx.coroutines.scheduling.CoroutineScheduler.runSafely(CoroutineScheduler.kt:584)
04-16 17:04:00.941 10551 10653 E PhantomService: 	at kotlinx.coroutines.scheduling.CoroutineScheduler$Worker.executeTask(CoroutineScheduler.kt:793)
04-16 17:04:00.941 10551 10653 E PhantomService: 	at kotlinx.coroutines.scheduling.CoroutineScheduler$Worker.runWorker(CoroutineScheduler.kt:697)
04-16 17:04:00.941 10551 10653 E PhantomService: 	at kotlinx.coroutines.scheduling.CoroutineScheduler$Worker.run(CoroutineScheduler.kt:684)
04-16 17:04:00.941 10551 10653 E PhantomService: Caused by: android.system.ErrnoException: open failed: EACCES (Permission denied)
04-16 17:04:00.941 10551 10653 E PhantomService: 	at libcore.io.Linux.open(Native Method)
04-16 17:04:00.941 10551 10653 E PhantomService: 	at libcore.io.ForwardingOs.open(ForwardingOs.java:563)
04-16 17:04:00.941 10551 10653 E PhantomService: 	at libcore.io.BlockGuardOs.open(BlockGuardOs.java:274)
04-16 17:04:00.941 10551 10653 E PhantomService: 	at libcore.io.ForwardingOs.open(ForwardingOs.java:563)
04-16 17:04:00.941 10551 10653 E PhantomService: 	at android.app.ActivityThread$AndroidOs.open(ActivityThread.java:8782)
04-16 17:04:00.941 10551 10653 E PhantomService: 	at libcore.io.IoBridge.open(IoBridge.java:560)
04-16 17:04:00.941 10551 10653 E PhantomService: 	... 12 more
04-16 17:04:00.941 10551 10653 D PhantomService: SERVICE LOG: Error: Failed to get binary file: /data/app/~~ETLCI8rzuiASzPd2nPdOYA==/com.ismailjamal.bedrockrelay-gMfXCgOVJmsFxQ7UFrnPkA==/lib/arm64/phantom: open failed: EACCES (Permission denied)
04-16 17:04:00.941 10551 10551 I NotificationManager: com.ismailjamal.bedrockrelay: notify(1, null, Notification(channel=phantom_service_channel shortcut=null contentView=null vibrate=null sound=null defaults=0x0 flags=0x2 color=0x00000000 vis=PRIVATE semFlags=0x0 semPriority=0 semMissedCount=0)) as user
04-16 17:04:00.944  1670  1670 E NotificationService: Package enqueue rate is 5.8310604. Shedding 0|com.ismailjamal.bedrockrelay|1|null|10379. package=com.ismailjamal.bedrockrelay
04-16 17:04:00.944 10551 10653 I PhantomService: Stopping process and service.
04-16 17:04:00.944 10551 10551 D PhantomService: Notification updated: Proxy running...
04-16 17:04:00.947 10551 10649 D PhantomService: Stop command issued, but process was not running.
04-16 17:04:00.948 10551 10653 D PhantomService: Process coroutine finished.
04-16 17:04:00.949  2428  3184 D SecFgsManagerController: updateUiControl[com.ismailjamal.bedrockrelay]: -1
04-16 17:04:00.950  2428  3184 D SecFgsManagerController: updateNumberOfVisibleRunningPackagesLocked: 2
04-16 17:04:00.950  2428  3184 D SecFgsManagerController: onForegroundStateChanged: [dialog:false]:[isForeground:false]:[packageName:com.ismailjamal.bedrockrelay]:[token:android.os.BinderProxy@7503abb]:[userId:0]
04-16 17:04:00.950  2428  3184 D SecFgsManagerController: updateNumberOfVisibleRunningPackagesLocked: 1
04-16 17:04:00.962  1670  1670 D NotificationService: CancelNotificationRunnable end r = 0|com.ismailjamal.bedrockrelay|1|null|10379, reason = 8
04-16 17:04:00.962  1670  1670 D SmartAlertController: SmartAlert - Found Missed Event
04-16 17:04:01.055  2840  3426 D ScanFilter: manu data matches
04-16 17:04:01.055  2840  3426 D BtGatt.GattService: onScanResult to scannerId: 2- eventType=0x10, addressType=0, address=XX:XX:XX:XX:C4:4B, primaryPhy=1, secondaryPhy=0, advertisingSid=0xff, txPower=127, rssi=-66, periodicAdvInt=0x0
04-16 17:04:01.058  7147 10900 I [+0100]oneconnect[1.8.21.28_01][CORE]: BleParserForVD.parseTvPacket - |name:($)-[(15)|deviceType:TV|discoverType:_BLE|services:None|connected:false[TvStatusString]POWER_OFF[TvStatus]-128[TvService]102[TvMirrorChannel]1[TvRegisteredDB][114, -99, 0, 0, 0, 0][TvYear]2016[TvOcfInfo]0[TvAcmStatus]0[ExTvStatus]0[ExtendedStatus]-1[ModuloSn]-1
04-16 17:04:01.143  1670  1670 I Telecom:SamsungTelecomServiceImpl: isInManagedCall - callingPackage : android / callingUser : UserHandle{0} / hasCrossUserAccess : true
04-16 17:04:01.144  1670  1670 I NotificationService: Cannot find enqueued record for key: 0|com.ismailjamal.bedrockrelay|1|null|10379
04-16 17:04:01.151  1670  1670 I GestureDetector: handleMessage TAP
04-16 17:04:01.152  1670  1771 I GestureDetector: handleMessage TAP
04-16 17:04:01.214  2840  3426 D ScanFilter: manu data matches
04-16 17:04:01.214  2840  3426 D BtGatt.GattService: onScanResult to scannerId: 2- eventType=0x10, addressType=0, address=XX:XX:XX:XX:C4:4B, primaryPhy=1, secondaryPhy=0, advertisingSid=0xff, txPower=127, rssi=-66, periodicAdvInt=0x0
04-16 17:04:01.217  7147 10900 I [+0100]oneconnect[1.8.21.28_01][CORE]: BleParserForVD.parseTvPacket - |name:($)-[(15)|deviceType:TV|discoverType:_BLE|services:None|connected:false[TvStatusString]POWER_OFF[TvStatus]-128[TvService]102[TvMirrorChannel]1[TvRegisteredDB][114, -99, 0, 0, 0, 0][TvYear]2016[TvOcfInfo]0[TvAcmStatus]0[ExTvStatus]0[ExtendedStatus]-1[ModuloSn]-1
04-16 17:04:01.358  1670  2042 D InputReader: Btn_touch(8): value=1 when=50765.743180
04-16 17:04:01.358  1670  2042 I InputReader: Touch event's action is 0x0 (id=4, t=0) [pCnt=1, s=0.10794 ] when=50765.743180
04-16 17:04:01.360  1670  2041 I InputDispatcher: Delivering touch to (2428): action: 0x4, f=0x0, d=0, '7538e8e', t=1 
04-16 17:04:01.360  1670  2041 I InputDispatcher: Delivering touch to (10551): action: 0x0, f=0x0, d=0, '7c67f7a', t=1 
04-16 17:04:01.360  2428  2428 D SearcleGestureHandler: allowGesture: false
04-16 17:04:01.361 10551 10551 I ViewRootImpl@cd32dfb[MainActivity]: ViewPostIme pointer 0
04-16 17:04:01.361  1670  1771 I GestureDetector: obtain mCurrentDownEvent. id: 184680518 caller: com.android.server.wm.SystemGesturesPointerEventListener.onPointerEvent:204 com.android.server.wm.PointerEventDispatcher.onInputEvent:53 android.view.InputEventReceiver.dispatchInputEvent:337 
04-16 17:04:01.361  1670  1771 I GestureDetector: obtain mCurrentDownEvent. id: 184680518 caller: com.android.server.wm.SystemPerformancePointerEventListener.onPointerEvent:89 com.android.server.wm.PointerEventDispatcher.onInputEvent:53 android.view.InputEventReceiver.dispatchInputEvent:337 
04-16 17:04:01.376  1670  1771 I GestureDetector: obtain mCurrentMotionEventRaw. action: 2 id: 620534886
04-16 17:04:01.376  1670  1771 I GestureDetector: obtain mCurrentMotionEventRaw. action: 2 id: 620534886
04-16 17:04:01.424  1670  2042 D InputReader: Btn_touch(8): value=0 when=50765.809819
04-16 17:04:01.424  1670  2042 I InputReader: Touch event's action is 0x1 (id=4, t=0) [pCnt=1, s=] when=50765.809819
04-16 17:04:01.425  1670  2041 I InputDispatcher: Delivering touch to (10551): action: 0x1, f=0x0, d=0, '7c67f7a', t=1 
04-16 17:04:01.426 10551 10551 I ViewRootImpl@cd32dfb[MainActivity]: ViewPostIme pointer 1
04-16 17:04:01.427 10551 10551 D PhantomViewModel: Sending stop command to service
04-16 17:04:01.427 10551 10551 D PhantomViewModel: UI LOG: Sending stop command to proxy service
04-16 17:04:01.429 10551 10551 D PhantomViewModel: UI LOG: Proxy stop command sent successfully.
04-16 17:04:01.434 10551 10551 D PhantomService: Service onStartCommand received - Action: STOP
04-16 17:04:01.436  1670  1701 I ActivityManager: Background started FGS: Allowed [callingPackage: com.ismailjamal.bedrockrelay; callingUid: 10379; uidState: TOP ; uidBFSL: [BFSL]; intent: Intent { act=STOP cmp=com.ismailjamal.bedrockrelay/.PhantomService }; code:PROC_STATE_TOP; tempAllowListReason:<null>; targetSdkVersion:35; callerTargetSdkVersion:35; startForegroundCount:77; bindFromPackage:null: isBindService:false]
04-16 17:04:01.437  2428  3184 D SecFgsManagerController: onForegroundStateChanged: [dialog:false]:[isForeground:true]:[packageName:com.ismailjamal.bedrockrelay]:[token:android.os.BinderProxy@7503abb]:[userId:0]
04-16 17:04:01.438 10551 10551 I PhantomService: Received STOP action.
04-16 17:04:01.438 10551 10551 D PhantomService: SERVICE LOG: Received STOP command.
04-16 17:04:01.439 10551 10551 I PhantomService: Stopping process and service.
04-16 17:04:01.439 10551 10649 D PhantomService: Stop command issued, but process was not running.
04-16 17:04:01.440  2428  3184 D SecFgsManagerController: updateUiControl[com.ismailjamal.bedrockrelay]: -1
04-16 17:04:01.440  2428  3184 D SecFgsManagerController: updateNumberOfVisibleRunningPackagesLocked: 2
04-16 17:04:01.441  2428  3184 D SecFgsManagerController: onForegroundStateChanged: [dialog:false]:[isForeground:false]:[packageName:com.ismailjamal.bedrockrelay]:[token:android.os.BinderProxy@7503abb]:[userId:0]
04-16 17:04:01.442  2428  3184 D SecFgsManagerController: updateNumberOfVisibleRunningPackagesLocked: 1
04-16 17:04:01.460  1670  1670 D NotificationService: CancelNotificationRunnable end r = 0|com.ismailjamal.bedrockrelay|1|null|10379, reason = 8
04-16 17:04:01.460  1670  1670 D SmartAlertController: SmartAlert - Found Missed Event
04-16 17:04:01.641  1670  1670 I Telecom:SamsungTelecomServiceImpl: isInManagedCall - callingPackage : android / callingUser : UserHandle{0} / hasCrossUserAccess : true
04-16 17:04:01.641  1670  1670 I NotificationService: Cannot find enqueued record for key: 0|com.ismailjamal.bedrockrelay|1|null|10379
04-16 17:04:01.661  1670  1771 I GestureDetector: handleMessage TAP
04-16 17:04:01.662  1670  1670 I GestureDetector: handleMessage TAP
04-16 17:04:01.742   675   675 D io_stats: !@   8,0 r 5039501 117366280 w 1889860 25473056 d 556341 29958328 f 0 0 iot 2746100 0 th 0 0 0 pt 0 inp 0 0 50766.127
04-16 17:04:01.743   675   675 D io_stats: !@ Read_top(KB): .gms.persistent(2984) 296 .android.chrome(6563) 28 system_server(1670) 8
04-16 17:04:01.743   675   675 D io_stats: !@ Write_top(KB): system_server(1670) 432 .android.chrome(6563) 368 kworker/u16:16(20696) 44
04-16 17:04:01.776  1670  2042 D InputReader: Btn_touch(8): value=1 when=50766.160867
04-16 17:04:01.776  1670  2042 I InputReader: Touch event's action is 0x0 (id=4, t=0) [pCnt=1, s=0.10795 ] when=50766.160867
04-16 17:04:01.777  1670  2041 I InputDispatcher: Delivering touch to (2428): action: 0x4, f=0x0, d=0, '7538e8e', t=1 
04-16 17:04:01.777  1670  2041 I InputDispatcher: Delivering touch to (10551): action: 0x0, f=0x0, d=0, '7c67f7a', t=1 
04-16 17:04:01.777 10551 10551 I ViewRootImpl@cd32dfb[MainActivity]: ViewPostIme pointer 0
04-16 17:04:01.778  1670  2041 D PowerManagerService: [api] userActivityFromNative : touch displayId=0 eventTime=50766160
04-16 17:04:01.778  1670  1771 I GestureDetector: obtain mCurrentDownEvent. id: 459533916 caller: com.android.server.wm.SystemGesturesPointerEventListener.onPointerEvent:204 com.android.server.wm.PointerEventDispatcher.onInputEvent:53 android.view.InputEventReceiver.dispatchInputEvent:337 
04-16 17:04:01.779  1670  1771 I GestureDetector: obtain mCurrentDownEvent. id: 459533916 caller: com.android.server.wm.SystemPerformancePointerEventListener.onPointerEvent:89 com.android.server.wm.PointerEventDispatcher.onInputEvent:53 android.view.InputEventReceiver.dispatchInputEvent:337 
04-16 17:04:01.783  2428  2428 D SearcleGestureHandler: allowGesture: false
04-16 17:04:01.793  1670  1771 I GestureDetector: obtain mCurrentMotionEventRaw. action: 2 id: 345336335
04-16 17:04:01.793  1670  1771 I GestureDetector: obtain mCurrentMotionEventRaw. action: 2 id: 345336335
04-16 17:04:01.821  2984 21222 I FusedLocation: (REDACTED) stationary throttling engaged @%s
04-16 17:04:01.829  2984  5040 I FusedLocation: (REDACTED) stationary throttling engaged @%s
04-16 17:04:01.859  1670  2042 D InputReader: Btn_touch(8): value=0 when=50766.244271
04-16 17:04:01.859  1670  2042 I InputReader: Touch event's action is 0x1 (id=4, t=0) [pCnt=1, s=] when=50766.244271
04-16 17:04:01.859  1670  2041 I InputDispatcher: Delivering touch to (10551): action: 0x1, f=0x0, d=0, '7c67f7a', t=1 
04-16 17:04:01.859 10551 10551 I ViewRootImpl@cd32dfb[MainActivity]: ViewPostIme pointer 1
04-16 17:04:01.860 10551 10551 D PhantomViewModel: Attempting to start proxy with args: [-server 192.168.1.224:19132]
04-16 17:04:01.860 10551 10551 D PhantomViewModel: UI LOG: Attempting to start proxy...
04-16 17:04:01.860 10551 10551 D PhantomViewModel: UI LOG: Arguments: -server 192.168.1.224:19132
04-16 17:04:01.861  1670  3511 I ActivityManager: Background started FGS: Allowed [callingPackage: com.ismailjamal.bedrockrelay; callingUid: 10379; uidState: TOP ; uidBFSL: [BFSL]; intent: Intent { cmp=com.ismailjamal.bedrockrelay/.PhantomService (has extras) }; code:PROC_STATE_TOP; tempAllowListReason:<null>; targetSdkVersion:35; callerTargetSdkVersion:35; startForegroundCount:78; bindFromPackage:null: isBindService:false]
04-16 17:04:01.862 10551 10551 D PhantomViewModel: UI LOG: Proxy start command sent successfully.
04-16 17:04:01.866 10551 10551 D PhantomService: Service onStartCommand received - Action: null
04-16 17:04:01.869  2428  3184 D SecFgsManagerController: onForegroundStateChanged: [dialog:false]:[isForeground:true]:[packageName:com.ismailjamal.bedrockrelay]:[token:android.os.BinderProxy@7503abb]:[userId:0]
04-16 17:04:01.871 10551 10551 I PhantomService: Processing START command.
04-16 17:04:01.871 10551 10551 D PhantomService: SERVICE LOG: Received start request:
04-16 17:04:01.871 10551 10551 D PhantomService: SERVICE LOG:   Args: [-server 192.168.1.224:19132]
04-16 17:04:01.872 10551 10649 D PhantomRepository: Entering getBinaryFile
04-16 17:04:01.873 10551 10551 I NotificationManager: com.ismailjamal.bedrockrelay: notify(1, null, Notification(channel=phantom_service_channel shortcut=null contentView=null vibrate=null sound=null defaults=0x0 flags=0x2 color=0x00000000 vis=PRIVATE semFlags=0x0 semPriority=0 semMissedCount=0)) as user
04-16 17:04:01.873 10551 10649 D PhantomRepository: Copying binary to native library directory
04-16 17:04:01.874  1670  1670 E NotificationService: Package enqueue rate is 5.142699. Shedding 0|com.ismailjamal.bedrockrelay|1|null|10379. package=com.ismailjamal.bedrockrelay
04-16 17:04:01.874  2428  3184 D SecFgsManagerController: updateUiControl[com.ismailjamal.bedrockrelay]: -1
04-16 17:04:01.874 10551 10551 D PhantomService: Notification updated: Proxy running...
04-16 17:04:01.874  2428  3184 D SecFgsManagerController: updateNumberOfVisibleRunningPackagesLocked: 2
04-16 17:04:01.876 10551 10649 E PhantomRepository: Error copying binary file
04-16 17:04:01.876 10551 10649 E PhantomRepository: java.io.FileNotFoundException: /data/app/~~ETLCI8rzuiASzPd2nPdOYA==/com.ismailjamal.bedrockrelay-gMfXCgOVJmsFxQ7UFrnPkA==/lib/arm64/phantom: open failed: EACCES (Permission denied)
04-16 17:04:01.876 10551 10649 E PhantomRepository: 	at libcore.io.IoBridge.open(IoBridge.java:574)
04-16 17:04:01.876 10551 10649 E PhantomRepository: 	at java.io.FileOutputStream.<init>(FileOutputStream.java:259)
04-16 17:04:01.876 10551 10649 E PhantomRepository: 	at java.io.FileOutputStream.<init>(FileOutputStream.java:208)
04-16 17:04:01.876 10551 10649 E PhantomRepository: 	at com.ismailjamal.bedrockrelay.PhantomRepository.getBinaryFile-d1pmJ48(PhantomRepository.kt:73)
04-16 17:04:01.876 10551 10649 E PhantomRepository: 	at com.ismailjamal.bedrockrelay.PhantomService$startProcess$1.invokeSuspend(PhantomService.kt:177)
04-16 17:04:01.876 10551 10649 E PhantomRepository: 	at kotlin.coroutines.jvm.internal.BaseContinuationImpl.resumeWith(ContinuationImpl.kt:33)
04-16 17:04:01.876 10551 10649 E PhantomRepository: 	at kotlinx.coroutines.DispatchedTask.run(DispatchedTask.kt:108)
04-16 17:04:01.876 10551 10649 E PhantomRepository: 	at kotlinx.coroutines.internal.LimitedDispatcher$Worker.run(LimitedDispatcher.kt:115)
04-16 17:04:01.876 10551 10649 E PhantomRepository: 	at kotlinx.coroutines.scheduling.TaskImpl.run(Tasks.kt:103)
04-16 17:04:01.876 10551 10649 E PhantomRepository: 	at kotlinx.coroutines.scheduling.CoroutineScheduler.runSafely(CoroutineScheduler.kt:584)
04-16 17:04:01.876 10551 10649 E PhantomRepository: 	at kotlinx.coroutines.scheduling.CoroutineScheduler$Worker.executeTask(CoroutineScheduler.kt:793)
04-16 17:04:01.876 10551 10649 E PhantomRepository: 	at kotlinx.coroutines.scheduling.CoroutineScheduler$Worker.runWorker(CoroutineScheduler.kt:697)
04-16 17:04:01.876 10551 10649 E PhantomRepository: 	at kotlinx.coroutines.scheduling.CoroutineScheduler$Worker.run(CoroutineScheduler.kt:684)
04-16 17:04:01.876 10551 10649 E PhantomRepository: Caused by: android.system.ErrnoException: open failed: EACCES (Permission denied)
04-16 17:04:01.876 10551 10649 E PhantomRepository: 	at libcore.io.Linux.open(Native Method)
04-16 17:04:01.876 10551 10649 E PhantomRepository: 	at libcore.io.ForwardingOs.open(ForwardingOs.java:563)
04-16 17:04:01.876 10551 10649 E PhantomRepository: 	at libcore.io.BlockGuardOs.open(BlockGuardOs.java:274)
04-16 17:04:01.876 10551 10649 E PhantomRepository: 	at libcore.io.ForwardingOs.open(ForwardingOs.java:563)
04-16 17:04:01.876 10551 10649 E PhantomRepository: 	at android.app.ActivityThread$AndroidOs.open(ActivityThread.java:8782)
04-16 17:04:01.876 10551 10649 E PhantomRepository: 	at libcore.io.IoBridge.open(IoBridge.java:560)
04-16 17:04:01.876 10551 10649 E PhantomRepository: 	... 12 more
04-16 17:04:01.878 10551 10649 E PhantomService: Failed to get binary file from repository
04-16 17:04:01.878 10551 10649 E PhantomService: java.io.FileNotFoundException: /data/app/~~ETLCI8rzuiASzPd2nPdOYA==/com.ismailjamal.bedrockrelay-gMfXCgOVJmsFxQ7UFrnPkA==/lib/arm64/phantom: open failed: EACCES (Permission denied)
04-16 17:04:01.878 10551 10649 E PhantomService: 	at libcore.io.IoBridge.open(IoBridge.java:574)
04-16 17:04:01.878 10551 10649 E PhantomService: 	at java.io.FileOutputStream.<init>(FileOutputStream.java:259)
04-16 17:04:01.878 10551 10649 E PhantomService: 	at java.io.FileOutputStream.<init>(FileOutputStream.java:208)
04-16 17:04:01.878 10551 10649 E PhantomService: 	at com.ismailjamal.bedrockrelay.PhantomRepository.getBinaryFile-d1pmJ48(PhantomRepository.kt:73)
04-16 17:04:01.878 10551 10649 E PhantomService: 	at com.ismailjamal.bedrockrelay.PhantomService$startProcess$1.invokeSuspend(PhantomService.kt:177)
04-16 17:04:01.878 10551 10649 E PhantomService: 	at kotlin.coroutines.jvm.internal.BaseContinuationImpl.resumeWith(ContinuationImpl.kt:33)
04-16 17:04:01.878 10551 10649 E PhantomService: 	at kotlinx.coroutines.DispatchedTask.run(DispatchedTask.kt:108)
04-16 17:04:01.878 10551 10649 E PhantomService: 	at kotlinx.coroutines.internal.LimitedDispatcher$Worker.run(LimitedDispatcher.kt:115)
04-16 17:04:01.878 10551 10649 E PhantomService: 	at kotlinx.coroutines.scheduling.TaskImpl.run(Tasks.kt:103)
04-16 17:04:01.878 10551 10649 E PhantomService: 	at kotlinx.coroutines.scheduling.CoroutineScheduler.runSafely(CoroutineScheduler.kt:584)
04-16 17:04:01.878 10551 10649 E PhantomService: 	at kotlinx.coroutines.scheduling.CoroutineScheduler$Worker.executeTask(CoroutineScheduler.kt:793)
04-16 17:04:01.878 10551 10649 E PhantomService: 	at kotlinx.coroutines.scheduling.CoroutineScheduler$Worker.runWorker(CoroutineScheduler.kt:697)
04-16 17:04:01.878 10551 10649 E PhantomService: 	at kotlinx.coroutines.scheduling.CoroutineScheduler$Worker.run(CoroutineScheduler.kt:684)
04-16 17:04:01.878 10551 10649 E PhantomService: Caused by: android.system.ErrnoException: open failed: EACCES (Permission denied)
04-16 17:04:01.878 10551 10649 E PhantomService: 	at libcore.io.Linux.open(Native Method)
04-16 17:04:01.878 10551 10649 E PhantomService: 	at libcore.io.ForwardingOs.open(ForwardingOs.java:563)
04-16 17:04:01.878 10551 10649 E PhantomService: 	at libcore.io.BlockGuardOs.open(BlockGuardOs.java:274)
04-16 17:04:01.878 10551 10649 E PhantomService: 	at libcore.io.ForwardingOs.open(ForwardingOs.java:563)
04-16 17:04:01.878 10551 10649 E PhantomService: 	at android.app.ActivityThread$AndroidOs.open(ActivityThread.java:8782)
04-16 17:04:01.878 10551 10649 E PhantomService: 	at libcore.io.IoBridge.open(IoBridge.java:560)
04-16 17:04:01.878 10551 10649 E PhantomService: 	... 12 more
04-16 17:04:01.878 10551 10649 D PhantomService: SERVICE LOG: Error: Failed to get binary file: /data/app/~~ETLCI8rzuiASzPd2nPdOYA==/com.ismailjamal.bedrockrelay-gMfXCgOVJmsFxQ7UFrnPkA==/lib/arm64/phantom: open failed: EACCES (Permission denied)
04-16 17:04:01.879 10551 10649 I PhantomService: Stopping process and service.
04-16 17:04:01.880 10551 10601 D PhantomService: Stop command issued, but process was not running.
04-16 17:04:01.881  2428  3184 D SecFgsManagerController: onForegroundStateChanged: [dialog:false]:[isForeground:false]:[packageName:com.ismailjamal.bedrockrelay]:[token:android.os.BinderProxy@7503abb]:[userId:0]
04-16 17:04:01.881  2428  3184 D SecFgsManagerController: updateNumberOfVisibleRunningPackagesLocked: 1
04-16 17:04:01.882 10551 10649 D PhantomService: Process coroutine finished.
04-16 17:04:01.898  1670  1670 D NotificationService: CancelNotificationRunnable end r = 0|com.ismailjamal.bedrockrelay|1|null|10379, reason = 8
04-16 17:04:01.898  1670  1670 D SmartAlertController: SmartAlert - Found Missed Event
04-16 17:04:02.071  1670  1670 I Telecom:SamsungTelecomServiceImpl: isInManagedCall - callingPackage : android / callingUser : UserHandle{0} / hasCrossUserAccess : true
04-16 17:04:02.072  1670  1670 I NotificationService: Cannot find enqueued record for key: 0|com.ismailjamal.bedrockrelay|1|null|10379
04-16 17:04:02.078  1670  1670 I GestureDetector: handleMessage TAP
04-16 17:04:02.079  1670  1771 I GestureDetector: handleMessage TAP
04-16 17:04:02.182  1670  1692 I system_server: Background concurrent copying GC freed 11MB AllocSpace bytes, 665(13MB) LOS objects, 18% free, 107MB/131MB, paused 153us,277us total 201.476ms
04-16 17:04:02.186  1670  1694 W System  : A resource failed to call close. 
04-16 17:04:02.201  1670  2042 D InputReader: Btn_touch(8): value=1 when=50766.586880
04-16 17:04:02.202  1670  2042 I InputReader: Touch event's action is 0x0 (id=4, t=0) [pCnt=1, s=0.10796 ] when=50766.586880
04-16 17:04:02.202  1670  2041 I InputDispatcher: Delivering touch to (2428): action: 0x4, f=0x0, d=0, '7538e8e', t=1 
04-16 17:04:02.202  1670  2041 I InputDispatcher: Delivering touch to (10551): action: 0x0, f=0x0, d=0, '7c67f7a', t=1 
04-16 17:04:02.202  2428  2428 D SearcleGestureHandler: allowGesture: false
04-16 17:04:02.202 10551 10551 I ViewRootImpl@cd32dfb[MainActivity]: ViewPostIme pointer 0
04-16 17:04:02.203  1670  1771 I GestureDetector: obtain mCurrentDownEvent. id: 68548131 caller: com.android.server.wm.SystemGesturesPointerEventListener.onPointerEvent:204 com.android.server.wm.PointerEventDispatcher.onInputEvent:53 android.view.InputEventReceiver.dispatchInputEvent:337 
04-16 17:04:02.203  1670  1771 I GestureDetector: obtain mCurrentDownEvent. id: 68548131 caller: com.android.server.wm.SystemPerformancePointerEventListener.onPointerEvent:89 com.android.server.wm.PointerEventDispatcher.onInputEvent:53 android.view.InputEventReceiver.dispatchInputEvent:337 
04-16 17:04:02.228  1670  1771 I GestureDetector: obtain mCurrentMotionEventRaw. action: 2 id: 550320286
04-16 17:04:02.228  1670  1771 I GestureDetector: obtain mCurrentMotionEventRaw. action: 2 id: 550320286
04-16 17:04:02.293  1670  2042 D InputReader: Btn_touch(8): value=0 when=50766.678650
04-16 17:04:02.293  1670  2042 I InputReader: Touch event's action is 0x1 (id=4, t=0) [pCnt=1, s=] when=50766.678650
04-16 17:04:02.294  1670  2041 I InputDispatcher: Delivering touch to (10551): action: 0x1, f=0x0, d=0, '7c67f7a', t=1 
04-16 17:04:02.294 10551 10551 I ViewRootImpl@cd32dfb[MainActivity]: ViewPostIme pointer 1
04-16 17:04:02.295 10551 10551 D PhantomViewModel: Sending stop command to service
04-16 17:04:02.295 10551 10551 D PhantomViewModel: UI LOG: Sending stop command to proxy service
04-16 17:04:02.297 10551 10551 D PhantomViewModel: UI LOG: Proxy stop command sent successfully.
04-16 17:04:02.301 10551 10551 D PhantomService: Service onStartCommand received - Action: STOP
04-16 17:04:02.303  1670  1701 I ActivityManager: Background started FGS: Allowed [callingPackage: com.ismailjamal.bedrockrelay; callingUid: 10379; uidState: TOP ; uidBFSL: [BFSL]; intent: Intent { act=STOP cmp=com.ismailjamal.bedrockrelay/.PhantomService }; code:PROC_STATE_TOP; tempAllowListReason:<null>; targetSdkVersion:35; callerTargetSdkVersion:35; startForegroundCount:79; bindFromPackage:null: isBindService:false]
04-16 17:04:02.303  2428  2437 D SecFgsManagerController: onForegroundStateChanged: [dialog:false]:[isForeground:true]:[packageName:com.ismailjamal.bedrockrelay]:[token:android.os.BinderProxy@7503abb]:[userId:0]
04-16 17:04:02.305 10551 10551 I PhantomService: Received STOP action.
04-16 17:04:02.305 10551 10551 D PhantomService: SERVICE LOG: Received STOP command.
04-16 17:04:02.305 10551 10551 I PhantomService: Stopping process and service.
04-16 17:04:02.305  2428  2437 D SecFgsManagerController: updateUiControl[com.ismailjamal.bedrockrelay]: -1
04-16 17:04:02.305  2428  2437 D SecFgsManagerController: updateNumberOfVisibleRunningPackagesLocked: 2
04-16 17:04:02.305 10551 10653 D PhantomService: Stop command issued, but process was not running.
04-16 17:04:02.306  2428  2437 D SecFgsManagerController: onForegroundStateChanged: [dialog:false]:[isForeground:false]:[packageName:com.ismailjamal.bedrockrelay]:[token:android.os.BinderProxy@7503abb]:[userId:0]
04-16 17:04:02.307  2428  2437 D SecFgsManagerController: updateNumberOfVisibleRunningPackagesLocked: 1
04-16 17:04:02.330  1670  1670 D NotificationService: CancelNotificationRunnable end r = 0|com.ismailjamal.bedrockrelay|1|null|10379, reason = 8
04-16 17:04:02.330  1670  1670 D SmartAlertController: SmartAlert - Found Missed Event
04-16 17:04:02.503  1670  1670 I GestureDetector: handleMessage TAP
04-16 17:04:02.504  1670  1771 I GestureDetector: handleMessage TAP
04-16 17:04:02.508  1670  1670 I Telecom:SamsungTelecomServiceImpl: isInManagedCall - callingPackage : android / callingUser : UserHandle{0} / hasCrossUserAccess : true
04-16 17:04:02.508  1670  1670 I NotificationService: Cannot find enqueued record for key: 0|com.ismailjamal.bedrockrelay|1|null|10379
04-16 17:04:02.628  1670  2042 D InputReader: Btn_touch(8): value=1 when=50767.013209
04-16 17:04:02.628  1670  2042 I InputReader: Touch event's action is 0x0 (id=4, t=0) [pCnt=1, s=0.10797 ] when=50767.013209
04-16 17:04:02.629  1670  2041 I InputDispatcher: Delivering touch to (2428): action: 0x4, f=0x0, d=0, '7538e8e', t=1 
04-16 17:04:02.630  1670  2041 I InputDispatcher: Delivering touch to (10551): action: 0x0, f=0x0, d=0, '7c67f7a', t=1 
04-16 17:04:02.630 10551 10551 I ViewRootImpl@cd32dfb[MainActivity]: ViewPostIme pointer 0
04-16 17:04:02.631  2428  2428 D SearcleGestureHandler: allowGesture: false
04-16 17:04:02.632  1670  1771 I GestureDetector: obtain mCurrentDownEvent. id: 901304388 caller: com.android.server.wm.SystemGesturesPointerEventListener.onPointerEvent:204 com.android.server.wm.PointerEventDispatcher.onInputEvent:53 android.view.InputEventReceiver.dispatchInputEvent:337 
04-16 17:04:02.632  1670  1771 I GestureDetector: obtain mCurrentDownEvent. id: 901304388 caller: com.android.server.wm.SystemPerformancePointerEventListener.onPointerEvent:89 com.android.server.wm.PointerEventDispatcher.onInputEvent:53 android.view.InputEventReceiver.dispatchInputEvent:337 
04-16 17:04:02.654  1670  1771 I GestureDetector: obtain mCurrentMotionEventRaw. action: 2 id: 187757838
04-16 17:04:02.654  1670  1771 I GestureDetector: obtain mCurrentMotionEventRaw. action: 2 id: 187757838
04-16 17:04:02.728  1670  2042 D InputReader: Btn_touch(8): value=0 when=50767.113376
04-16 17:04:02.728  1670  2042 I InputReader: Touch event's action is 0x1 (id=4, t=0) [pCnt=1, s=] when=50767.113376
04-16 17:04:02.728  1670  2041 I InputDispatcher: Delivering touch to (10551): action: 0x1, f=0x0, d=0, '7c67f7a', t=1 
04-16 17:04:02.729 10551 10551 I ViewRootImpl@cd32dfb[MainActivity]: ViewPostIme pointer 1
04-16 17:04:02.730 10551 10551 D PhantomViewModel: Attempting to start proxy with args: [-server 192.168.1.224:19132]
04-16 17:04:02.730 10551 10551 D PhantomViewModel: UI LOG: Attempting to start proxy...
04-16 17:04:02.731 10551 10551 D PhantomViewModel: UI LOG: Arguments: -server 192.168.1.224:19132
04-16 17:04:02.732  1670  4820 I ActivityManager: Background started FGS: Allowed [callingPackage: com.ismailjamal.bedrockrelay; callingUid: 10379; uidState: TOP ; uidBFSL: [BFSL]; intent: Intent { cmp=com.ismailjamal.bedrockrelay/.PhantomService (has extras) }; code:PROC_STATE_TOP; tempAllowListReason:<null>; targetSdkVersion:35; callerTargetSdkVersion:35; startForegroundCount:80; bindFromPackage:null: isBindService:false]
04-16 17:04:02.733 10551 10551 D PhantomViewModel: UI LOG: Proxy start command sent successfully.
04-16 17:04:02.737 10551 10551 D PhantomService: Service onStartCommand received - Action: null
04-16 17:04:02.739  2428  2437 D SecFgsManagerController: onForegroundStateChanged: [dialog:false]:[isForeground:true]:[packageName:com.ismailjamal.bedrockrelay]:[token:android.os.BinderProxy@7503abb]:[userId:0]
04-16 17:04:02.740  2428  2437 D SecFgsManagerController: updateUiControl[com.ismailjamal.bedrockrelay]: -1
04-16 17:04:02.740  2428  2437 D SecFgsManagerController: updateNumberOfVisibleRunningPackagesLocked: 2
04-16 17:04:02.740 10551 10551 I PhantomService: Processing START command.
04-16 17:04:02.740 10551 10551 D PhantomService: SERVICE LOG: Received start request:
04-16 17:04:02.741 10551 10551 D PhantomService: SERVICE LOG:   Args: [-server 192.168.1.224:19132]
04-16 17:04:02.741 10551 10649 D PhantomRepository: Entering getBinaryFile
04-16 17:04:02.742 10551 10649 D PhantomRepository: Copying binary to native library directory
04-16 17:04:02.744 10551 10649 E PhantomRepository: Error copying binary file
04-16 17:04:02.744 10551 10649 E PhantomRepository: java.io.FileNotFoundException: /data/app/~~ETLCI8rzuiASzPd2nPdOYA==/com.ismailjamal.bedrockrelay-gMfXCgOVJmsFxQ7UFrnPkA==/lib/arm64/phantom: open failed: EACCES (Permission denied)
04-16 17:04:02.744 10551 10649 E PhantomRepository: 	at libcore.io.IoBridge.open(IoBridge.java:574)
04-16 17:04:02.744 10551 10649 E PhantomRepository: 	at java.io.FileOutputStream.<init>(FileOutputStream.java:259)
04-16 17:04:02.744 10551 10649 E PhantomRepository: 	at java.io.FileOutputStream.<init>(FileOutputStream.java:208)
04-16 17:04:02.744 10551 10649 E PhantomRepository: 	at com.ismailjamal.bedrockrelay.PhantomRepository.getBinaryFile-d1pmJ48(PhantomRepository.kt:73)
04-16 17:04:02.744 10551 10649 E PhantomRepository: 	at com.ismailjamal.bedrockrelay.PhantomService$startProcess$1.invokeSuspend(PhantomService.kt:177)
04-16 17:04:02.744 10551 10649 E PhantomRepository: 	at kotlin.coroutines.jvm.internal.BaseContinuationImpl.resumeWith(ContinuationImpl.kt:33)
04-16 17:04:02.744 10551 10649 E PhantomRepository: 	at kotlinx.coroutines.DispatchedTask.run(DispatchedTask.kt:108)
04-16 17:04:02.744 10551 10649 E PhantomRepository: 	at kotlinx.coroutines.internal.LimitedDispatcher$Worker.run(LimitedDispatcher.kt:115)
04-16 17:04:02.744 10551 10649 E PhantomRepository: 	at kotlinx.coroutines.scheduling.TaskImpl.run(Tasks.kt:103)
04-16 17:04:02.744 10551 10649 E PhantomRepository: 	at kotlinx.coroutines.scheduling.CoroutineScheduler.runSafely(CoroutineScheduler.kt:584)
04-16 17:04:02.744 10551 10649 E PhantomRepository: 	at kotlinx.coroutines.scheduling.CoroutineScheduler$Worker.executeTask(CoroutineScheduler.kt:793)
04-16 17:04:02.744 10551 10649 E PhantomRepository: 	at kotlinx.coroutines.scheduling.CoroutineScheduler$Worker.runWorker(CoroutineScheduler.kt:697)
04-16 17:04:02.744 10551 10649 E PhantomRepository: 	at kotlinx.coroutines.scheduling.CoroutineScheduler$Worker.run(CoroutineScheduler.kt:684)
04-16 17:04:02.744 10551 10649 E PhantomRepository: Caused by: android.system.ErrnoException: open failed: EACCES (Permission denied)
04-16 17:04:02.744 10551 10649 E PhantomRepository: 	at libcore.io.Linux.open(Native Method)
04-16 17:04:02.744 10551 10649 E PhantomRepository: 	at libcore.io.ForwardingOs.open(ForwardingOs.java:563)
04-16 17:04:02.744 10551 10649 E PhantomRepository: 	at libcore.io.BlockGuardOs.open(BlockGuardOs.java:274)
04-16 17:04:02.744 10551 10649 E PhantomRepository: 	at libcore.io.ForwardingOs.open(ForwardingOs.java:563)
04-16 17:04:02.744 10551 10649 E PhantomRepository: 	at android.app.ActivityThread$AndroidOs.open(ActivityThread.java:8782)
04-16 17:04:02.744 10551 10649 E PhantomRepository: 	at libcore.io.IoBridge.open(IoBridge.java:560)
04-16 17:04:02.744 10551 10649 E PhantomRepository: 	... 12 more
04-16 17:04:02.744 10551 10551 I NotificationManager: com.ismailjamal.bedrockrelay: notify(1, null, Notification(channel=phantom_service_channel shortcut=null contentView=null vibrate=null sound=null defaults=0x0 flags=0x2 color=0x00000000 vis=PRIVATE semFlags=0x0 semPriority=0 semMissedCount=0)) as user
04-16 17:04:02.747 10551 10649 E PhantomService: Failed to get binary file from repository
04-16 17:04:02.747 10551 10649 E PhantomService: java.io.FileNotFoundException: /data/app/~~ETLCI8rzuiASzPd2nPdOYA==/com.ismailjamal.bedrockrelay-gMfXCgOVJmsFxQ7UFrnPkA==/lib/arm64/phantom: open failed: EACCES (Permission denied)
04-16 17:04:02.747 10551 10649 E PhantomService: 	at libcore.io.IoBridge.open(IoBridge.java:574)
04-16 17:04:02.747 10551 10649 E PhantomService: 	at java.io.FileOutputStream.<init>(FileOutputStream.java:259)
04-16 17:04:02.747 10551 10649 E PhantomService: 	at java.io.FileOutputStream.<init>(FileOutputStream.java:208)
04-16 17:04:02.747 10551 10649 E PhantomService: 	at com.ismailjamal.bedrockrelay.PhantomRepository.getBinaryFile-d1pmJ48(PhantomRepository.kt:73)
04-16 17:04:02.747 10551 10649 E PhantomService: 	at com.ismailjamal.bedrockrelay.PhantomService$startProcess$1.invokeSuspend(PhantomService.kt:177)
04-16 17:04:02.747 10551 10649 E PhantomService: 	at kotlin.coroutines.jvm.internal.BaseContinuationImpl.resumeWith(ContinuationImpl.kt:33)
04-16 17:04:02.747 10551 10649 E PhantomService: 	at kotlinx.coroutines.DispatchedTask.run(DispatchedTask.kt:108)
04-16 17:04:02.747 10551 10649 E PhantomService: 	at kotlinx.coroutines.internal.LimitedDispatcher$Worker.run(LimitedDispatcher.kt:115)
04-16 17:04:02.747 10551 10649 E PhantomService: 	at kotlinx.coroutines.scheduling.TaskImpl.run(Tasks.kt:103)
04-16 17:04:02.747 10551 10649 E PhantomService: 	at kotlinx.coroutines.scheduling.CoroutineScheduler.runSafely(CoroutineScheduler.kt:584)
04-16 17:04:02.747 10551 10649 E PhantomService: 	at kotlinx.coroutines.scheduling.CoroutineScheduler$Worker.executeTask(CoroutineScheduler.kt:793)
04-16 17:04:02.747 10551 10649 E PhantomService: 	at kotlinx.coroutines.scheduling.CoroutineScheduler$Worker.runWorker(CoroutineScheduler.kt:697)
04-16 17:04:02.747 10551 10649 E PhantomService: 	at kotlinx.coroutines.scheduling.CoroutineScheduler$Worker.run(CoroutineScheduler.kt:684)
04-16 17:04:02.747 10551 10649 E PhantomService: Caused by: android.system.ErrnoException: open failed: EACCES (Permission denied)
04-16 17:04:02.747 10551 10649 E PhantomService: 	at libcore.io.Linux.open(Native Method)
04-16 17:04:02.747 10551 10649 E PhantomService: 	at libcore.io.ForwardingOs.open(ForwardingOs.java:563)
04-16 17:04:02.747 10551 10649 E PhantomService: 	at libcore.io.BlockGuardOs.open(BlockGuardOs.java:274)
04-16 17:04:02.747 10551 10649 E PhantomService: 	at libcore.io.ForwardingOs.open(ForwardingOs.java:563)
04-16 17:04:02.747 10551 10649 E PhantomService: 	at android.app.ActivityThread$AndroidOs.open(ActivityThread.java:8782)
04-16 17:04:02.747 10551 10649 E PhantomService: 	at libcore.io.IoBridge.open(IoBridge.java:560)
04-16 17:04:02.747 10551 10649 E PhantomService: 	... 12 more
04-16 17:04:02.747 10551 10649 D PhantomService: SERVICE LOG: Error: Failed to get binary file: /data/app/~~ETLCI8rzuiASzPd2nPdOYA==/com.ismailjamal.bedrockrelay-gMfXCgOVJmsFxQ7UFrnPkA==/lib/arm64/phantom: open failed: EACCES (Permission denied)
04-16 17:04:02.747 10551 10551 D PhantomService: Notification updated: Proxy running...
04-16 17:04:02.747 10551 10649 I PhantomService: Stopping process and service.
04-16 17:04:02.748  2428  2437 D SecFgsManagerController: onForegroundStateChanged: [dialog:false]:[isForeground:false]:[packageName:com.ismailjamal.bedrockrelay]:[token:android.os.BinderProxy@7503abb]:[userId:0]
04-16 17:04:02.748 10551 10653 D PhantomService: Stop command issued, but process was not running.
04-16 17:04:02.748  2428  2437 D SecFgsManagerController: updateNumberOfVisibleRunningPackagesLocked: 1
04-16 17:04:02.750 10551 10649 D PhantomService: Process coroutine finished.
04-16 17:04:02.764  1670  1670 D NotificationService: CancelNotificationRunnable end r = 0|com.ismailjamal.bedrockrelay|1|null|10379, reason = 8
04-16 17:04:02.764  1670  1670 D SmartAlertController: SmartAlert - Found Missed Event
04-16 17:04:02.913  1670  2349 D WifiConnectivityMonitor: Stop WCM Poll. cnt : 5
04-16 17:04:02.913  1670  2349 I WifiConnectivityMonitor: LinkQualityMonitorCallback was not registered yet
04-16 17:04:02.916  2840  3426 D ScanFilter: manu data matches
04-16 17:04:02.916  2840  3426 D BtGatt.GattService: onScanResult to scannerId: 2- eventType=0x10, addressType=0, address=XX:XX:XX:XX:C4:4B, primaryPhy=1, secondaryPhy=0, advertisingSid=0xff, txPower=127, rssi=-64, periodicAdvInt=0x0
04-16 17:04:02.919  7147 10900 I [+0100]oneconnect[1.8.21.28_01][CORE]: BleParserForVD.parseTvPacket - |name:($)-[(15)|deviceType:TV|discoverType:_BLE|services:None|connected:false[TvStatusString]POWER_OFF[TvStatus]-128[TvService]102[TvMirrorChannel]1[TvRegisteredDB][114, -99, 0, 0, 0, 0][TvYear]2016[TvOcfInfo]0[TvAcmStatus]0[ExTvStatus]0[ExtendedStatus]-1[ModuloSn]-1
04-16 17:04:02.932  1670  1670 I GestureDetector: handleMessage TAP
04-16 17:04:02.932  1670  1771 I GestureDetector: handleMessage TAP
04-16 17:04:02.943  1670  1670 I Telecom:SamsungTelecomServiceImpl: isInManagedCall - callingPackage : android / callingUser : UserHandle{0} / hasCrossUserAccess : true
04-16 17:04:02.943  1670  1670 I NotificationService: Cannot find enqueued record for key: 0|com.ismailjamal.bedrockrelay|1|null|10379
04-16 17:04:02.948  1670  1670 I Telecom:SamsungTelecomServiceImpl: isInManagedCall - callingPackage : android / callingUser : UserHandle{0} / hasCrossUserAccess : true
04-16 17:04:02.948  1670  1670 I NotificationService: Cannot find enqueued record for key: 0|com.ismailjamal.bedrockrelay|1|null|10379
04-16 17:04:03.054  1670  2042 D InputReader: Btn_touch(8): value=1 when=50767.439164
04-16 17:04:03.054  1670  2042 I InputReader: Touch event's action is 0x0 (id=4, t=0) [pCnt=1, s=0.10798 ] when=50767.439164
04-16 17:04:03.055  1670  2041 I InputDispatcher: Delivering touch to (2428): action: 0x4, f=0x0, d=0, '7538e8e', t=1 
04-16 17:04:03.055  1670  2041 I InputDispatcher: Delivering touch to (10551): action: 0x0, f=0x0, d=0, '7c67f7a', t=1 
04-16 17:04:03.055  1670  2041 D PowerManagerService: [api] userActivityFromNative : touch displayId=0 eventTime=50767439
04-16 17:04:03.055  2428  2428 D SearcleGestureHandler: allowGesture: false
04-16 17:04:03.055 10551 10551 I ViewRootImpl@cd32dfb[MainActivity]: ViewPostIme pointer 0
04-16 17:04:03.056  1670  1771 I GestureDetector: obtain mCurrentDownEvent. id: 391327147 caller: com.android.server.wm.SystemGesturesPointerEventListener.onPointerEvent:204 com.android.server.wm.PointerEventDispatcher.onInputEvent:53 android.view.InputEventReceiver.dispatchInputEvent:337 
04-16 17:04:03.056  1670  1771 I GestureDetector: obtain mCurrentDownEvent. id: 391327147 caller: com.android.server.wm.SystemPerformancePointerEventListener.onPointerEvent:89 com.android.server.wm.PointerEventDispatcher.onInputEvent:53 android.view.InputEventReceiver.dispatchInputEvent:337 
04-16 17:04:03.063  1670  1771 I GestureDetector: obtain mCurrentMotionEventRaw. action: 2 id: 629474640
04-16 17:04:03.063  1670  1771 I GestureDetector: obtain mCurrentMotionEventRaw. action: 2 id: 629474640
04-16 17:04:03.075  2840  3426 D ScanFilter: manu data matches
04-16 17:04:03.075  2840  3426 D BtGatt.GattService: onScanResult to scannerId: 2- eventType=0x10, addressType=0, address=XX:XX:XX:XX:C4:4B, primaryPhy=1, secondaryPhy=0, advertisingSid=0xff, txPower=127, rssi=-64, periodicAdvInt=0x0
04-16 17:04:03.078  7147 10900 I [+0100]oneconnect[1.8.21.28_01][CORE]: BleParserForVD.parseTvPacket - |name:($)-[(15)|deviceType:TV|discoverType:_BLE|services:None|connected:false[TvStatusString]POWER_OFF[TvStatus]-128[TvService]102[TvMirrorChannel]1[TvRegisteredDB][114, -99, 0, 0, 0, 0][TvYear]2016[TvOcfInfo]0[TvAcmStatus]0[ExTvStatus]0[ExtendedStatus]-1[ModuloSn]-1
04-16 17:04:03.121  1670  2042 D InputReader: Btn_touch(8): value=0 when=50767.506162
04-16 17:04:03.121  1670  2042 I InputReader: Touch event's action is 0x1 (id=4, t=0) [pCnt=1, s=] when=50767.506162
04-16 17:04:03.121  1670  2041 I InputDispatcher: Delivering touch to (10551): action: 0x1, f=0x0, d=0, '7c67f7a', t=1 
04-16 17:04:03.122 10551 10551 I ViewRootImpl@cd32dfb[MainActivity]: ViewPostIme pointer 1
04-16 17:04:03.123 10551 10551 D PhantomViewModel: Sending stop command to service
04-16 17:04:03.123 10551 10551 D PhantomViewModel: UI LOG: Sending stop command to proxy service
04-16 17:04:03.125 10551 10551 D PhantomViewModel: UI LOG: Proxy stop command sent successfully.
04-16 17:04:03.129 10551 10551 D PhantomService: Service onStartCommand received - Action: STOP
04-16 17:04:03.130  1670  4820 I ActivityManager: Background started FGS: Allowed [callingPackage: com.ismailjamal.bedrockrelay; callingUid: 10379; uidState: TOP ; uidBFSL: [BFSL]; intent: Intent { act=STOP cmp=com.ismailjamal.bedrockrelay/.PhantomService }; code:PROC_STATE_TOP; tempAllowListReason:<null>; targetSdkVersion:35; callerTargetSdkVersion:35; startForegroundCount:81; bindFromPackage:null: isBindService:false]
04-16 17:04:03.131  2428  2437 D SecFgsManagerController: onForegroundStateChanged: [dialog:false]:[isForeground:true]:[packageName:com.ismailjamal.bedrockrelay]:[token:android.os.BinderProxy@7503abb]:[userId:0]
04-16 17:04:03.132  2428  2437 D SecFgsManagerController: updateUiControl[com.ismailjamal.bedrockrelay]: -1
04-16 17:04:03.132  2428  2437 D SecFgsManagerController: updateNumberOfVisibleRunningPackagesLocked: 2
04-16 17:04:03.132 10551 10551 I PhantomService: Received STOP action.
04-16 17:04:03.132 10551 10551 D PhantomService: SERVICE LOG: Received STOP command.
04-16 17:04:03.133 10551 10551 I PhantomService: Stopping process and service.
04-16 17:04:03.134 10551 10600 D PhantomService: Stop command issued, but process was not running.
04-16 17:04:03.134  2428  2437 D SecFgsManagerController: onForegroundStateChanged: [dialog:false]:[isForeground:false]:[packageName:com.ismailjamal.bedrockrelay]:[token:android.os.BinderProxy@7503abb]:[userId:0]
04-16 17:04:03.134  2428  2437 D SecFgsManagerController: updateNumberOfVisibleRunningPackagesLocked: 1
04-16 17:04:03.158  1670  1670 D NotificationService: CancelNotificationRunnable end r = 0|com.ismailjamal.bedrockrelay|1|null|10379, reason = 8
