04-16 21:33:13.307  1360  1360 D SurfaceFlinger:      DEVICE | 0xb400007b47b63c50 | 0100 | RGBA_8888    |    0.0    0.0 1080.0   80.0 |    0    0 1080   80 | StatusBar$_2428#96
04-16 21:33:13.307  1360  1360 D SurfaceFlinger:      DEVICE | 0xb400007b47b86390 | 0100 | RGBA_8888    |    0.0    0.0   67.0  376.0 | 1013  616 1080  992 | com.sec.android.app.launcher/com.sam[...].edge.CocktailBarService$_2924#19185
04-16 21:33:13.307  1360  1360 D SurfaceFlinger:      DEVICE | 0xb400007b47b63710 | 0100 | RGBA_8888    |    0.0    0.0 1080.0  135.0 |    0 2265 1080 2400 | NavigationBar0$_2428#93
04-16 21:33:13.307  1360  1360 D SurfaceFlinger:      DEVICE | 0xb400007b47b69ad0 | 0140 | RGBA_8888    |    0.0    0.0 1080.0   80.0 |    0    0 1080   80 | ScreenDecorOverlay$_2428#106
04-16 21:33:13.307  1360  1360 D SurfaceFlinger:      DEVICE | 0xb400007b47b876d0 | 0140 | RGBA_8888    |    0.0    0.0 1080.0   80.0 |    0 2320 1080 2400 | ScreenDecorOverlayBottom$_2428#107
04-16 21:33:13.307  1360  1360 D SurfaceFlinger: 
04-16 21:33:13.318  1670  2042 D InputReader: Btn_touch(8): value=0 when=66916.791998
04-16 21:33:13.319  1670  2042 I InputReader: Touch event's action is 0x1 (id=4, t=0) [pCnt=1, s=] when=66916.791998
04-16 21:33:13.319  1670  2041 I InputDispatcher: Delivering touch to (17420): action: 0x1, f=0x0, d=0, '8314d4 ', t=1 
04-16 21:33:13.320 17420 17420 I ViewRootImpl@cd32dfb[MainActivity]: ViewPostIme pointer 1
04-16 21:33:13.322 17420 17420 D PhantomViewModel: Attempting to start proxy with args: [-server 192.168.1.224:19132]
04-16 21:33:13.322 17420 17420 D PhantomViewModel: UI LOG: Attempting to start proxy...
04-16 21:33:13.322 17420 17420 D PhantomViewModel: UI LOG: Arguments: -server 192.168.1.224:19132
04-16 21:33:13.327 17420 17420 D PhantomViewModel: UI LOG: Proxy start command sent successfully.
04-16 21:33:13.334 17420 17420 D PhantomService: Service onStartCommand received - Action: null
04-16 21:33:13.336  2428 26499 D SecFgsManagerController: onForegroundStateChanged: [dialog:false]:[isForeground:true]:[packageName:com.ismailjamal.bedrockrelay]:[token:android.os.BinderProxy@ea3dd96]:[userId:0]
04-16 21:33:13.337 17420 17420 I PhantomService: Processing START command.
04-16 21:33:13.337 17420 17420 D PhantomService: SERVICE LOG: Received start request:
04-16 21:33:13.338 17420 17420 D PhantomService: SERVICE LOG:   Args: [-server 192.168.1.224:19132]
04-16 21:33:13.339 17420 17459 D PhantomRepository: Entering getBinaryFile
04-16 21:33:13.340 17420 17459 E PhantomRepository: Binary file does not exist at: /data/app/~~jBUBDSNdL8sWH59CQf3hDQ==/com.ismailjamal.bedrockrelay-WJqpRj5DOAHgGzNfQKaOcQ==/lib/arm64/libphantom.so
04-16 21:33:13.340 17420 17420 I NotificationManager: com.ismailjamal.bedrockrelay: notify(1, null, Notification(channel=phantom_service_channel shortcut=null contentView=null vibrate=null sound=null defaults=0x0 flags=0x2 color=0x00000000 vis=PRIVATE semFlags=0x0 semPriority=0 semMissedCount=0)) as user
04-16 21:33:13.341 17420 17459 E PhantomService: Failed to get binary file from repository
04-16 21:33:13.341 17420 17459 E PhantomService: java.lang.RuntimeException: Binary file is missing: /data/app/~~jBUBDSNdL8sWH59CQf3hDQ==/com.ismailjamal.bedrockrelay-WJqpRj5DOAHgGzNfQKaOcQ==/lib/arm64/libphantom.so
04-16 21:33:13.341 17420 17459 E PhantomService: 	at com.ismailjamal.bedrockrelay.PhantomRepository.getBinaryFile-d1pmJ48(PhantomRepository.kt:68)
04-16 21:33:13.341 17420 17459 E PhantomService: 	at com.ismailjamal.bedrockrelay.PhantomService$startProcess$1.invokeSuspend(PhantomService.kt:177)
04-16 21:33:13.341 17420 17459 E PhantomService: 	at kotlin.coroutines.jvm.internal.BaseContinuationImpl.resumeWith(ContinuationImpl.kt:33)
04-16 21:33:13.341 17420 17459 E PhantomService: 	at kotlinx.coroutines.DispatchedTask.run(DispatchedTask.kt:108)
04-16 21:33:13.341 17420 17459 E PhantomService: 	at kotlinx.coroutines.internal.LimitedDispatcher$Worker.run(LimitedDispatcher.kt:115)
04-16 21:33:13.341 17420 17459 E PhantomService: 	at kotlinx.coroutines.scheduling.TaskImpl.run(Tasks.kt:103)
04-16 21:33:13.341 17420 17459 E PhantomService: 	at kotlinx.coroutines.scheduling.CoroutineScheduler.runSafely(CoroutineScheduler.kt:584)
04-16 21:33:13.341 17420 17459 E PhantomService: 	at kotlinx.coroutines.scheduling.CoroutineScheduler$Worker.executeTask(CoroutineScheduler.kt:793)
04-16 21:33:13.341 17420 17459 E PhantomService: 	at kotlinx.coroutines.scheduling.CoroutineScheduler$Worker.runWorker(CoroutineScheduler.kt:697)
04-16 21:33:13.341 17420 17459 E PhantomService: 	at kotlinx.coroutines.scheduling.CoroutineScheduler$Worker.run(CoroutineScheduler.kt:684)
04-16 21:33:13.341 17420 17459 D PhantomService: SERVICE LOG: Error: Failed to get binary file: Binary file is missing: /data/app/~~jBUBDSNdL8sWH59CQf3hDQ==/com.ismailjamal.bedrockrelay-WJqpRj5DOAHgGzNfQKaOcQ==/lib/arm64/libphantom.so
04-16 21:33:13.341 17420 17459 I PhantomService: Stopping process and service.
04-16 21:33:13.342 17420 17420 D PhantomService: Notification updated: Proxy running...
04-16 21:33:13.342 17420 17460 D PhantomService: Stop command issued, but process was not running.
04-16 21:33:13.343  2428 26499 D SecFgsManagerController: onForegroundStateChanged: [dialog:false]:[isForeground:false]:[packageName:com.ismailjamal.bedrockrelay]:[token:android.os.BinderProxy@ea3dd96]:[userId:0]
04-16 21:33:13.343  2428 26499 D SecFgsManagerController: updateNumberOfVisibleRunningPackagesLocked: 1
04-16 21:33:13.345  1670  1670 D EdgeLightingManager: isCallingUserSupported : callingUserId=0, mUserId=0, isDualAppId=false, isKnoxId=false
04-16 21:33:13.345  1670  1670 D EdgeLightingManager: hideForNotification : packageName = com.ismailjamal.bedrockrelay
04-16 21:33:13.345  1670  1670 D EdgeLightingPolicyManager:NotificationGroup: remove : sbn : StatusBarNotification(pkg=com.ismailjamal.bedrockrelay user=UserHandle{0} id=1 tag=null key=0|com.ismailjamal.bedrockrelay|1|null|10381: Notification(channel=phantom_service_channel shortcut=null contentView=null vibrate=null sound=null defaults=0x0 flags=0x62 color=0x00000000 vis=PRIVATE semFlags=0x0 semPriority=0 semMissedCount=0))
04-16 21:33:13.345  1670  1670 D EdgeLightingPolicyManager.NotificationGroup: group notification count : 3
04-16 21:33:13.345  1670  1670 D EdgeLightingManager: hideForNotification : isInteractive is true
04-16 21:33:13.346  1670  1670 D NotificationService: CancelNotificationRunnable end r = 0|com.ismailjamal.bedrockrelay|1|null|10381, reason = 8
04-16 21:33:13.351 17420 17459 D PhantomService: Process coroutine finished.
04-16 21:33:13.352  2428  2428 D BubblesManager: setupNotifPipeline(), onEntryRemoved : reason=8
04-16 21:33:13.355  1670  1670 D NotificationReminder: removeFromNotificationList record com.ismailjamal.bedrockrelay
04-16 21:33:13.355  1670  1670 D SmartAlertController: SmartAlert - Found Missed Event
04-16 21:33:13.356  2924  2924 I HoneySpace.NotificationListener: onNotificationRemoved com.ismailjamal.bedrockrelay: 0|com.ismailjamal.bedrockrelay|1|null|10381: 0
04-16 21:33:13.356  5115  6340 I NotificationPipeline: Processing notification dismissal on phone: 0|com.ismailjamal.bedrockrelay|1|null|10381
04-16 21:33:13.357  5115  6340 E Notification4Water_NB: WatchFactory.getWatch-lastConnectedNodeId is null
04-16 21:33:13.357  2924 16477 I HoneySpace.PackageEventOperator: [ApplistViewModel] badge count is updated. com.ismailjamal.bedrockrelay/.MainActivity#UserHandle{0}|690 : 0
04-16 21:33:13.360  5115  6340 I NotifDismissalHandler: Notification 0|com.ismailjamal.bedrockrelay|1|null|10381 dismissed on phone, deleting data item /bridger/stream_item:4c58f2aa:com.ismailjamal.bedrockrelay:1:null_tag:0~7Ccom.ismailjamal.bedrockrelay~7C1~7Cnull~7C10381
04-16 21:33:13.362  5115  6340 I CallClient: Can't remove: no record of call with id 0|com.ismailjamal.bedrockrelay|1|null|10381.
04-16 21:33:13.367  2428  2428 D PluginActionManager: stopListening
04-16 21:33:13.372  2428  2428 I AODNotificationManager: updateNotification() 
04-16 21:33:13.415  7162  7400 I Finsky  : [214] lob.run(53): AIM: AppInfoManager-Perf > Destroying AppInfoManager ...
04-16 21:33:13.447  1670  1773 D SGM:GameManager: identifyForegroundApp. com.ismailjamal.bedrockrelay, mCurrentUserId: 0, callerUserId: 0
04-16 21:33:13.447  1670  1773 D SGM:PkgDataHelper: getGamePkgData(). com.ismailjamal.bedrockrelay
04-16 21:33:13.448  1670  1773 D SGM:SemGameManager: isForegroundGame(), ret=false
04-16 21:33:13.448  1670 17570 I SemInputDeviceManagerService: setMotionControl: maybe not supported or not yet enabled
04-16 21:33:13.448  1670 17570 D SemInputDeviceManager: setProperty: (100) CMD,SIP,0
04-16 21:33:13.448  1670 17570 I SemInputCommandService: setPropertyAllTouch: SIP,0 retDefault=1 retExtra=-2
04-16 21:33:13.448  1670  2052 D SemInputDevice:TSP: SetPropertyTask: CMD,set_sip_mode,0 [04-16 21:33:13.448]
04-16 21:33:13.448  1670 17570 D TspStateManager: wrote command: cmd=0, type=5
04-16 21:33:13.448  1670 17571 D SemInputDeviceManager: setProperty: (0) CMD,GRIP_DATA,1,45,7,15,720,15,2400
04-16 21:33:13.448  1670 17571 D TspStateManager: wrote command: cmd=1,45,7,15,720,15,2400, type=1
04-16 21:33:13.449  1319  1319 I sysinput:Touch: writeInformation:249, OK
04-16 21:33:13.450  1670  2052 D SysinputHAL_V1_3(V1_2): runTspCmdNoRead(TSP(1)): set_sip_mode,0 ret=0
04-16 21:33:13.450  1670  2052 D SemInputDevice:TSP: SetPropertyTask: CMD,set_grip_data,1,45,7,15,720,15,2400 [04-16 21:33:13.448]
04-16 21:33:13.451  1319  1319 I sysinput:Touch: writeInformation:249, OK
04-16 21:33:13.451  1670  2052 D SysinputHAL_V1_3(V1_2): runTspCmdNoRead(TSP(1)): set_grip_data,1,45,7,15,720,15,2400 ret=0
04-16 21:33:13.529  1670  1771 I GestureDetector: handleMessage TAP
04-16 21:33:13.529  1670  1670 I GestureDetector: handleMessage TAP
04-16 21:33:13.540  1670  1670 I Telecom:SamsungTelecomServiceImpl: isInManagedCall - callingPackage : android / callingUser : UserHandle{0} / hasCrossUserAccess : true
04-16 21:33:13.540  1670  1670 I NotificationService: Cannot find enqueued record for key: 0|com.ismailjamal.bedrockrelay|1|null|10381
04-16 21:33:13.544  1670  1670 I Telecom:SamsungTelecomServiceImpl: isInManagedCall - callingPackage : android / callingUser : UserHandle{0} / hasCrossUserAccess : true
04-16 21:33:13.544  1670  1670 I NotificationService: Cannot find enqueued record for key: 0|com.ismailjamal.bedrockrelay|1|null|10381
04-16 21:33:13.792  7919  7919 I InputMethodService: removeImeSurface
04-16 21:33:13.792  7919  7919 I InputMethodService: cancelImeSurfaceRemoval: removeCallbacks
04-16 21:33:13.802  7919  7919 I ViewRootImpl@7b83c94[InputMethod]: destroyHardwareResources: Callers=android.view.ViewRootImpl.performTraversals:3932 android.view.ViewRootImpl.doTraversal:3288 android.view.ViewRootImpl$TraversalRunnable.run:11344 android.view.Choreographer$CallbackRecord.run:1689 android.view.Choreographer$CallbackRecord.run:1698 android.view.Choreographer.doCallbacks:1153 android.view.Choreographer.doFrame:1079 android.view.Choreographer$FrameDisplayEventReceiver.run:1646 android.os.Handler.handleCallback:958 android.os.Handler.dispatchMessage:99 
04-16 21:33:13.808  1670  4763 V WindowManager: Relayout Window{4d94592 u0 InputMethod}: viewVisibility=8 req=1080x2320 ty=2011 d0
04-16 21:33:13.808  1670  4763 E WindowManager: win=Window{4d94592 u0 InputMethod} destroySurfaces: appStopped=true cleanupOnResume=false win.mWindowRemovalAllowed=false win.mRemoveOnExit=false win.mViewVisibility=8 caller=com.android.server.wm.WindowManagerService.tryStartExitingAnimation:2980 com.android.server.wm.WindowManagerService.relayoutWindow:2685 com.android.server.wm.Session.relayout:282 android.view.IWindowSession$Stub.onTransact:782 com.android.server.wm.Session.onTransact:204 android.os.Binder.execTransactInternal:1375 android.os.Binder.execTransact:1311 
04-16 21:33:13.808  1670  4763 I WindowManager: Destroying surface Surface(name=InputMethod$_7919)/@0xb02deb called by com.android.server.wm.WindowStateAnimator.destroySurface:799 com.android.server.wm.WindowStateAnimator.destroySurfaceLocked:472 com.android.server.wm.WindowState.destroySurfaceUnchecked:4201 com.android.server.wm.WindowState.destroySurface:4175 com.android.server.wm.WindowManagerService.tryStartExitingAnimation:2980 com.android.server.wm.WindowManagerService.relayoutWindow:2685 com.android.server.wm.Session.relayout:282 android.view.IWindowSession$Stub.onTransact:782 
04-16 21:33:13.811  1670  4763 D SurfaceControl: restrictHighRefreshRate, enabled=false
04-16 21:33:13.811  1360  2077 I SurfaceFlinger: HRR : 0
04-16 21:33:13.813  2428  3215 I ViewRootImpl@6a89f78[StatusBar]: Resizing android.view.ViewRootImpl@4f4a1c8: frame = [0,0][1080,80] reportDraw = false forceLayout = false syncSeqId = -1
04-16 21:33:13.814 17420 17429 I ViewRootImpl@cd32dfb[MainActivity]: Resizing android.view.ViewRootImpl@2c15705: frame = [0,0][1080,2400] reportDraw = false forceLayout = false syncSeqId = -1
04-16 21:33:13.814  2428  3213 I ViewRootImpl@d9e0a6a[ScreenDecorOverlayBottom]: Resizing android.view.ViewRootImpl@a086f46: frame = [0,2320][1080,2400] reportDraw = false forceLayout = false syncSeqId = -1
04-16 21:33:13.814  2924  9771 I ViewRootImpl@ba316a5[CocktailBarService]: Resizing android.view.ViewRootImpl@e66c466: frame = [1013,616][1080,992] reportDraw = false forceLayout = false syncSeqId = -1
04-16 21:33:13.814  2428 26499 I ViewRootImpl@1a85961[ScreenDecorOverlay]: Resizing android.view.ViewRootImpl@9d5e61: frame = [0,0][1080,80] reportDraw = false forceLayout = false syncSeqId = -1
04-16 21:33:13.815  1670  4763 V WindowManager: Relayout hash=4d94592, pid=7919, syncId=-1: mAttrs={(0,0)(fillxfill) gr=BOTTOM CENTER_VERTICAL sim={adjust=pan} ty=INPUT_METHOD fmt=TRANSPARENT wanim=0x7f1401b3 preferredMinDisplayRefreshRate=60.0 receive insets ignoring z-order
04-16 21:33:13.815  1670  4763 V WindowManager:   fl=81800108
04-16 21:33:13.815  1670  4763 V WindowManager:   pfl=12000000
04-16 21:33:13.815  1670  4763 V WindowManager:   bhv=DEFAULT
04-16 21:33:13.815  1670  4763 V WindowManager:   fitTypes=STATUS_BARS NAVIGATION_BARS
04-16 21:33:13.815  1670  4763 V WindowManager:   fitSides=LEFT TOP RIGHT
04-16 21:33:13.815  1670  4763 V WindowManager:   fitIgnoreVis dimDuration=150 naviIconColor=0}
04-16 21:33:13.815  2428  3585 I ViewRootImpl@d9e0a6a[ScreenDecorOverlayBottom]: handleResized, msg = 4 frames=ClientWindowFrames{frame=[0,2320][1080,2400] display=[0,0][1080,2400] parentFrame=[0,0][0,0]} forceNextWindowRelayout=false displayId=0 dragResizing=false compatScale=1.0 frameChanged=false attachedFrameChanged=false configChanged=false displayChanged=false compatScaleChanged=false
04-16 21:33:13.815  2428  3585 I ViewRootImpl@1a85961[ScreenDecorOverlay]: handleResized, msg = 4 frames=ClientWindowFrames{frame=[0,0][1080,80] display=[0,0][1080,2400] parentFrame=[0,0][0,0]} forceNextWindowRelayout=false displayId=0 dragResizing=false compatScale=1.0 frameChanged=false attachedFrameChanged=false configChanged=false displayChanged=false compatScaleChanged=false
04-16 21:33:13.815  1670  1773 I RefreshRateModeManager: Schedule to change allowedModes=baseModeId=3 allowGroupSwitching=false primary=physical: (60.000004 60.000004) render:  (0.0 60.0) appRequest=physical: (60.0 60.0) render:  (0.0 60.0), displayToken=android.os.BinderProxy@170b326  mVotesByDisplay:
04-16 21:33:13.815  1670  1773 I RefreshRateModeManager:     -1:
04-16 21:33:13.815  1670  1773 I RefreshRateModeManager:       PRIORITY_LOW_POWER_MODE -> Vote: {width: -1, height: -1, refreshRateRanges: physical: (0.0 Infinity) render:  (0.0 60.0), disableRefreshRateSwitching: false, appRequestBaseModeRefreshRate: 0.0}
04-16 21:33:13.815  1670  1773 I RefreshRateModeManager:       PRIORITY_REFRESH_RATE_MODE -> Vote: {width: -1, height: -1, refreshRateRanges: physical: (60.0 60.0) render:  (0.0 Infinity), disableRefreshRateSwitching: true, appRequestBaseModeRefreshRate: 0.0}
04-16 21:33:13.815  1670  1773 I RefreshRateModeManager:       PRIORITY_USER_SETTING_PEAK_RENDER_FRAME_RATE -> Vote: {width: -1, height: -1, refreshRateRanges: physical: (0.0 Infinity) render:  (0.0 120.0), disableRefreshRateSwitching: false, appRequestBaseModeRefreshRate: 0.0}
04-16 21:33:13.815  1670  1773 I RefreshRateModeManager:       PRIORITY_USER_SETTING_MIN_RENDER_FRAME_RATE -> Vote: {width: -1, height: -1, refreshRateRanges: physical: (0.0 Infinity) render:  (0.0 Infinity), disableRefreshRateSwitching: false, appRequestBaseModeRefreshRate: 0.0}
04-16 21:33:13.815  1670  1773 I RefreshRateModeManager: 
04-16 21:33:13.815  1670  1773 I RefreshRateModeManager:  mModeSwitchingType: SWITCHING_TYPE_WITHIN_GROUPS mAlwaysRespectAppRequest: false
04-16 21:33:13.815  1670  1773 I RefreshRateModeManager:  Current Mode mReportedRefreshRateMode(toSurfaceFlinger)=REFRESH_RATE_MODE_NORMAL, mRefreshRateMode(fromSettings)=REFRESH_RATE_MODE_NORMAL
04-16 21:33:13.815  1670  1773 I RefreshRateModeManager:  BrightnessState mPassive=false, PassiveModeToken=false, mBrightness=131, mAmbientLux=-1.0
04-16 21:33:13.815  2924  2924 I ViewRootImpl@ba316a5[CocktailBarService]: handleResized, msg = 4 frames=ClientWindowFrames{frame=[1013,616][1080,992] display=[0,0][1080,2265] parentFrame=[0,0][0,0]} forceNextWindowRelayout=false displayId=0 dragResizing=false compatScale=1.0 frameChanged=false attachedFrameChanged=false configChanged=false displayChanged=false compatScaleChanged=false
04-16 21:33:13.815 17420 17420 I InsetsController: onStateChanged: host=com.ismailjamal.bedrockrelay/com.ismailjamal.bedrockrelay.MainActivity, from=android.view.ViewRootImpl$ViewRootHandler.handleMessageImpl:7196, state=InsetsState: {mDisplayFrame=Rect(0, 0 - 1080, 2400), mDisplayCutout=DisplayCutout{insets=Rect(0, 80 - 0, 0) waterfall=Insets{left=0, top=0, right=0, bottom=0} boundingRect={Bounds=[Rect(0, 0 - 0, 0), Rect(510, 0 - 570, 80), Rect(0, 0 - 0, 0), Rect(0, 0 - 0, 0)]} cutoutPathParserInfo={CutoutPathParserInfo{displayWidth=1080 displayHeight=2400 physicalDisplayWidth=1080 physicalDisplayHeight=2400 density={3.0} cutoutSpec={M 0,0 H -10 V 26.66666666666667 H 10 V 0 H 0 Z @dp} rotation={0} scale={1.0} physicalPixelDisplaySizeRatio={1.0}}}}, mRoundedCorners=RoundedCorners{[RoundedCorner{position=TopLeft, radius=90, center=Point(90, 90)}, RoundedCorner{position=TopRight, radius=90, center=Point(990, 90)}, RoundedCorner{position=BottomRight, radius=90, center=Point(990, 2310)}, RoundedCorner{position=BottomLeft, radius=90, center=Point(90, 2310)}]}  mRoundedCornerFrame=Rect(0, 0 - 1080, 2400), mPrivacyIndicatorBounds=PrivacyIndicatorBounds {static bounds=Rect(956, 0 - 1080, 80) rotation=0}, mDisplayShape=DisplayShape{ spec=-311912193 displayWidth=1080 displayHeight=2400 physicalPixelDisplaySizeRatio=1.0 rotation=0 offsetX=0 offsetY=0 scale=1.0}, mSources= { InsetsSource: {b8db0000 mType=statusBars mFrame=[0,0][1080,80] mVisible=true mFlags=[]}, InsetsSource: {b8db0005 mType=mandatorySystemGestures mFrame=[0,0][1080,114] mVisible=true mFlags=[]}, InsetsSource: {b8db0006 mType=tappableElement mFrame=[0,0][1080,80] mVisible=true mFlags=[]}, InsetsSource: {e0970001 mType=navigationBars mFrame=[0,2265][1080,2400] mVisible=true mFlags=[]}, InsetsSource: {e0970004 mType=systemGestures mFrame=[0,0][0,0] mVisible=true mFlags=[]}, InsetsSource: {e0970005 mType=mandatorySystemGestures mFrame=[0,2265][1080,2400] mVisible=true mFlags=[]}, InsetsSource: {e0970006 mType=tappableElement mFrame=[0,2265][1080,2400] mVisible=true mFlags=[]}, InsetsSource: {e0970024 mType=systemGestures mFrame=[0,0][0,0] mVisible=true mFlags=[]}, InsetsSource: {3 mType=ime mFrame=[0,0][0,0] mVisible=false mFlags=[]}, InsetsSource: {27 mType=displayCutout mFrame=[0,0][1080,80] mVisible=true mFlags=[]} }
04-16 21:33:13.815 17420 17420 I ViewRootImpl@cd32dfb[MainActivity]: handleResized, msg = 4 frames=ClientWindowFrames{frame=[0,0][1080,2400] display=[0,0][1080,2400] parentFrame=[0,0][0,0]} forceNextWindowRelayout=false displayId=0 dragResizing=false compatScale=1.0 frameChanged=false attachedFrameChanged=false configChanged=false displayChanged=false compatScaleChanged=false
04-16 21:33:13.816  2428  2439 I ViewRootImpl@3b6baee[NavigationBar0]: Resizing android.view.ViewRootImpl@e240261: frame = [0,2265][1080,2400] reportDraw = false forceLayout = false syncSeqId = -1
04-16 21:33:13.816  2428  2428 I ViewRootImpl@6a89f78[StatusBar]: handleResized, msg = 4 frames=ClientWindowFrames{frame=[0,0][1080,80] display=[0,0][1080,2400] parentFrame=[0,0][0,0]} forceNextWindowRelayout=false displayId=0 dragResizing=false compatScale=1.0 frameChanged=false attachedFrameChanged=false configChanged=false displayChanged=false compatScaleChanged=false
04-16 21:33:13.816  2428  2428 I ViewRootImpl@3b6baee[NavigationBar0]: handleResized, msg = 4 frames=ClientWindowFrames{frame=[0,2265][1080,2400] display=[0,0][1080,2400] parentFrame=[0,0][0,0]} forceNextWindowRelayout=false displayId=0 dragResizing=false compatScale=1.0 frameChanged=false attachedFrameChanged=false configChanged=false displayChanged=false compatScaleChanged=false
04-16 21:33:13.816  1670  1773 D LocalDisplayAdapter: setDesiredDisplayModeSpecsAsync : defaultMode=2 allowGroupSwitching=false primaryRanges=physical: (60.000004 60.000004) render:  (0.0 60.0) appRequestRanges=physical: (60.0 60.0) render:  (0.0 60.0)
04-16 21:33:13.817  1360  1360 I RefreshRateSelector: Display 4633128672291735937 policy changed
04-16 21:33:13.817  1360  1360 I RefreshRateSelector: Previous: {defaultModeId=2, allowGroupSwitching=false, primaryRanges={physical=[60.00 Hz, 60.00 Hz], render=[60.00 Hz, 60.00 Hz]}, appRequestRanges={physical=[60.00 Hz, 60.00 Hz], render=[60.00 Hz, 60.00 Hz]}}
04-16 21:33:13.817  1360  1360 I RefreshRateSelector: Current:  DisplayManagerPolicy{defaultModeId=2, allowGroupSwitching=false, primaryRanges={physical=[60.00 Hz, 60.00 Hz], render=[0.00 Hz, 60.00 Hz]}, appRequestRanges={physical=[60.00 Hz, 60.00 Hz], render=[0.00 Hz, 60.00 Hz]}}
04-16 21:33:13.817  1360  1360 I RefreshRateSelector: 0 mode changes were performed under the previous policy
04-16 21:33:13.817  1360  1360 I SurfaceFlinger: [4633128672291735937] Setting desired display mode specs: {defaultModeId=2, allowGroupSwitching=false, primaryRanges={physical=[60.00 Hz, 60.00 Hz], render=[0.00 Hz, 60.00 Hz]}, appRequestRanges={physical=[60.00 Hz, 60.00 Hz], render=[0.00 Hz, 60.00 Hz]}}
04-16 21:33:13.817  7919  7919 I ViewRootImpl@7b83c94[InputMethod]: Relayout returned: old=(0,80,1080,2400) new=(0,80,1080,2400) relayoutAsync=false req=(1080,2320)8 dur=9 res=0x2 s={false 0x0} ch=true seqId=0
04-16 21:33:13.818  1360  1360 I Layer   : id=19211 removeFromCurrentState InputMethod$_7919#19211 (133)
04-16 21:33:13.818  1360  1360 I SurfaceFlinger: id=19211 Removed InputMethod$_7919#19211 (133)
04-16 21:33:13.835  1360  1360 I Layer   : id=19211 Destroyed InputMethod$_7919#19211
04-16 21:33:13.951  4443  8313 I HDM.SodaTrigFrontend: (REDACTED) appOpsListener %s %s
04-16 21:33:13.952  4443  8313 I HDM.SodaTrigFrontend: (REDACTED) Ignoring irrelevant audio permission changes for package %s
04-16 21:33:14.102  4559  4559 I SDHMS:LOAD: type: LoadsFreqs, value: 0:34:3:893099:2080000:533000:1090959:2080000:533000:65:130:0
04-16 21:33:14.147   675   675 D io_stats: !@   8,0 r 6364118 159486896 w 2374295 32666572 d 696923 36177036 f 0 0 iot 3534052 0 th 0 0 0 pt 0 inp 0 0 66917.620
04-16 21:33:14.147   675   675 D io_stats: !@ Read_top(KB): roid.honeyboard(7919) 924 loop8(791) 184
04-16 21:33:14.147   675   675 D io_stats: !@ Write_top(KB): roid.honeyboard(7919) 2844 kworker/u16:1(14541) 132 id.diagmonagent(4517) 104
04-16 21:33:14.200  1670  2042 D InputReader: Btn_touch(8): value=1 when=66917.672523
04-16 21:33:14.200  1670  2042 I InputReader: Touch event's action is 0x0 (id=4, t=0) [pCnt=1, s=0.12968 ] when=66917.672523
04-16 21:33:14.202  1670  2041 I InputDispatcher: Delivering touch to (2428): action: 0x4, f=0x0, d=0, '7538e8e', t=1 
04-16 21:33:14.202  1670  2041 I InputDispatcher: Delivering touch to (17420): action: 0x0, f=0x0, d=0, '8314d4 ', t=1 
04-16 21:33:14.203  1670  2041 D PowerManagerService: [api] userActivityFromNative : touch displayId=0 eventTime=66917672
04-16 21:33:14.203 17420 17420 I ViewRootImpl@cd32dfb[MainActivity]: ViewPostIme pointer 0
04-16 21:33:14.204  1670  1771 I GestureDetector: obtain mCurrentDownEvent. id: 152428675 caller: com.android.server.wm.SystemGesturesPointerEventListener.onPointerEvent:204 com.android.server.wm.PointerEventDispatcher.onInputEvent:53 android.view.InputEventReceiver.dispatchInputEvent:337 
04-16 21:33:14.204  1670  1771 I GestureDetector: obtain mCurrentDownEvent. id: 152428675 caller: com.android.server.wm.SystemPerformancePointerEventListener.onPointerEvent:89 com.android.server.wm.PointerEventDispatcher.onInputEvent:53 android.view.InputEventReceiver.dispatchInputEvent:337 
04-16 21:33:14.206  1670  1771 I GestureDetector: obtain mCurrentMotionEventRaw. action: 2 id: 704734833
04-16 21:33:14.206  1670  1771 I GestureDetector: obtain mCurrentMotionEventRaw. action: 2 id: 704734833
04-16 21:33:14.206  2428  2428 D Navbar.Store: --------NavBarStates(0) getSpaceWidth(land: false): 118
04-16 21:33:14.206  2428  2428 D SearcleGestureHandler: allowGesture: false
04-16 21:33:14.246  1670  2042 D InputReader: Btn_touch(8): value=0 when=66917.719962
04-16 21:33:14.246  1670  2042 I InputReader: Touch event's action is 0x1 (id=4, t=0) [pCnt=1, s=] when=66917.719962
04-16 21:33:14.247  1670  2041 I InputDispatcher: Delivering touch to (17420): action: 0x1, f=0x0, d=0, '8314d4 ', t=1 
04-16 21:33:14.248 17420 17420 I ViewRootImpl@cd32dfb[MainActivity]: ViewPostIme pointer 1
04-16 21:33:14.250 17420 17420 D PhantomViewModel: Sending stop command to service
04-16 21:33:14.250 17420 17420 D PhantomViewModel: UI LOG: Sending stop command to proxy service
04-16 21:33:14.253 17420 17420 D PhantomViewModel: UI LOG: Proxy stop command sent successfully.
04-16 21:33:14.260 17420 17420 D PhantomService: Service onStartCommand received - Action: STOP
04-16 21:33:14.262  1670  4763 I ActivityManager: Background started FGS: Allowed [callingPackage: com.ismailjamal.bedrockrelay; callingUid: 10381; uidState: TOP ; uidBFSL: [BFSL]; intent: Intent { act=STOP cmp=com.ismailjamal.bedrockrelay/.PhantomService }; code:PROC_STATE_TOP; tempAllowListReason:<null>; targetSdkVersion:35; callerTargetSdkVersion:35; startForegroundCount:1; bindFromPackage:null: isBindService:false]
04-16 21:33:14.263  2428  2439 D SecFgsManagerController: onForegroundStateChanged: [dialog:false]:[isForeground:true]:[packageName:com.ismailjamal.bedrockrelay]:[token:android.os.BinderProxy@ea3dd96]:[userId:0]
04-16 21:33:14.265  2428  2439 D SecFgsManagerController: updateUiControl[com.ismailjamal.bedrockrelay]: -1
04-16 21:33:14.265 17420 17420 I PhantomService: Received STOP action.
04-16 21:33:14.265  2428  2439 D SecFgsManagerController: updateNumberOfVisibleRunningPackagesLocked: 2
04-16 21:33:14.265 17420 17420 D PhantomService: SERVICE LOG: Received STOP command.
04-16 21:33:14.265 17420 17420 I PhantomService: Stopping process and service.
04-16 21:33:14.266 17420 17460 D PhantomService: Stop command issued, but process was not running.
04-16 21:33:14.268  2428 26499 D SecFgsManagerController: onForegroundStateChanged: [dialog:false]:[isForeground:false]:[packageName:com.ismailjamal.bedrockrelay]:[token:android.os.BinderProxy@ea3dd96]:[userId:0]
04-16 21:33:14.268  2428 26499 D SecFgsManagerController: updateNumberOfVisibleRunningPackagesLocked: 1
04-16 21:33:14.285  1670  1670 D NotificationService: CancelNotificationRunnable end r = 0|com.ismailjamal.bedrockrelay|1|null|10381, reason = 8
04-16 21:33:14.285  1670  1670 D SmartAlertController: SmartAlert - Found Missed Event
04-16 21:33:14.336  2840  3426 D ScanFilter: manu data matches
04-16 21:33:14.336  2840  3426 D BtGatt.GattService: onScanResult to scannerId: 2- eventType=0x10, addressType=0, address=XX:XX:XX:XX:C4:4B, primaryPhy=1, secondaryPhy=0, advertisingSid=0xff, txPower=127, rssi=-68, periodicAdvInt=0x0
04-16 21:33:14.338  7147 10900 I [+0100]oneconnect[1.8.21.28_01][CORE]: BleParserForVD.parseTvPacket - |name:($)-[(15)|deviceType:TV|discoverType:_BLE|services:None|connected:false[TvStatusString]POWER_OFF[TvStatus]-128[TvService]102[TvMirrorChannel]1[TvRegisteredDB][114, -99, 0, 0, 0, 0][TvYear]2016[TvOcfInfo]0[TvAcmStatus]0[ExTvStatus]0[ExtendedStatus]-1[ModuloSn]-1
04-16 21:33:14.468  1670  1670 I Telecom:SamsungTelecomServiceImpl: isInManagedCall - callingPackage : android / callingUser : UserHandle{0} / hasCrossUserAccess : true
04-16 21:33:14.468  1670  1670 I NotificationService: Cannot find enqueued record for key: 0|com.ismailjamal.bedrockrelay|1|null|10381
04-16 21:33:14.504  1670  1771 I GestureDetector: handleMessage TAP
04-16 21:33:14.504  1670  1670 I GestureDetector: handleMessage TAP
04-16 21:33:14.766  1670  2042 D InputReader: Btn_touch(8): value=1 when=66918.239075
04-16 21:33:14.766  1670  2042 I InputReader: Touch event's action is 0x0 (id=4, t=0) [pCnt=1, s=0.12969 ] when=66918.239075
04-16 21:33:14.767  1670  2041 I InputDispatcher: Delivering touch to (2428): action: 0x4, f=0x0, d=0, '7538e8e', t=1 
04-16 21:33:14.767  1670  2041 I InputDispatcher: Delivering touch to (17420): action: 0x0, f=0x0, d=0, '8314d4 ', t=1 
04-16 21:33:14.767 17420 17420 I ViewRootImpl@cd32dfb[MainActivity]: ViewPostIme pointer 0
04-16 21:33:14.768  2428  2428 D Navbar.Store: --------NavBarStates(0) getSpaceWidth(land: false): 118
04-16 21:33:14.768  2428  2428 D SearcleGestureHandler: allowGesture: false
04-16 21:33:14.768  1670  1771 I GestureDetector: obtain mCurrentDownEvent. id: 742564215 caller: com.android.server.wm.SystemGesturesPointerEventListener.onPointerEvent:204 com.android.server.wm.PointerEventDispatcher.onInputEvent:53 android.view.InputEventReceiver.dispatchInputEvent:337 
04-16 21:33:14.769  1670  1771 I GestureDetector: obtain mCurrentDownEvent. id: 742564215 caller: com.android.server.wm.SystemPerformancePointerEventListener.onPointerEvent:89 com.android.server.wm.PointerEventDispatcher.onInputEvent:53 android.view.InputEventReceiver.dispatchInputEvent:337 
04-16 21:33:14.774  1670  1771 I GestureDetector: obtain mCurrentMotionEventRaw. action: 2 id: 914116362
04-16 21:33:14.774  1670  1771 I GestureDetector: obtain mCurrentMotionEventRaw. action: 2 id: 914116362
04-16 21:33:14.882  1670  2042 D InputReader: Btn_touch(8): value=0 when=66918.355310
04-16 21:33:14.882  1670  2042 I InputReader: Touch event's action is 0x1 (id=4, t=0) [pCnt=1, s=] when=66918.355310
04-16 21:33:14.882  1670  2041 I InputDispatcher: Delivering touch to (17420): action: 0x1, f=0x0, d=0, '8314d4 ', t=1 
04-16 21:33:14.884 17420 17420 I ViewRootImpl@cd32dfb[MainActivity]: ViewPostIme pointer 1
04-16 21:33:14.885 17420 17420 D PhantomViewModel: Attempting to start proxy with args: [-server 192.168.1.224:19132]
04-16 21:33:14.885 17420 17420 D PhantomViewModel: UI LOG: Attempting to start proxy...
04-16 21:33:14.885 17420 17420 D PhantomViewModel: UI LOG: Arguments: -server 192.168.1.224:19132
04-16 21:33:14.887  1670  4763 I ActivityManager: Background started FGS: Allowed [callingPackage: com.ismailjamal.bedrockrelay; callingUid: 10381; uidState: TOP ; uidBFSL: [BFSL]; intent: Intent { cmp=com.ismailjamal.bedrockrelay/.PhantomService (has extras) }; code:PROC_STATE_TOP; tempAllowListReason:<null>; targetSdkVersion:35; callerTargetSdkVersion:35; startForegroundCount:2; bindFromPackage:null: isBindService:false]
04-16 21:33:14.888 17420 17420 D PhantomViewModel: UI LOG: Proxy start command sent successfully.
04-16 21:33:14.973 17420 17420 D PhantomService: Service onStartCommand received - Action: null
04-16 21:33:14.976  2428  2439 D SecFgsManagerController: onForegroundStateChanged: [dialog:false]:[isForeground:true]:[packageName:com.ismailjamal.bedrockrelay]:[token:android.os.BinderProxy@ea3dd96]:[userId:0]
04-16 21:33:14.977  2428  2439 D SecFgsManagerController: updateUiControl[com.ismailjamal.bedrockrelay]: -1
04-16 21:33:14.977  2428  2439 D SecFgsManagerController: updateNumberOfVisibleRunningPackagesLocked: 2
04-16 21:33:14.977 17420 17420 I PhantomService: Processing START command.
04-16 21:33:14.977 17420 17420 D PhantomService: SERVICE LOG: Received start request:
04-16 21:33:14.977 17420 17420 D PhantomService: SERVICE LOG:   Args: [-server 192.168.1.224:19132]
04-16 21:33:14.979 17420 17569 D PhantomRepository: Entering getBinaryFile
04-16 21:33:14.979 17420 17569 E PhantomRepository: Binary file does not exist at: /data/app/~~jBUBDSNdL8sWH59CQf3hDQ==/com.ismailjamal.bedrockrelay-WJqpRj5DOAHgGzNfQKaOcQ==/lib/arm64/libphantom.so
04-16 21:33:14.979 17420 17569 E PhantomService: Failed to get binary file from repository
04-16 21:33:14.979 17420 17569 E PhantomService: java.lang.RuntimeException: Binary file is missing: /data/app/~~jBUBDSNdL8sWH59CQf3hDQ==/com.ismailjamal.bedrockrelay-WJqpRj5DOAHgGzNfQKaOcQ==/lib/arm64/libphantom.so
04-16 21:33:14.979 17420 17569 E PhantomService: 	at com.ismailjamal.bedrockrelay.PhantomRepository.getBinaryFile-d1pmJ48(PhantomRepository.kt:68)
04-16 21:33:14.979 17420 17569 E PhantomService: 	at com.ismailjamal.bedrockrelay.PhantomService$startProcess$1.invokeSuspend(PhantomService.kt:177)
04-16 21:33:14.979 17420 17569 E PhantomService: 	at kotlin.coroutines.jvm.internal.BaseContinuationImpl.resumeWith(ContinuationImpl.kt:33)
04-16 21:33:14.979 17420 17569 E PhantomService: 	at kotlinx.coroutines.DispatchedTask.run(DispatchedTask.kt:108)
04-16 21:33:14.979 17420 17569 E PhantomService: 	at kotlinx.coroutines.internal.LimitedDispatcher$Worker.run(LimitedDispatcher.kt:115)
04-16 21:33:14.979 17420 17569 E PhantomService: 	at kotlinx.coroutines.scheduling.TaskImpl.run(Tasks.kt:103)
04-16 21:33:14.979 17420 17569 E PhantomService: 	at kotlinx.coroutines.scheduling.CoroutineScheduler.runSafely(CoroutineScheduler.kt:584)
04-16 21:33:14.979 17420 17569 E PhantomService: 	at kotlinx.coroutines.scheduling.CoroutineScheduler$Worker.executeTask(CoroutineScheduler.kt:793)
04-16 21:33:14.979 17420 17569 E PhantomService: 	at kotlinx.coroutines.scheduling.CoroutineScheduler$Worker.runWorker(CoroutineScheduler.kt:697)
04-16 21:33:14.979 17420 17569 E PhantomService: 	at kotlinx.coroutines.scheduling.CoroutineScheduler$Worker.run(CoroutineScheduler.kt:684)
04-16 21:33:14.979 17420 17569 D PhantomService: SERVICE LOG: Error: Failed to get binary file: Binary file is missing: /data/app/~~jBUBDSNdL8sWH59CQf3hDQ==/com.ismailjamal.bedrockrelay-WJqpRj5DOAHgGzNfQKaOcQ==/lib/arm64/libphantom.so
04-16 21:33:14.980 17420 17569 I PhantomService: Stopping process and service.
04-16 21:33:14.980 17420 17420 I NotificationManager: com.ismailjamal.bedrockrelay: notify(1, null, Notification(channel=phantom_service_channel shortcut=null contentView=null vibrate=null sound=null defaults=0x0 flags=0x2 color=0x00000000 vis=PRIVATE semFlags=0x0 semPriority=0 semMissedCount=0)) as user
04-16 21:33:14.980 17420 17459 D PhantomService: Stop command issued, but process was not running.
04-16 21:33:14.981  2428  2439 D SecFgsManagerController: onForegroundStateChanged: [dialog:false]:[isForeground:false]:[packageName:com.ismailjamal.bedrockrelay]:[token:android.os.BinderProxy@ea3dd96]:[userId:0]
04-16 21:33:14.981  2428  2439 D SecFgsManagerController: updateNumberOfVisibleRunningPackagesLocked: 1
04-16 21:33:14.982 17420 17420 D PhantomService: Notification updated: Proxy running...
04-16 21:33:14.983 17420 17569 D PhantomService: Process coroutine finished.
04-16 21:33:14.998  1670  1670 D NotificationService: CancelNotificationRunnable end r = 0|com.ismailjamal.bedrockrelay|1|null|10381, reason = 8
04-16 21:33:14.998  1670  1670 D SmartAlertController: SmartAlert - Found Missed Event
04-16 21:33:15.068  1670  1771 I GestureDetector: handleMessage TAP
04-16 21:33:15.069  1670  1670 I GestureDetector: handleMessage TAP
04-16 21:33:15.076 24637 24637 D BoundBrokerSvc: onBind: Intent { act=com.google.android.gms.safetynet.service.START pkg=com.google.android.gms }
04-16 21:33:15.076 24637 24637 D BoundBrokerSvc: Loading bound service for intent: Intent { act=com.google.android.gms.safetynet.service.START pkg=com.google.android.gms }
04-16 21:33:15.179  1670  1670 I Telecom:SamsungTelecomServiceImpl: isInManagedCall - callingPackage : android / callingUser : UserHandle{0} / hasCrossUserAccess : true
04-16 21:33:15.179  1670  1670 I NotificationService: Cannot find enqueued record for key: 0|com.ismailjamal.bedrockrelay|1|null|10381
04-16 21:33:15.183  1670  1670 I Telecom:SamsungTelecomServiceImpl: isInManagedCall - callingPackage : android / callingUser : UserHandle{0} / hasCrossUserAccess : true
04-16 21:33:15.183  1670  1670 I NotificationService: Cannot find enqueued record for key: 0|com.ismailjamal.bedrockrelay|1|null|10381
04-16 21:33:15.259  2428  2428 D StatusBarIconController: ignoring old pipeline callbacks, because the new mobile icons are enabled
04-16 21:33:15.334  1670  2042 D InputReader: Btn_touch(8): value=1 when=66918.807505
04-16 21:33:15.335  1670  2042 I InputReader: Touch event's action is 0x0 (id=4, t=0) [pCnt=1, s=0.12970 ] when=66918.807505
04-16 21:33:15.335  1670  2041 I InputDispatcher: Delivering touch to (2428): action: 0x4, f=0x0, d=0, '7538e8e', t=1 
04-16 21:33:15.335  1670  2041 I InputDispatcher: Delivering touch to (17420): action: 0x0, f=0x0, d=0, '8314d4 ', t=1 
04-16 21:33:15.336  1670  2041 D PowerManagerService: [api] userActivityFromNative : touch displayId=0 eventTime=66918807
04-16 21:33:15.336 17420 17420 I ViewRootImpl@cd32dfb[MainActivity]: ViewPostIme pointer 0
04-16 21:33:15.336  1670  1771 I GestureDetector: obtain mCurrentDownEvent. id: 30433495 caller: com.android.server.wm.SystemGesturesPointerEventListener.onPointerEvent:204 com.android.server.wm.PointerEventDispatcher.onInputEvent:53 android.view.InputEventReceiver.dispatchInputEvent:337 
04-16 21:33:15.336  1670  1771 I GestureDetector: obtain mCurrentDownEvent. id: 30433495 caller: com.android.server.wm.SystemPerformancePointerEventListener.onPointerEvent:89 com.android.server.wm.PointerEventDispatcher.onInputEvent:53 android.view.InputEventReceiver.dispatchInputEvent:337 
04-16 21:33:15.337  2428  2428 D Navbar.Store: --------NavBarStates(0) getSpaceWidth(land: false): 118
04-16 21:33:15.337  2428  2428 D SearcleGestureHandler: allowGesture: false
04-16 21:33:15.360  1670  1771 I GestureDetector: obtain mCurrentMotionEventRaw. action: 2 id: 1051945903
04-16 21:33:15.360  1670  1771 I GestureDetector: obtain mCurrentMotionEventRaw. action: 2 id: 1051945903
04-16 21:33:15.425  1670  2042 D InputReader: Btn_touch(8): value=0 when=66918.898756
04-16 21:33:15.425  1670  2042 I InputReader: Touch event's action is 0x1 (id=4, t=0) [pCnt=1, s=] when=66918.898756
04-16 21:33:15.425  1670  2041 I InputDispatcher: Delivering touch to (17420): action: 0x1, f=0x0, d=0, '8314d4 ', t=1 
04-16 21:33:15.427 17420 17420 I ViewRootImpl@cd32dfb[MainActivity]: ViewPostIme pointer 1
04-16 21:33:15.428 17420 17420 D PhantomViewModel: Sending stop command to service
04-16 21:33:15.428 17420 17420 D PhantomViewModel: UI LOG: Sending stop command to proxy service
04-16 21:33:15.430 17420 17420 D PhantomViewModel: UI LOG: Proxy stop command sent successfully.
04-16 21:33:15.438 17420 17420 D PhantomService: Service onStartCommand received - Action: STOP
04-16 21:33:15.440  1670  1700 I ActivityManager: Background started FGS: Allowed [callingPackage: com.ismailjamal.bedrockrelay; callingUid: 10381; uidState: TOP ; uidBFSL: [BFSL]; intent: Intent { act=STOP cmp=com.ismailjamal.bedrockrelay/.PhantomService }; code:PROC_STATE_TOP; tempAllowListReason:<null>; targetSdkVersion:35; callerTargetSdkVersion:35; startForegroundCount:3; bindFromPackage:null: isBindService:false]
04-16 21:33:15.440  2428  2439 D SecFgsManagerController: onForegroundStateChanged: [dialog:false]:[isForeground:true]:[packageName:com.ismailjamal.bedrockrelay]:[token:android.os.BinderProxy@ea3dd96]:[userId:0]
04-16 21:33:15.441 17420 17420 I PhantomService: Received STOP action.
04-16 21:33:15.441 17420 17420 D PhantomService: SERVICE LOG: Received STOP command.
04-16 21:33:15.441  2428  2439 D SecFgsManagerController: updateUiControl[com.ismailjamal.bedrockrelay]: -1
04-16 21:33:15.441  2428  2439 D SecFgsManagerController: updateNumberOfVisibleRunningPackagesLocked: 2
04-16 21:33:15.441 17420 17420 I PhantomService: Stopping process and service.
04-16 21:33:15.442 17420 17568 D PhantomService: Stop command issued, but process was not running.
04-16 21:33:15.443  2428  2439 D SecFgsManagerController: onForegroundStateChanged: [dialog:false]:[isForeground:false]:[packageName:com.ismailjamal.bedrockrelay]:[token:android.os.BinderProxy@ea3dd96]:[userId:0]
04-16 21:33:15.443  2428  2439 D SecFgsManagerController: updateNumberOfVisibleRunningPackagesLocked: 1
04-16 21:33:15.466  1670  1670 D NotificationService: CancelNotificationRunnable end r = 0|com.ismailjamal.bedrockrelay|1|null|10381, reason = 8
04-16 21:33:15.466  1670  1670 D SmartAlertController: SmartAlert - Found Missed Event
04-16 21:33:15.636  1670  1771 I GestureDetector: handleMessage TAP
04-16 21:33:15.636  1670  1670 I GestureDetector: handleMessage TAP
04-16 21:33:15.646  1670  1670 I Telecom:SamsungTelecomServiceImpl: isInManagedCall - callingPackage : android / callingUser : UserHandle{0} / hasCrossUserAccess : true
04-16 21:33:15.646  1670  1670 I NotificationService: Cannot find enqueued record for key: 0|com.ismailjamal.bedrockrelay|1|null|10381
04-16 21:33:15.735 18686 18686 D gpsd    : CALL_SENTRY(main()): GlEngine::OnResourceRelease took 250 ms (from 123819783 to 123820033) (logOverhead=0,0,0,0,0,0,0), start: 21:33:15.485
04-16 21:33:15.806  1670  4087 D SemWifiUsabilityStatsMonitor: onWifiUsabilityStats - seqNum 9791, isSameBssidAndFreq true
04-16 21:33:15.911  1670  2042 D InputReader: Btn_touch(8): value=1 when=66919.383806
04-16 21:33:15.911  1670  2042 I InputReader: Touch event's action is 0x0 (id=4, t=0) [pCnt=1, s=0.12971 ] when=66919.383806
04-16 21:33:15.912  1670  2041 I InputDispatcher: Delivering touch to (2428): action: 0x4, f=0x0, d=0, '7538e8e', t=1 
04-16 21:33:15.912  1670  2041 I InputDispatcher: Delivering touch to (17420): action: 0x0, f=0x0, d=0, '8314d4 ', t=1 
04-16 21:33:15.912  2428  2428 D Navbar.Store: --------NavBarStates(0) getSpaceWidth(land: false): 118
04-16 21:33:15.912  2428  2428 D SearcleGestureHandler: allowGesture: false
04-16 21:33:15.913 17420 17420 I ViewRootImpl@cd32dfb[MainActivity]: ViewPostIme pointer 0
04-16 21:33:15.913  1670  1771 I GestureDetector: obtain mCurrentDownEvent. id: 88001907 caller: com.android.server.wm.SystemGesturesPointerEventListener.onPointerEvent:204 com.android.server.wm.PointerEventDispatcher.onInputEvent:53 android.view.InputEventReceiver.dispatchInputEvent:337 
04-16 21:33:15.913  1670  1771 I GestureDetector: obtain mCurrentDownEvent. id: 88001907 caller: com.android.server.wm.SystemPerformancePointerEventListener.onPointerEvent:89 com.android.server.wm.PointerEventDispatcher.onInputEvent:53 android.view.InputEventReceiver.dispatchInputEvent:337 
04-16 21:33:15.919  2584  2584 I wpa_supplicant: Heartbeat 6609
04-16 21:33:15.928  1670  1771 I GestureDetector: obtain mCurrentMotionEventRaw. action: 2 id: 1022237092
04-16 21:33:15.928  1670  1771 I GestureDetector: obtain mCurrentMotionEventRaw. action: 2 id: 1022237092
