04-17 11:09:14.571  1670  1701 I ActivityManager: Background started FGS: Allowed [callingPackage: com.ismailjamal.bedrockrelay; callingUid: 10387; uidState: TOP ; uidBFSL: [BFSL]; intent: Intent { act=STOP cmp=com.ismailjamal.bedrockrelay/.PhantomService }; code:PROC_STATE_TOP; tempAllowListReason:<null>; targetSdkVersion:35; callerTargetSdkVersion:35; startForegroundCount:11; bindFromPackage:null: isBindService:false]
04-17 11:09:14.572  2428 27011 D SecFgsManagerController: onForegroundStateChanged: [dialog:false]:[isForeground:true]:[packageName:com.ismailjamal.bedrockrelay]:[token:android.os.BinderProxy@cbf132d]:[userId:0]
04-17 11:09:14.573 31229 31229 I PhantomService: Received STOP action.
04-17 11:09:14.573 31229 31229 D PhantomService: SERVICE LOG: Received STOP command.
04-17 11:09:14.573  1670  1784 E NotificationService: isPkgBlocked = true
04-17 11:09:14.573  1670  1784 E NotificationService: isRecordBlocked = false
04-17 11:09:14.573  1670  1784 E NotificationService: Suppressing notification from package com.ismailjamal.bedrockrelay by user request.
04-17 11:09:14.573 31229 31229 I PhantomService: Stopping process and service.
04-17 11:09:14.574 31229 31287 D PhantomService: Stop command issued, but process was not running.
04-17 11:09:14.576  2428 27011 D SecFgsManagerController: updateUiControl[com.ismailjamal.bedrockrelay]: -1
04-17 11:09:14.576  2428 27011 D SecFgsManagerController: updateNumberOfVisibleRunningPackagesLocked: 2
04-17 11:09:14.576  2428 27011 D SecFgsManagerController: onForegroundStateChanged: [dialog:false]:[isForeground:false]:[packageName:com.ismailjamal.bedrockrelay]:[token:android.os.BinderProxy@cbf132d]:[userId:0]
04-17 11:09:14.576  2428 27011 D SecFgsManagerController: updateNumberOfVisibleRunningPackagesLocked: 1
04-17 11:09:14.773  1670  1771 I GestureDetector: handleMessage TAP
04-17 11:09:14.773  1670  1670 I GestureDetector: handleMessage TAP
04-17 11:09:14.905  2840  3426 D ScanFilter: manu data matches
04-17 11:09:14.905  2840  3426 D BtGatt.GattService: onScanResult to scannerId: 2- eventType=0x10, addressType=0, address=XX:XX:XX:XX:C4:4B, primaryPhy=1, secondaryPhy=0, advertisingSid=0xff, txPower=127, rssi=-55, periodicAdvInt=0x0
04-17 11:09:14.908  7147 10900 I [+0100]oneconnect[1.8.21.28_01][CORE]: BleParserForVD.parseTvPacket - |name:($)-[(15)|deviceType:TV|discoverType:_BLE|services:None|connected:false[TvStatusString]POWER_OFF[TvStatus]-128[TvService]102[TvMirrorChannel]1[TvRegisteredDB][114, -99, 0, 0, 0, 0][TvYear]2016[TvOcfInfo]0[TvAcmStatus]0[ExTvStatus]0[ExtendedStatus]-1[ModuloSn]-1
04-17 11:09:15.294  1670  2042 D InputReader: Btn_touch(8): value=1 when=78175.534494
04-17 11:09:15.295  1670  2042 I InputReader: Touch event's action is 0x0 (id=4, t=0) [pCnt=1, s=0.13675 ] when=78175.534494
04-17 11:09:15.297  1670  2041 I InputDispatcher: Delivering touch to (2428): action: 0x4, f=0x0, d=0, '7538e8e', t=1 
04-17 11:09:15.297  1670  2041 I InputDispatcher: Delivering touch to (31229): action: 0x0, f=0x0, d=0, '7cccf1f', t=1 
04-17 11:09:15.298  2428  2428 D Navbar.Store: --------NavBarStates(0) getSpaceWidth(land: false): 118
04-17 11:09:15.298  2428  2428 D SearcleGestureHandler: allowGesture: false
04-17 11:09:15.298 31229 31229 I ViewRootImpl@cd32dfb[MainActivity]: ViewPostIme pointer 0
04-17 11:09:15.299  1670  1771 I GestureDetector: obtain mCurrentDownEvent. id: 444940885 caller: com.android.server.wm.SystemGesturesPointerEventListener.onPointerEvent:204 com.android.server.wm.PointerEventDispatcher.onInputEvent:53 android.view.InputEventReceiver.dispatchInputEvent:337 
04-17 11:09:15.299  1670  1771 I GestureDetector: obtain mCurrentDownEvent. id: 444940885 caller: com.android.server.wm.SystemPerformancePointerEventListener.onPointerEvent:89 com.android.server.wm.PointerEventDispatcher.onInputEvent:53 android.view.InputEventReceiver.dispatchInputEvent:337 
04-17 11:09:15.310  1670  1771 I GestureDetector: obtain mCurrentMotionEventRaw. action: 2 id: 417161390
04-17 11:09:15.310  1670  1771 I GestureDetector: obtain mCurrentMotionEventRaw. action: 2 id: 417161390
04-17 11:09:15.401  1670  2042 D InputReader: Btn_touch(8): value=0 when=78175.641378
04-17 11:09:15.401  1670  2042 I InputReader: Touch event's action is 0x1 (id=4, t=0) [pCnt=1, s=] when=78175.641378
04-17 11:09:15.401  1670  2041 I InputDispatcher: Delivering touch to (31229): action: 0x1, f=0x0, d=0, '7cccf1f', t=1 
04-17 11:09:15.401 31229 31229 I ViewRootImpl@cd32dfb[MainActivity]: ViewPostIme pointer 1
04-17 11:09:15.599  1670  1771 I GestureDetector: handleMessage TAP
04-17 11:09:15.600  1670  1670 I GestureDetector: handleMessage TAP
04-17 11:09:15.941  1256  1256 I Sensors : batch(19) - light_cct_sensor try to batching with 200000000
04-17 11:09:15.944  1256  1256 I Sensors : LightCCT_Sensor old sensor_state 279041, new sensor_state : 283695475081729 en : 1
04-17 11:09:15.950  1256  1256 I Sensors : enable:: light_cct_sensor(19)
04-17 11:09:15.950  1670  2268 D SensorManager: registerListener :: 33, TMD4912 Light CCT, 200000, 0, com.samsung.android.displaysolution.EyeComfortSolutionService$2@d860f6
04-17 11:09:15.984  1256  1995 I Sensors : lux = 84, CCT = 0, r = 2683, g = 565, b = 4589, c = 988, atime = 350, again = 512, lux_raw = 88, brightness = 134, time = 172782131700985
04-17 11:09:15.989  1256  1256 I Sensors : LightCCT_Sensor old sensor_state 279041, new sensor_state : 283691180114433 en : 0
04-17 11:09:15.993  1256  1256 I Sensors : disable:: light_cct_sensor(19)
04-17 11:09:15.993  1670  2268 D SensorManager: unregisterListener :: com.samsung.android.displaysolution.EyeComfortSolutionService$2@d860f6
04-17 11:09:16.026  1670  4087 D SemWifiUsabilityStatsMonitor: onWifiUsabilityStats - seqNum 10936, isSameBssidAndFreq true
04-17 11:09:16.376   675   675 D io_stats: !@ Read_top(KB): binder:1234_4(1234) 52
04-17 11:09:16.376   675   675 D io_stats: !@ Write_top(KB): kworker/u16:18(27220) 144
04-17 11:09:16.644  1670  2042 D InputReader: Btn_touch(8): value=1 when=78176.884417
04-17 11:09:16.645  1670  2042 I InputReader: Touch event's action is 0x0 (id=4, t=0) [pCnt=1, s=0.13676 ] when=78176.884417
04-17 11:09:16.646  1670  2041 I InputDispatcher: Delivering touch to (2428): action: 0x4, f=0x0, d=0, '7538e8e', t=1 
04-17 11:09:16.647  1670  2041 I InputDispatcher: Delivering touch to (31229): action: 0x0, f=0x0, d=0, '7cccf1f', t=1 
04-17 11:09:16.647 31229 31229 I ViewRootImpl@cd32dfb[MainActivity]: ViewPostIme pointer 0
04-17 11:09:16.647  1670  2041 D PowerManagerService: [api] userActivityFromNative : touch displayId=0 eventTime=78176884
04-17 11:09:16.648  1670  1771 I GestureDetector: obtain mCurrentDownEvent. id: 921945674 caller: com.android.server.wm.SystemGesturesPointerEventListener.onPointerEvent:204 com.android.server.wm.PointerEventDispatcher.onInputEvent:53 android.view.InputEventReceiver.dispatchInputEvent:337 
04-17 11:09:16.648  1670  1771 I GestureDetector: obtain mCurrentDownEvent. id: 921945674 caller: com.android.server.wm.SystemPerformancePointerEventListener.onPointerEvent:89 com.android.server.wm.PointerEventDispatcher.onInputEvent:53 android.view.InputEventReceiver.dispatchInputEvent:337 
04-17 11:09:16.649  2428  2428 D Navbar.Store: --------NavBarStates(0) getSpaceWidth(land: false): 118
04-17 11:09:16.649  2428  2428 D SearcleGestureHandler: allowGesture: false
04-17 11:09:16.661  1670  1771 I GestureDetector: obtain mCurrentMotionEventRaw. action: 2 id: 975858668
04-17 11:09:16.661  1670  1771 I GestureDetector: obtain mCurrentMotionEventRaw. action: 2 id: 975858668
04-17 11:09:16.693  1670  2042 D InputReader: Btn_touch(8): value=0 when=78176.934068
04-17 11:09:16.693  1670  2042 I InputReader: Touch event's action is 0x1 (id=4, t=0) [pCnt=1, s=] when=78176.934068
04-17 11:09:16.693  1670  2041 I InputDispatcher: Delivering touch to (31229): action: 0x1, f=0x0, d=0, '7cccf1f', t=1 
04-17 11:09:16.694 31229 31229 I ViewRootImpl@cd32dfb[MainActivity]: ViewPostIme pointer 1
04-17 11:09:16.696 31229 31229 D PhantomViewModel: Attempting to start proxy with args: [-server 192.168.1.224:19132]
04-17 11:09:16.696 31229 31229 D PhantomViewModel: UI LOG: Attempting to start proxy...
04-17 11:09:16.696 31229 31229 D PhantomViewModel: UI LOG: Arguments: -server 192.168.1.224:19132
04-17 11:09:16.697  1670  1701 I ActivityManager: Background started FGS: Allowed [callingPackage: com.ismailjamal.bedrockrelay; callingUid: 10387; uidState: TOP ; uidBFSL: [BFSL]; intent: Intent { cmp=com.ismailjamal.bedrockrelay/.PhantomService (has extras) }; code:PROC_STATE_TOP; tempAllowListReason:<null>; targetSdkVersion:35; callerTargetSdkVersion:35; startForegroundCount:12; bindFromPackage:null: isBindService:false]
04-17 11:09:16.699 31229 31229 D PhantomViewModel: UI LOG: Proxy start command sent successfully.
04-17 11:09:16.706 31229 31229 D PhantomService: Service onStartCommand received - Action: null
04-17 11:09:16.709  2428 27011 D SecFgsManagerController: onForegroundStateChanged: [dialog:false]:[isForeground:true]:[packageName:com.ismailjamal.bedrockrelay]:[token:android.os.BinderProxy@cbf132d]:[userId:0]
04-17 11:09:16.711  1670  1784 E NotificationService: isPkgBlocked = true
04-17 11:09:16.711  1670  1784 E NotificationService: isRecordBlocked = false
04-17 11:09:16.711  1670  1784 E NotificationService: Suppressing notification from package com.ismailjamal.bedrockrelay by user request.
04-17 11:09:16.712  2428 27011 D SecFgsManagerController: updateUiControl[com.ismailjamal.bedrockrelay]: -1
04-17 11:09:16.712  2428 27011 D SecFgsManagerController: updateNumberOfVisibleRunningPackagesLocked: 2
04-17 11:09:16.715 31229 31229 I PhantomService: Processing START command.
04-17 11:09:16.715 31229 31229 D PhantomService: SERVICE LOG: Received start request:
04-17 11:09:16.716 31229 31229 D PhantomService: SERVICE LOG:   Args: [-server 192.168.1.224:19132]
04-17 11:09:16.717 31229 31287 D PhantomRepository: Entering getBinaryFile
04-17 11:09:16.717 31229 31287 D PhantomRepository: Checking for binary at: /data/app/~~K4yIlBSfSpa1K80wfbb9xg==/com.ismailjamal.bedrockrelay-a0SwdV5l3pCzATTHi0Z5LQ==/lib/arm64/libphantom.so
04-17 11:09:16.717 31229 31287 E PhantomRepository: Binary libphantom.so not found at expected location: /data/app/~~K4yIlBSfSpa1K80wfbb9xg==/com.ismailjamal.bedrockrelay-a0SwdV5l3pCzATTHi0Z5LQ==/lib/arm64/libphantom.so
04-17 11:09:16.717 31229 31287 D PhantomRepository: --- Directory Tree Dump ---
04-17 11:09:16.717 31229 31287 D PhantomRepository: Attempting to log native library directory structure:
04-17 11:09:16.717 31229 31287 D PhantomRepository: nativeLibDir: arm64/
04-17 11:09:16.717 31229 31287 D PhantomRepository: nativeLibDir:   [Directory is empty]
04-17 11:09:16.717 31229 31287 D PhantomRepository: Parent directory structure:
04-17 11:09:16.717 31229 31287 D PhantomRepository: baseLibDir: lib/
04-17 11:09:16.718 31229 31287 D PhantomRepository: baseLibDir: └── arm64/
04-17 11:09:16.718 31229 31287 D PhantomRepository: baseLibDir:     arm64/
04-17 11:09:16.718 31229 31287 D PhantomRepository: baseLibDir:       [Directory is empty]
04-17 11:09:16.718 31229 31287 D PhantomRepository: --- End Directory Tree Dump ---
04-17 11:09:16.718 31229 31287 E PhantomService: Failed to get binary file from repository
04-17 11:09:16.718 31229 31287 E PhantomService: java.lang.RuntimeException: Binary libphantom.so not found at /data/app/~~K4yIlBSfSpa1K80wfbb9xg==/com.ismailjamal.bedrockrelay-a0SwdV5l3pCzATTHi0Z5LQ==/lib/arm64/libphantom.so
04-17 11:09:16.718 31229 31287 E PhantomService: 	at com.ismailjamal.bedrockrelay.PhantomRepository.getBinaryFile-d1pmJ48(PhantomRepository.kt:100)
04-17 11:09:16.718 31229 31287 E PhantomService: 	at com.ismailjamal.bedrockrelay.PhantomService$startProcess$1.invokeSuspend(PhantomService.kt:177)
04-17 11:09:16.718 31229 31287 E PhantomService: 	at kotlin.coroutines.jvm.internal.BaseContinuationImpl.resumeWith(ContinuationImpl.kt:33)
04-17 11:09:16.718 31229 31287 E PhantomService: 	at kotlinx.coroutines.DispatchedTask.run(DispatchedTask.kt:108)
04-17 11:09:16.718 31229 31287 E PhantomService: 	at kotlinx.coroutines.internal.LimitedDispatcher$Worker.run(LimitedDispatcher.kt:115)
04-17 11:09:16.718 31229 31287 E PhantomService: 	at kotlinx.coroutines.scheduling.TaskImpl.run(Tasks.kt:103)
04-17 11:09:16.718 31229 31287 E PhantomService: 	at kotlinx.coroutines.scheduling.CoroutineScheduler.runSafely(CoroutineScheduler.kt:584)
04-17 11:09:16.718 31229 31287 E PhantomService: 	at kotlinx.coroutines.scheduling.CoroutineScheduler$Worker.executeTask(CoroutineScheduler.kt:793)
04-17 11:09:16.718 31229 31287 E PhantomService: 	at kotlinx.coroutines.scheduling.CoroutineScheduler$Worker.runWorker(CoroutineScheduler.kt:697)
04-17 11:09:16.718 31229 31287 E PhantomService: 	at kotlinx.coroutines.scheduling.CoroutineScheduler$Worker.run(CoroutineScheduler.kt:684)
04-17 11:09:16.718 31229 31287 D PhantomService: SERVICE LOG: Error: Failed to get binary file: Binary libphantom.so not found at /data/app/~~K4yIlBSfSpa1K80wfbb9xg==/com.ismailjamal.bedrockrelay-a0SwdV5l3pCzATTHi0Z5LQ==/lib/arm64/libphantom.so
04-17 11:09:16.719 31229 31287 I PhantomService: Stopping process and service.
04-17 11:09:16.720 31229 31288 D PhantomService: Stop command issued, but process was not running.
04-17 11:09:16.722 31229 31229 I NotificationManager: com.ismailjamal.bedrockrelay: notify(1, null, Notification(channel=phantom_service_channel shortcut=null contentView=null vibrate=null sound=null defaults=0x0 flags=0x2 color=0x00000000 vis=PRIVATE semFlags=0x0 semPriority=0 semMissedCount=0)) as user
04-17 11:09:16.723  2428 27011 D SecFgsManagerController: onForegroundStateChanged: [dialog:false]:[isForeground:false]:[packageName:com.ismailjamal.bedrockrelay]:[token:android.os.BinderProxy@cbf132d]:[userId:0]
04-17 11:09:16.724  2428 27011 D SecFgsManagerController: updateNumberOfVisibleRunningPackagesLocked: 1
04-17 11:09:16.727 31229 31287 D PhantomService: Process coroutine finished.
04-17 11:09:16.728  1670  1701 E NotificationService: isPkgBlocked = true
04-17 11:09:16.728  1670  1701 E NotificationService: isRecordBlocked = false
04-17 11:09:16.728  1670  1701 E NotificationService: Suppressing notification from package com.ismailjamal.bedrockrelay by user request.
04-17 11:09:16.728 31229 31229 D PhantomService: Notification updated: Proxy running...
04-17 11:09:16.760  2840  3426 D ScanFilter: manu data matches
04-17 11:09:16.760  2840  3426 D BtGatt.GattService: onScanResult to scannerId: 2- eventType=0x10, addressType=0, address=XX:XX:XX:XX:C4:4B, primaryPhy=1, secondaryPhy=0, advertisingSid=0xff, txPower=127, rssi=-65, periodicAdvInt=0x0
04-17 11:09:16.761  7147 10900 I [+0100]oneconnect[1.8.21.28_01][CORE]: BleParserForVD.parseTvPacket - |name:($)-[(15)|deviceType:TV|discoverType:_BLE|services:None|connected:false[TvStatusString]POWER_OFF[TvStatus]-128[TvService]102[TvMirrorChannel]1[TvRegisteredDB][114, -99, 0, 0, 0, 0][TvYear]2016[TvOcfInfo]0[TvAcmStatus]0[ExTvStatus]0[ExtendedStatus]-1[ModuloSn]-1
04-17 11:09:16.948  1670  1771 I GestureDetector: handleMessage TAP
04-17 11:09:16.948  1670  1670 I GestureDetector: handleMessage TAP
04-17 11:09:17.170  1336  1513 I EDEN    : [Exynos][EDEN][v1.6.23][SERVICE] processAliveMointorMain:253: Try to check pid=(1282)...
04-17 11:09:17.388  1670  2042 D InputReader: Btn_touch(8): value=1 when=78177.628311
04-17 11:09:17.389  1670  2042 I InputReader: Touch event's action is 0x0 (id=4, t=0) [pCnt=1, s=0.13677 ] when=78177.628311
04-17 11:09:17.390  1670  2041 I InputDispatcher: Delivering touch to (2428): action: 0x4, f=0x0, d=0, '7538e8e', t=1 
04-17 11:09:17.390  1670  2041 I InputDispatcher: Delivering touch to (31229): action: 0x0, f=0x0, d=0, '7cccf1f', t=1 
04-17 11:09:17.391  2428  2428 D Navbar.Store: --------NavBarStates(0) getSpaceWidth(land: false): 118
04-17 11:09:17.391  2428  2428 D SearcleGestureHandler: allowGesture: false
04-17 11:09:17.392  1670  1771 I GestureDetector: obtain mCurrentDownEvent. id: 724905826 caller: com.android.server.wm.SystemGesturesPointerEventListener.onPointerEvent:204 com.android.server.wm.PointerEventDispatcher.onInputEvent:53 android.view.InputEventReceiver.dispatchInputEvent:337 
04-17 11:09:17.393  1670  1771 I GestureDetector: obtain mCurrentDownEvent. id: 724905826 caller: com.android.server.wm.SystemPerformancePointerEventListener.onPointerEvent:89 com.android.server.wm.PointerEventDispatcher.onInputEvent:53 android.view.InputEventReceiver.dispatchInputEvent:337 
04-17 11:09:17.393 31229 31229 I ViewRootImpl@cd32dfb[MainActivity]: ViewPostIme pointer 0
04-17 11:09:17.404  1670  1771 I GestureDetector: obtain mCurrentMotionEventRaw. action: 2 id: 147250748
04-17 11:09:17.404  1670  1771 I GestureDetector: obtain mCurrentMotionEventRaw. action: 2 id: 147250748
04-17 11:09:17.452  1670  2042 D InputReader: Btn_touch(8): value=0 when=78177.693387
04-17 11:09:17.452  1670  2042 I InputReader: Touch event's action is 0x1 (id=4, t=0) [pCnt=1, s=] when=78177.693387
04-17 11:09:17.453  1670  2041 I InputDispatcher: Delivering touch to (31229): action: 0x1, f=0x0, d=0, '7cccf1f', t=1 
04-17 11:09:17.453 31229 31229 I ViewRootImpl@cd32dfb[MainActivity]: ViewPostIme pointer 1
04-17 11:09:17.693  1670  1670 I GestureDetector: handleMessage TAP
04-17 11:09:17.693  1670  1771 I GestureDetector: handleMessage TAP
04-17 11:09:18.377   675   675 D io_stats: !@   8,0 r 7285118 181137808 w 2724626 36516204 d 795539 39395012 f 0 0 iot 4107288 0 th 0 0 0 pt 0 inp 0 0 78178.618
04-17 11:09:18.633  2840  3426 D ScanFilter: manu data matches
04-17 11:09:18.633  2840  3426 D BtGatt.GattService: onScanResult to scannerId: 2- eventType=0x10, addressType=0, address=XX:XX:XX:XX:C4:4B, primaryPhy=1, secondaryPhy=0, advertisingSid=0xff, txPower=127, rssi=-62, periodicAdvInt=0x0
04-17 11:09:18.646  7147 10900 I [+0100]oneconnect[1.8.21.28_01][CORE]: BleParserForVD.parseTvPacket - |name:($)-[(15)|deviceType:TV|discoverType:_BLE|services:None|connected:false[TvStatusString]POWER_OFF[TvStatus]-128[TvService]102[TvMirrorChannel]1[TvRegisteredDB][114, -99, 0, 0, 0, 0][TvYear]2016[TvOcfInfo]0[TvAcmStatus]0[ExTvStatus]0[ExtendedStatus]-1[ModuloSn]-1
04-17 11:09:18.772  1670  3335 D FreecessController: com.ismailjamal.bedrockrelay(10387) is important[12]
04-17 11:09:19.129  1670  4087 D SemWifiUsabilityStatsMonitor: onWifiUsabilityStats - seqNum 10937, isSameBssidAndFreq true
04-17 11:09:19.146  1670  3335 D FreecessController: com.sec.android.app.shealth(10318) is important[fg-service]
04-17 11:09:19.155  1670  2042 D InputReader: Btn_touch(8): value=1 when=78179.395110
04-17 11:09:19.155  1670  2042 I InputReader: Touch event's action is 0x0 (id=4, t=0) [pCnt=1, s=0.13678 ] when=78179.395110
04-17 11:09:19.156  1670  2041 I InputDispatcher: Delivering touch to (2428): action: 0x4, f=0x0, d=0, '7538e8e', t=1 
04-17 11:09:19.156  1670  2041 I InputDispatcher: Delivering touch to (31229): action: 0x0, f=0x0, d=0, '7cccf1f', t=1 
04-17 11:09:19.157  1670  2041 D PowerManagerService: [api] userActivityFromNative : touch displayId=0 eventTime=78179395
04-17 11:09:19.157  2428  2428 D Navbar.Store: --------NavBarStates(0) getSpaceWidth(land: false): 118
04-17 11:09:19.157  2428  2428 D SearcleGestureHandler: allowGesture: false
04-17 11:09:19.157 31229 31229 I ViewRootImpl@cd32dfb[MainActivity]: ViewPostIme pointer 0
04-17 11:09:19.158  1670  1771 I GestureDetector: obtain mCurrentDownEvent. id: 1069399323 caller: com.android.server.wm.SystemGesturesPointerEventListener.onPointerEvent:204 com.android.server.wm.PointerEventDispatcher.onInputEvent:53 android.view.InputEventReceiver.dispatchInputEvent:337 
04-17 11:09:19.158  1670  1771 I GestureDetector: obtain mCurrentDownEvent. id: 1069399323 caller: com.android.server.wm.SystemPerformancePointerEventListener.onPointerEvent:89 com.android.server.wm.PointerEventDispatcher.onInputEvent:53 android.view.InputEventReceiver.dispatchInputEvent:337 
04-17 11:09:19.188  1670  1771 I GestureDetector: obtain mCurrentMotionEventRaw. action: 2 id: 293916311
04-17 11:09:19.189  1670  1771 I GestureDetector: obtain mCurrentMotionEventRaw. action: 2 id: 293916311
04-17 11:09:19.262  1670  2042 D InputReader: Btn_touch(8): value=0 when=78179.503305
04-17 11:09:19.263  1670  2042 I InputReader: Touch event's action is 0x1 (id=4, t=0) [pCnt=1, s=] when=78179.503305
04-17 11:09:19.263  1670  2041 I InputDispatcher: Delivering touch to (31229): action: 0x1, f=0x0, d=0, '7cccf1f', t=1 
04-17 11:09:19.263 31229 31229 I ViewRootImpl@cd32dfb[MainActivity]: ViewPostIme pointer 1
04-17 11:09:19.458  1670  1771 I GestureDetector: handleMessage TAP
04-17 11:09:19.459  1670  1670 I GestureDetector: handleMessage TAP
04-17 11:09:19.661  1670  1701 W ProcessStats: Tracking association SourceState{90a3538 com.samsung.android.spay/10327 ImpBg #306679} whose proc state 6 is better than process ProcessState{fad440f com.samsung.android.samsungpay.gear/10300 pkg=com.samsung.android.samsungpay.gear} proc state 8 (12 skipped)
04-17 11:09:19.704  1670  1694 W System  : A resource failed to call close. 
04-17 11:09:19.705  1670  1694 W System  : A resource failed to call close. 
04-17 11:09:19.705  1670  1694 W System  : A resource failed to call close. 
04-17 11:09:19.705  1670  1694 W System  : A resource failed to call close. 
