--------- beginning of system
04-16 19:37:19.386  1670  1670 D SmartAlertController: SmartAlert - Found Missed Event
--------- beginning of main
04-16 19:37:19.394  2840  3426 D ScanFilter: manu data matches
04-16 19:37:19.394  2840  3426 D BtGatt.GattService: onScanResult to scannerId: 2- eventType=0x10, addressType=0, address=XX:XX:XX:XX:C4:4B, primaryPhy=1, secondaryPhy=0, advertisingSid=0xff, txPower=127, rssi=-78, periodicAdvInt=0x0
04-16 19:37:19.396  7147 10900 I [+0100]oneconnect[1.8.21.28_01][CORE]: BleParserForVD.parseTvPacket - |name:($)-[(15)|deviceType:TV|discoverType:_BLE|services:None|connected:false[TvStatusString]POWER_OFF[TvStatus]-128[TvService]102[TvMirrorChannel]1[TvRegisteredDB][114, -99, 0, 0, 0, 0][TvYear]2016[TvOcfInfo]0[TvAcmStatus]0[ExTvStatus]0[ExtendedStatus]-1[ModuloSn]-1
04-16 19:37:19.495  1670  1771 I GestureDetector: handleMessage TAP
04-16 19:37:19.496  1670  1670 I GestureDetector: handleMessage TAP
04-16 19:37:19.567  1670  1670 I Telecom:SamsungTelecomServiceImpl: isInManagedCall - callingPackage : android / callingUser : UserHandle{0} / hasCrossUserAccess : true
04-16 19:37:19.567  1670  1670 I NotificationService: Cannot find enqueued record for key: 0|com.ismailjamal.bedrockrelay|1|null|10379
04-16 19:37:19.571  1670  1670 I Telecom:SamsungTelecomServiceImpl: isInManagedCall - callingPackage : android / callingUser : UserHandle{0} / hasCrossUserAccess : true
04-16 19:37:19.571  1670  1670 I NotificationService: Cannot find enqueued record for key: 0|com.ismailjamal.bedrockrelay|1|null|10379
04-16 19:37:19.802  1670  2042 D InputReader: Btn_touch(8): value=1 when=59964.187269
04-16 19:37:19.803  1670  2042 I InputReader: Touch event's action is 0x0 (id=4, t=0) [pCnt=1, s=0.12330 ] when=59964.187269
04-16 19:37:19.803  1670  2041 I InputDispatcher: Delivering touch to (2428): action: 0x4, f=0x0, d=0, '7538e8e', t=1 
04-16 19:37:19.803  1670  2041 I InputDispatcher: Delivering touch to (15145): action: 0x0, f=0x0, d=0, 'a10ee75', t=1 
04-16 19:37:19.804  1670  2041 D PowerManagerService: [api] userActivityFromNative : touch displayId=0 eventTime=59964187
04-16 19:37:19.804  2428  2428 D Navbar.Store: --------NavBarStates(0) getSpaceWidth(land: false): 118
04-16 19:37:19.804  2428  2428 D SearcleGestureHandler: allowGesture: false
04-16 19:37:19.804 15145 15145 I ViewRootImpl@90f3e18[MainActivity]: ViewPostIme pointer 0
04-16 19:37:19.804  1670  1771 I GestureDetector: obtain mCurrentDownEvent. id: 193682360 caller: com.android.server.wm.SystemGesturesPointerEventListener.onPointerEvent:204 com.android.server.wm.PointerEventDispatcher.onInputEvent:53 android.view.InputEventReceiver.dispatchInputEvent:337 
04-16 19:37:19.805  1670  1771 I GestureDetector: obtain mCurrentDownEvent. id: 193682360 caller: com.android.server.wm.SystemPerformancePointerEventListener.onPointerEvent:89 com.android.server.wm.PointerEventDispatcher.onInputEvent:53 android.view.InputEventReceiver.dispatchInputEvent:337 
04-16 19:37:19.819  1670  1771 I GestureDetector: obtain mCurrentMotionEventRaw. action: 2 id: 190671972
04-16 19:37:19.819  1670  1771 I GestureDetector: obtain mCurrentMotionEventRaw. action: 2 id: 190671972
04-16 19:37:19.901  1670  2042 D InputReader: Btn_touch(8): value=0 when=59964.286445
04-16 19:37:19.901  1670  2042 I InputReader: Touch event's action is 0x1 (id=4, t=0) [pCnt=1, s=] when=59964.286445
04-16 19:37:19.901  1670  2041 I InputDispatcher: Delivering touch to (15145): action: 0x1, f=0x0, d=0, 'a10ee75', t=1 
04-16 19:37:19.901 15145 15145 I ViewRootImpl@90f3e18[MainActivity]: ViewPostIme pointer 1
04-16 19:37:19.903 15145 15145 D PhantomViewModel: Sending stop command to service
04-16 19:37:19.903 15145 15145 D PhantomViewModel: UI LOG: Sending stop command to proxy service
04-16 19:37:19.905 15145 15145 D PhantomViewModel: UI LOG: Proxy stop command sent successfully.
04-16 19:37:19.912 15145 15145 D PhantomService: Service onStartCommand received - Action: STOP
04-16 19:37:19.913  1670  1700 I ActivityManager: Background started FGS: Allowed [callingPackage: com.ismailjamal.bedrockrelay; callingUid: 10379; uidState: TOP ; uidBFSL: [BFSL]; intent: Intent { act=STOP cmp=com.ismailjamal.bedrockrelay/.PhantomService }; code:PROC_STATE_TOP; tempAllowListReason:<null>; targetSdkVersion:35; callerTargetSdkVersion:35; startForegroundCount:3; bindFromPackage:null: isBindService:false]
04-16 19:37:19.914  2428  2437 D SecFgsManagerController: onForegroundStateChanged: [dialog:false]:[isForeground:true]:[packageName:com.ismailjamal.bedrockrelay]:[token:android.os.BinderProxy@c31235f]:[userId:0]
04-16 19:37:19.915  2428  2437 D SecFgsManagerController: updateUiControl[com.ismailjamal.bedrockrelay]: -1
04-16 19:37:19.915  2428  2437 D SecFgsManagerController: updateNumberOfVisibleRunningPackagesLocked: 1
04-16 19:37:19.916 15145 15145 I PhantomService: Received STOP action.
04-16 19:37:19.916 15145 15145 D PhantomService: SERVICE LOG: Received STOP command.
04-16 19:37:19.916 15145 15145 I PhantomService: Stopping process and service.
04-16 19:37:19.917 15145 15187 D PhantomService: Stop command issued, but process was not running.
04-16 19:37:19.919  2428  2437 D SecFgsManagerController: onForegroundStateChanged: [dialog:false]:[isForeground:false]:[packageName:com.ismailjamal.bedrockrelay]:[token:android.os.BinderProxy@c31235f]:[userId:0]
04-16 19:37:19.919  2428  2437 D SecFgsManagerController: updateNumberOfVisibleRunningPackagesLocked: 0
04-16 19:37:19.937  1670  1670 D NotificationService: CancelNotificationRunnable end r = 0|com.ismailjamal.bedrockrelay|1|null|10379, reason = 8
04-16 19:37:19.937  1670  1670 D SmartAlertController: SmartAlert - Found Missed Event
04-16 19:37:19.991   675   675 D io_stats: !@   8,0 r 5648052 132555012 w 2139307 29193156 d 628102 33361920 f 0 0 iot 3130376 0 th 0 0 0 pt 0 inp 0 0 59964.376
04-16 19:37:19.992   675   675 D io_stats: !@ Read_top(KB): loop48(3506) 256
04-16 19:37:19.992   675   675 D io_stats: !@ Write_top(KB): kworker/u16:3(9297) 276
04-16 19:37:20.104  1670  1771 I GestureDetector: handleMessage TAP
04-16 19:37:20.105  1670  1670 I GestureDetector: handleMessage TAP
04-16 19:37:20.119  1670  1670 I Telecom:SamsungTelecomServiceImpl: isInManagedCall - callingPackage : android / callingUser : UserHandle{0} / hasCrossUserAccess : true
04-16 19:37:20.119  1670  1670 I NotificationService: Cannot find enqueued record for key: 0|com.ismailjamal.bedrockrelay|1|null|10379
04-16 19:37:20.175  2428  2428 D StatusBarIconController: ignoring old pipeline callbacks, because the new mobile icons are enabled
04-16 19:37:20.205  1670  3335 D FreecessController: com.instagram.android(10279) is important[2]
04-16 19:37:20.254  1670  4807 W ProcessStats: Tracking association SourceState{90a3538 com.samsung.android.spay/10327 ImpBg #240893} whose proc state 6 is better than process ProcessState{fad440f com.samsung.android.samsungpay.gear/10300 pkg=com.samsung.android.samsungpay.gear} proc state 8 (14 skipped)
04-16 19:37:20.492  1256  1995 I Sensors : AutoRotation: data = -1273322809, time = 0
04-16 19:37:20.495  1670  1771 D WindowOrientationListener: onSensorChanged device orientation: -1
04-16 19:37:20.495  2428  2428 D AppController: AppControlSensorListener.onSensorChanged, Rotation: -1
04-16 19:37:20.497  2428  2428 I NavigationBar: onRotationProposal proposedRotation=-1, isValid=false, mNavBarWindowState=WINDOW_STATE_SHOWING, rotateSuggestionsDisabled=false, isRotateButtonVisible=false
04-16 19:37:20.592  1670  2042 D InputReader: Btn_touch(8): value=1 when=59964.977136
04-16 19:37:20.592  1670  2042 I InputReader: Touch event's action is 0x0 (id=4, t=0) [pCnt=1, s=0.12331 ] when=59964.977136
04-16 19:37:20.593  1670  2041 I InputDispatcher: Delivering touch to (2428): action: 0x4, f=0x0, d=0, '7538e8e', t=1 
04-16 19:37:20.593  1670  2041 I InputDispatcher: Delivering touch to (15145): action: 0x0, f=0x0, d=0, 'a10ee75', t=1 
04-16 19:37:20.594  2428  2428 D Navbar.Store: --------NavBarStates(0) getSpaceWidth(land: false): 118
04-16 19:37:20.594  2428  2428 D SearcleGestureHandler: allowGesture: false
04-16 19:37:20.595 15145 15145 I ViewRootImpl@90f3e18[MainActivity]: ViewPostIme pointer 0
04-16 19:37:20.595  1670  1771 I GestureDetector: obtain mCurrentDownEvent. id: 442877169 caller: com.android.server.wm.SystemGesturesPointerEventListener.onPointerEvent:204 com.android.server.wm.PointerEventDispatcher.onInputEvent:53 android.view.InputEventReceiver.dispatchInputEvent:337 
04-16 19:37:20.595  1670  1771 I GestureDetector: obtain mCurrentDownEvent. id: 442877169 caller: com.android.server.wm.SystemPerformancePointerEventListener.onPointerEvent:89 com.android.server.wm.PointerEventDispatcher.onInputEvent:53 android.view.InputEventReceiver.dispatchInputEvent:337 
04-16 19:37:20.611  1670  1771 I GestureDetector: obtain mCurrentMotionEventRaw. action: 2 id: 526643367
04-16 19:37:20.611  1670  1771 I GestureDetector: obtain mCurrentMotionEventRaw. action: 2 id: 526643367
04-16 19:37:20.625  2984 13495 I SndPersonalSafety: (REDACTED) Snd excluded: %d
04-16 19:37:20.719  1670  2042 D InputReader: Btn_touch(8): value=0 when=59965.104200
04-16 19:37:20.719  1670  2042 I InputReader: Touch event's action is 0x1 (id=4, t=0) [pCnt=1, s=] when=59965.104200
04-16 19:37:20.719  1670  2041 I InputDispatcher: Delivering touch to (15145): action: 0x1, f=0x0, d=0, 'a10ee75', t=1 
04-16 19:37:20.719 15145 15145 I ViewRootImpl@90f3e18[MainActivity]: ViewPostIme pointer 1
04-16 19:37:20.721 15145 15145 D PhantomViewModel: Attempting to start proxy with args: [-server 192.168.1.224:19132]
04-16 19:37:20.721 15145 15145 D PhantomViewModel: UI LOG: Attempting to start proxy...
04-16 19:37:20.721 15145 15145 D PhantomViewModel: UI LOG: Arguments: -server 192.168.1.224:19132
04-16 19:37:20.722  1670  4807 I ActivityManager: Background started FGS: Allowed [callingPackage: com.ismailjamal.bedrockrelay; callingUid: 10379; uidState: TOP ; uidBFSL: [BFSL]; intent: Intent { cmp=com.ismailjamal.bedrockrelay/.PhantomService (has extras) }; code:PROC_STATE_TOP; tempAllowListReason:<null>; targetSdkVersion:35; callerTargetSdkVersion:35; startForegroundCount:4; bindFromPackage:null: isBindService:false]
04-16 19:37:20.724 15145 15145 D PhantomViewModel: UI LOG: Proxy start command sent successfully.
04-16 19:37:20.731 15145 15145 D PhantomService: Service onStartCommand received - Action: null
04-16 19:37:20.734  2428  2437 D SecFgsManagerController: onForegroundStateChanged: [dialog:false]:[isForeground:true]:[packageName:com.ismailjamal.bedrockrelay]:[token:android.os.BinderProxy@c31235f]:[userId:0]
04-16 19:37:20.734  2428  2437 D SecFgsManagerController: updateUiControl[com.ismailjamal.bedrockrelay]: -1
04-16 19:37:20.735  2428  2437 D SecFgsManagerController: updateNumberOfVisibleRunningPackagesLocked: 1
04-16 19:37:20.739 15145 15145 I PhantomService: Processing START command.
04-16 19:37:20.739 15145 15145 D PhantomService: SERVICE LOG: Received start request:
04-16 19:37:20.740 15145 15145 D PhantomService: SERVICE LOG:   Args: [-server 192.168.1.224:19132]
04-16 19:37:20.741 15145 15187 D PhantomRepository: Entering getBinaryFile
04-16 19:37:20.741 15145 15187 E PhantomRepository: Binary file does not exist at: /data/app/~~31vG1kog5dFWcqCmxpQQdA==/com.ismailjamal.bedrockrelay-KMlAJp3B5dt0EPBCAHm4Ww==/lib/arm64/phantom
04-16 19:37:20.741 15145 15187 E PhantomService: Failed to get binary file from repository
04-16 19:37:20.741 15145 15187 E PhantomService: java.lang.RuntimeException: Binary file is missing
04-16 19:37:20.741 15145 15187 E PhantomService: 	at com.ismailjamal.bedrockrelay.PhantomRepository.getBinaryFile-d1pmJ48(PhantomRepository.kt:71)
04-16 19:37:20.741 15145 15187 E PhantomService: 	at com.ismailjamal.bedrockrelay.PhantomService$startProcess$1.invokeSuspend(PhantomService.kt:177)
04-16 19:37:20.741 15145 15187 E PhantomService: 	at kotlin.coroutines.jvm.internal.BaseContinuationImpl.resumeWith(ContinuationImpl.kt:33)
04-16 19:37:20.741 15145 15187 E PhantomService: 	at kotlinx.coroutines.DispatchedTask.run(DispatchedTask.kt:108)
04-16 19:37:20.741 15145 15187 E PhantomService: 	at kotlinx.coroutines.internal.LimitedDispatcher$Worker.run(LimitedDispatcher.kt:115)
04-16 19:37:20.741 15145 15187 E PhantomService: 	at kotlinx.coroutines.scheduling.TaskImpl.run(Tasks.kt:103)
04-16 19:37:20.741 15145 15187 E PhantomService: 	at kotlinx.coroutines.scheduling.CoroutineScheduler.runSafely(CoroutineScheduler.kt:584)
04-16 19:37:20.741 15145 15187 E PhantomService: 	at kotlinx.coroutines.scheduling.CoroutineScheduler$Worker.executeTask(CoroutineScheduler.kt:793)
04-16 19:37:20.741 15145 15187 E PhantomService: 	at kotlinx.coroutines.scheduling.CoroutineScheduler$Worker.runWorker(CoroutineScheduler.kt:697)
04-16 19:37:20.741 15145 15187 E PhantomService: 	at kotlinx.coroutines.scheduling.CoroutineScheduler$Worker.run(CoroutineScheduler.kt:684)
04-16 19:37:20.741 15145 15187 D PhantomService: SERVICE LOG: Error: Failed to get binary file: Binary file is missing
04-16 19:37:20.741 15145 15187 I PhantomService: Stopping process and service.
04-16 19:37:20.742 15145 15145 I NotificationManager: com.ismailjamal.bedrockrelay: notify(1, null, Notification(channel=phantom_service_channel shortcut=null contentView=null vibrate=null sound=null defaults=0x0 flags=0x2 color=0x00000000 vis=PRIVATE semFlags=0x0 semPriority=0 semMissedCount=0)) as user
04-16 19:37:20.742 15145 15234 D PhantomService: Stop command issued, but process was not running.
04-16 19:37:20.743  2428  2437 D SecFgsManagerController: onForegroundStateChanged: [dialog:false]:[isForeground:false]:[packageName:com.ismailjamal.bedrockrelay]:[token:android.os.BinderProxy@c31235f]:[userId:0]
04-16 19:37:20.743  2428  2437 D SecFgsManagerController: updateNumberOfVisibleRunningPackagesLocked: 0
04-16 19:37:20.744 15145 15145 D PhantomService: Notification updated: Proxy running...
04-16 19:37:20.746 15145 15187 D PhantomService: Process coroutine finished.
04-16 19:37:20.755  1670  1670 D NotificationService: CancelNotificationRunnable end r = 0|com.ismailjamal.bedrockrelay|1|null|10379, reason = 8
04-16 19:37:20.755  1670  1670 D SmartAlertController: SmartAlert - Found Missed Event
04-16 19:37:20.770  1256  1995 I Sensors : AutoRotation: data = -993322809, time = 0
04-16 19:37:20.771  1670  1771 D WindowOrientationListener: onSensorChanged device orientation: 0
04-16 19:37:20.771  2428  2428 D AppController: AppControlSensorListener.onSensorChanged, Rotation: 0
04-16 19:37:20.772  2428  2428 I NavigationBar: onRotationProposal proposedRotation=-1, isValid=false, mNavBarWindowState=WINDOW_STATE_SHOWING, rotateSuggestionsDisabled=false, isRotateButtonVisible=false
04-16 19:37:20.830  1256  1995 I Sensors : AutoRotation: data = -933322809, time = 0
04-16 19:37:20.831  1670  1771 D WindowOrientationListener: onSensorChanged device orientation: -1
04-16 19:37:20.831  2428  2428 D AppController: AppControlSensorListener.onSensorChanged, Rotation: -1
04-16 19:37:20.831  2428  2428 I NavigationBar: onRotationProposal proposedRotation=-1, isValid=false, mNavBarWindowState=WINDOW_STATE_SHOWING, rotateSuggestionsDisabled=false, isRotateButtonVisible=false
04-16 19:37:20.891  2584  2584 I wpa_supplicant: Heartbeat 5914
04-16 19:37:20.894  1670  1771 I GestureDetector: handleMessage TAP
04-16 19:37:20.896  1670  1670 I GestureDetector: handleMessage TAP
04-16 19:37:20.937  1670  1670 I Telecom:SamsungTelecomServiceImpl: isInManagedCall - callingPackage : android / callingUser : UserHandle{0} / hasCrossUserAccess : true
04-16 19:37:20.938  1670  1670 I NotificationService: Cannot find enqueued record for key: 0|com.ismailjamal.bedrockrelay|1|null|10379
04-16 19:37:20.945  1670  1670 I Telecom:SamsungTelecomServiceImpl: isInManagedCall - callingPackage : android / callingUser : UserHandle{0} / hasCrossUserAccess : true
04-16 19:37:20.945  1670  1670 I NotificationService: Cannot find enqueued record for key: 0|com.ismailjamal.bedrockrelay|1|null|10379
04-16 19:37:20.969  1670  3335 D FreecessController: com.whatsapp(10306) is important[18]
04-16 19:37:21.037  2428  2428 D SecPowerUI.Notification: showChargingNotice oldChargingType : 11 / currentChargingType : 11, oldChargingTime : 7011000 / mChargingTime : 7011000
04-16 19:37:21.037  2428  2428 D SecPowerUI.Notification: showChargingNotice There is no change about charging status, so return!
04-16 19:37:21.242  2840  3426 D ScanFilter: manu data matches
04-16 19:37:21.242  2840  3426 D BtGatt.GattService: onScanResult to scannerId: 2- eventType=0x10, addressType=0, address=XX:XX:XX:XX:C4:4B, primaryPhy=1, secondaryPhy=0, advertisingSid=0xff, txPower=127, rssi=-83, periodicAdvInt=0x0
04-16 19:37:21.249  7147 10900 I [+0100]oneconnect[1.8.21.28_01][CORE]: BleParserForVD.parseTvPacket - |name:($)-[(15)|deviceType:TV|discoverType:_BLE|services:None|connected:false[TvStatusString]POWER_OFF[TvStatus]-128[TvService]102[TvMirrorChannel]1[TvRegisteredDB][114, -99, 0, 0, 0, 0][TvYear]2016[TvOcfInfo]0[TvAcmStatus]0[ExTvStatus]0[ExtendedStatus]-1[ModuloSn]-1
04-16 19:37:21.281  1670  4087 D SemWifiUsabilityStatsMonitor: onWifiUsabilityStats - seqNum 9148, isSameBssidAndFreq true
04-16 19:37:21.405  1670  2042 D InputReader: Btn_touch(8): value=1 when=59965.789540
04-16 19:37:21.406  1670  2042 I InputReader: Touch event's action is 0x0 (id=4, t=0) [pCnt=1, s=0.12332 ] when=59965.789540
04-16 19:37:21.407  1670  2041 I InputDispatcher: Delivering touch to (2428): action: 0x4, f=0x0, d=0, '7538e8e', t=1 
04-16 19:37:21.407  1670  2041 I InputDispatcher: Delivering touch to (15145): action: 0x0, f=0x0, d=0, 'a10ee75', t=1 
04-16 19:37:21.407  1670  2041 D PowerManagerService: [api] userActivityFromNative : touch displayId=0 eventTime=59965789
04-16 19:37:21.408 15145 15145 I ViewRootImpl@90f3e18[MainActivity]: ViewPostIme pointer 0
04-16 19:37:21.409  2428  2428 D Navbar.Store: --------NavBarStates(0) getSpaceWidth(land: false): 118
04-16 19:37:21.409  2428  2428 D SearcleGestureHandler: allowGesture: false
04-16 19:37:21.410  1670  1771 I GestureDetector: obtain mCurrentDownEvent. id: 773303334 caller: com.android.server.wm.SystemGesturesPointerEventListener.onPointerEvent:204 com.android.server.wm.PointerEventDispatcher.onInputEvent:53 android.view.InputEventReceiver.dispatchInputEvent:337 
04-16 19:37:21.411  1670  1771 I GestureDetector: obtain mCurrentDownEvent. id: 773303334 caller: com.android.server.wm.SystemPerformancePointerEventListener.onPointerEvent:89 com.android.server.wm.PointerEventDispatcher.onInputEvent:53 android.view.InputEventReceiver.dispatchInputEvent:337 
04-16 19:37:21.420  1670  1771 I GestureDetector: obtain mCurrentMotionEventRaw. action: 2 id: 8605422
04-16 19:37:21.421  1670  1771 I GestureDetector: obtain mCurrentMotionEventRaw. action: 2 id: 8605422
04-16 19:37:21.495  1670  2042 D InputReader: Btn_touch(8): value=0 when=59965.880278
04-16 19:37:21.495  1670  2042 I InputReader: Touch event's action is 0x1 (id=4, t=0) [pCnt=1, s=] when=59965.880278
04-16 19:37:21.495  1670  2041 I InputDispatcher: Delivering touch to (15145): action: 0x1, f=0x0, d=0, 'a10ee75', t=1 
04-16 19:37:21.497 15145 15145 I ViewRootImpl@90f3e18[MainActivity]: ViewPostIme pointer 1
04-16 19:37:21.499 15145 15145 D PhantomViewModel: Sending stop command to service
04-16 19:37:21.499 15145 15145 D PhantomViewModel: UI LOG: Sending stop command to proxy service
04-16 19:37:21.502 15145 15145 D PhantomViewModel: UI LOG: Proxy stop command sent successfully.
04-16 19:37:21.591 15145 15145 D PhantomService: Service onStartCommand received - Action: STOP
04-16 19:37:21.593  1670  4807 I ActivityManager: Background started FGS: Allowed [callingPackage: com.ismailjamal.bedrockrelay; callingUid: 10379; uidState: TOP ; uidBFSL: [BFSL]; intent: Intent { act=STOP cmp=com.ismailjamal.bedrockrelay/.PhantomService }; code:PROC_STATE_TOP; tempAllowListReason:<null>; targetSdkVersion:35; callerTargetSdkVersion:35; startForegroundCount:5; bindFromPackage:null: isBindService:false]
04-16 19:37:21.594  2428  2437 D SecFgsManagerController: onForegroundStateChanged: [dialog:false]:[isForeground:true]:[packageName:com.ismailjamal.bedrockrelay]:[token:android.os.BinderProxy@c31235f]:[userId:0]
04-16 19:37:21.595 15145 15145 I PhantomService: Received STOP action.
04-16 19:37:21.595 15145 15145 D PhantomService: SERVICE LOG: Received STOP command.
04-16 19:37:21.596  2428  2437 D SecFgsManagerController: updateUiControl[com.ismailjamal.bedrockrelay]: -1
04-16 19:37:21.596  2428  2437 D SecFgsManagerController: updateNumberOfVisibleRunningPackagesLocked: 1
04-16 19:37:21.596 15145 15145 I PhantomService: Stopping process and service.
04-16 19:37:21.597  2428  2437 D SecFgsManagerController: onForegroundStateChanged: [dialog:false]:[isForeground:false]:[packageName:com.ismailjamal.bedrockrelay]:[token:android.os.BinderProxy@c31235f]:[userId:0]
04-16 19:37:21.597  2428  2437 D SecFgsManagerController: updateNumberOfVisibleRunningPackagesLocked: 0
04-16 19:37:21.597 15145 15234 D PhantomService: Stop command issued, but process was not running.
04-16 19:37:21.618  1670  1670 D NotificationService: CancelNotificationRunnable end r = 0|com.ismailjamal.bedrockrelay|1|null|10379, reason = 8
04-16 19:37:21.619  1670  1670 D SmartAlertController: SmartAlert - Found Missed Event
04-16 19:37:21.710  1670  1670 I GestureDetector: handleMessage TAP
04-16 19:37:21.710  1670  1771 I GestureDetector: handleMessage TAP
04-16 19:37:21.797  1670  1670 I Telecom:SamsungTelecomServiceImpl: isInManagedCall - callingPackage : android / callingUser : UserHandle{0} / hasCrossUserAccess : true
04-16 19:37:21.798  1670  1670 I NotificationService: Cannot find enqueued record for key: 0|com.ismailjamal.bedrockrelay|1|null|10379
04-16 19:37:21.993   675   675 D io_stats: !@   8,0 r 5648053 132555076 w 2139307 29193156 d 628102 33361920 f 0 0 iot 3130384 0 th 0 0 0 pt 0 inp 0 0 59966.378
04-16 19:37:22.139  1670  2042 D InputReader: Btn_touch(8): value=1 when=59966.524363
04-16 19:37:22.140  1670  2042 I InputReader: Touch event's action is 0x0 (id=4, t=0) [pCnt=1, s=0.12333 ] when=59966.524363
04-16 19:37:22.143  1670  2041 I InputDispatcher: Delivering touch to (2428): action: 0x4, f=0x0, d=0, '7538e8e', t=1 
04-16 19:37:22.143  1670  2041 I InputDispatcher: Delivering touch to (15145): action: 0x0, f=0x0, d=0, 'a10ee75', t=1 
04-16 19:37:22.144  2428  2428 D Navbar.Store: --------NavBarStates(0) getSpaceWidth(land: false): 118
04-16 19:37:22.144  2428  2428 D SearcleGestureHandler: allowGesture: false
04-16 19:37:22.144 15145 15145 I ViewRootImpl@90f3e18[MainActivity]: ViewPostIme pointer 0
04-16 19:37:22.144  1670  1771 I GestureDetector: obtain mCurrentDownEvent. id: 812585906 caller: com.android.server.wm.SystemGesturesPointerEventListener.onPointerEvent:204 com.android.server.wm.PointerEventDispatcher.onInputEvent:53 android.view.InputEventReceiver.dispatchInputEvent:337 
04-16 19:37:22.145  1670  1771 I GestureDetector: obtain mCurrentDownEvent. id: 812585906 caller: com.android.server.wm.SystemPerformancePointerEventListener.onPointerEvent:89 com.android.server.wm.PointerEventDispatcher.onInputEvent:53 android.view.InputEventReceiver.dispatchInputEvent:337 
04-16 19:37:22.155  1670  1771 I GestureDetector: obtain mCurrentMotionEventRaw. action: 2 id: 773311422
04-16 19:37:22.155  1670  1771 I GestureDetector: obtain mCurrentMotionEventRaw. action: 2 id: 773311422
04-16 19:37:22.196  1670  2042 D InputReader: Btn_touch(8): value=0 when=59966.581139
04-16 19:37:22.196  1670  2042 I InputReader: Touch event's action is 0x1 (id=4, t=0) [pCnt=1, s=] when=59966.581139
04-16 19:37:22.196  1670  2041 I InputDispatcher: Delivering touch to (15145): action: 0x1, f=0x0, d=0, 'a10ee75', t=1 
04-16 19:37:22.196 15145 15145 I ViewRootImpl@90f3e18[MainActivity]: ViewPostIme pointer 1
04-16 19:37:22.198 15145 15145 D PhantomViewModel: Attempting to start proxy with args: [-server 192.168.1.224:19132]
04-16 19:37:22.198 15145 15145 D PhantomViewModel: UI LOG: Attempting to start proxy...
04-16 19:37:22.198 15145 15145 D PhantomViewModel: UI LOG: Arguments: -server 192.168.1.224:19132
04-16 19:37:22.200  1670  1700 I ActivityManager: Background started FGS: Allowed [callingPackage: com.ismailjamal.bedrockrelay; callingUid: 10379; uidState: TOP ; uidBFSL: [BFSL]; intent: Intent { cmp=com.ismailjamal.bedrockrelay/.PhantomService (has extras) }; code:PROC_STATE_TOP; tempAllowListReason:<null>; targetSdkVersion:35; callerTargetSdkVersion:35; startForegroundCount:6; bindFromPackage:null: isBindService:false]
04-16 19:37:22.201 15145 15145 D PhantomViewModel: UI LOG: Proxy start command sent successfully.
04-16 19:37:22.207 15145 15145 D PhantomService: Service onStartCommand received - Action: null
04-16 19:37:22.210  2428  2437 D SecFgsManagerController: onForegroundStateChanged: [dialog:false]:[isForeground:true]:[packageName:com.ismailjamal.bedrockrelay]:[token:android.os.BinderProxy@c31235f]:[userId:0]
04-16 19:37:22.212 15145 15145 I PhantomService: Processing START command.
04-16 19:37:22.212 15145 15145 D PhantomService: SERVICE LOG: Received start request:
04-16 19:37:22.212  2428  2437 D SecFgsManagerController: updateUiControl[com.ismailjamal.bedrockrelay]: -1
04-16 19:37:22.212 15145 15145 D PhantomService: SERVICE LOG:   Args: [-server 192.168.1.224:19132]
04-16 19:37:22.212  2428  2437 D SecFgsManagerController: updateNumberOfVisibleRunningPackagesLocked: 1
04-16 19:37:22.213 15145 15233 D PhantomRepository: Entering getBinaryFile
04-16 19:37:22.213 15145 15233 E PhantomRepository: Binary file does not exist at: /data/app/~~31vG1kog5dFWcqCmxpQQdA==/com.ismailjamal.bedrockrelay-KMlAJp3B5dt0EPBCAHm4Ww==/lib/arm64/phantom
04-16 19:37:22.214 15145 15233 E PhantomService: Failed to get binary file from repository
04-16 19:37:22.214 15145 15233 E PhantomService: java.lang.RuntimeException: Binary file is missing
04-16 19:37:22.214 15145 15233 E PhantomService: 	at com.ismailjamal.bedrockrelay.PhantomRepository.getBinaryFile-d1pmJ48(PhantomRepository.kt:71)
04-16 19:37:22.214 15145 15233 E PhantomService: 	at com.ismailjamal.bedrockrelay.PhantomService$startProcess$1.invokeSuspend(PhantomService.kt:177)
04-16 19:37:22.214 15145 15233 E PhantomService: 	at kotlin.coroutines.jvm.internal.BaseContinuationImpl.resumeWith(ContinuationImpl.kt:33)
04-16 19:37:22.214 15145 15233 E PhantomService: 	at kotlinx.coroutines.DispatchedTask.run(DispatchedTask.kt:108)
04-16 19:37:22.214 15145 15233 E PhantomService: 	at kotlinx.coroutines.internal.LimitedDispatcher$Worker.run(LimitedDispatcher.kt:115)
04-16 19:37:22.214 15145 15233 E PhantomService: 	at kotlinx.coroutines.scheduling.TaskImpl.run(Tasks.kt:103)
04-16 19:37:22.214 15145 15233 E PhantomService: 	at kotlinx.coroutines.scheduling.CoroutineScheduler.runSafely(CoroutineScheduler.kt:584)
04-16 19:37:22.214 15145 15233 E PhantomService: 	at kotlinx.coroutines.scheduling.CoroutineScheduler$Worker.executeTask(CoroutineScheduler.kt:793)
04-16 19:37:22.214 15145 15233 E PhantomService: 	at kotlinx.coroutines.scheduling.CoroutineScheduler$Worker.runWorker(CoroutineScheduler.kt:697)
04-16 19:37:22.214 15145 15233 E PhantomService: 	at kotlinx.coroutines.scheduling.CoroutineScheduler$Worker.run(CoroutineScheduler.kt:684)
04-16 19:37:22.214 15145 15233 D PhantomService: SERVICE LOG: Error: Failed to get binary file: Binary file is missing
04-16 19:37:22.214 15145 15233 I PhantomService: Stopping process and service.
04-16 19:37:22.215 15145 15185 D PhantomService: Stop command issued, but process was not running.
04-16 19:37:22.216  2428  2437 D SecFgsManagerController: onForegroundStateChanged: [dialog:false]:[isForeground:false]:[packageName:com.ismailjamal.bedrockrelay]:[token:android.os.BinderProxy@c31235f]:[userId:0]
04-16 19:37:22.216  2428  2437 D SecFgsManagerController: updateNumberOfVisibleRunningPackagesLocked: 0
04-16 19:37:22.216 15145 15145 I NotificationManager: com.ismailjamal.bedrockrelay: notify(1, null, Notification(channel=phantom_service_channel shortcut=null contentView=null vibrate=null sound=null defaults=0x0 flags=0x2 color=0x00000000 vis=PRIVATE semFlags=0x0 semPriority=0 semMissedCount=0)) as user
04-16 19:37:22.218 15145 15233 D PhantomService: Process coroutine finished.
04-16 19:37:22.218 15145 15145 D PhantomService: Notification updated: Proxy running...
04-16 19:37:22.232  1670  1670 D NotificationService: CancelNotificationRunnable end r = 0|com.ismailjamal.bedrockrelay|1|null|10379, reason = 8
04-16 19:37:22.232  1670  1670 D SmartAlertController: SmartAlert - Found Missed Event
04-16 19:37:22.414  1670  1670 I Telecom:SamsungTelecomServiceImpl: isInManagedCall - callingPackage : android / callingUser : UserHandle{0} / hasCrossUserAccess : true
04-16 19:37:22.414  1670  1670 I NotificationService: Cannot find enqueued record for key: 0|com.ismailjamal.bedrockrelay|1|null|10379
04-16 19:37:22.419  1670  1670 I Telecom:SamsungTelecomServiceImpl: isInManagedCall - callingPackage : android / callingUser : UserHandle{0} / hasCrossUserAccess : true
04-16 19:37:22.419  1670  1670 I NotificationService: Cannot find enqueued record for key: 0|com.ismailjamal.bedrockrelay|1|null|10379
04-16 19:37:22.444  1670  1771 I GestureDetector: handleMessage TAP
04-16 19:37:22.445  1670  1670 I GestureDetector: handleMessage TAP
04-16 19:37:22.815  1670  2042 D InputReader: Btn_touch(8): value=1 when=59967.199812
04-16 19:37:22.816  1670  2042 I InputReader: Touch event's action is 0x0 (id=4, t=0) [pCnt=1, s=0.12334 ] when=59967.199812
04-16 19:37:22.817  1670  2041 I InputDispatcher: Delivering touch to (2428): action: 0x4, f=0x0, d=0, '7538e8e', t=1 
04-16 19:37:22.817  1670  2041 I InputDispatcher: Delivering touch to (15145): action: 0x0, f=0x0, d=0, 'a10ee75', t=1 
04-16 19:37:22.817  1670  2041 D PowerManagerService: [api] userActivityFromNative : touch displayId=0 eventTime=59967199
04-16 19:37:22.818 15145 15145 I ViewRootImpl@90f3e18[MainActivity]: ViewPostIme pointer 0
04-16 19:37:22.818  2428  2428 D Navbar.Store: --------NavBarStates(0) getSpaceWidth(land: false): 118
04-16 19:37:22.818  2428  2428 D SearcleGestureHandler: allowGesture: false
04-16 19:37:22.819  1670  1771 I GestureDetector: obtain mCurrentDownEvent. id: 513781301 caller: com.android.server.wm.SystemGesturesPointerEventListener.onPointerEvent:204 com.android.server.wm.PointerEventDispatcher.onInputEvent:53 android.view.InputEventReceiver.dispatchInputEvent:337 
04-16 19:37:22.819  1670  1771 I GestureDetector: obtain mCurrentDownEvent. id: 513781301 caller: com.android.server.wm.SystemPerformancePointerEventListener.onPointerEvent:89 com.android.server.wm.PointerEventDispatcher.onInputEvent:53 android.view.InputEventReceiver.dispatchInputEvent:337 
04-16 19:37:22.823  1670  1771 I GestureDetector: obtain mCurrentMotionEventRaw. action: 2 id: 545915303
04-16 19:37:22.823  1670  1771 I GestureDetector: obtain mCurrentMotionEventRaw. action: 2 id: 545915303
04-16 19:37:22.863  1670  2042 D InputReader: Btn_touch(8): value=0 when=59967.248786
04-16 19:37:22.863  1670  2042 I InputReader: Touch event's action is 0x1 (id=4, t=0) [pCnt=1, s=] when=59967.248786
04-16 19:37:22.864  1670  2041 I InputDispatcher: Delivering touch to (15145): action: 0x1, f=0x0, d=0, 'a10ee75', t=1 
04-16 19:37:22.864 15145 15145 I ViewRootImpl@90f3e18[MainActivity]: ViewPostIme pointer 1
04-16 19:37:22.866 15145 15145 D PhantomViewModel: Sending stop command to service
04-16 19:37:22.866 15145 15145 D PhantomViewModel: UI LOG: Sending stop command to proxy service
04-16 19:37:22.869 15145 15145 D PhantomViewModel: UI LOG: Proxy stop command sent successfully.
04-16 19:37:22.876 15145 15145 D PhantomService: Service onStartCommand received - Action: STOP
04-16 19:37:22.878  1670  4807 I ActivityManager: Background started FGS: Allowed [callingPackage: com.ismailjamal.bedrockrelay; callingUid: 10379; uidState: TOP ; uidBFSL: [BFSL]; intent: Intent { act=STOP cmp=com.ismailjamal.bedrockrelay/.PhantomService }; code:PROC_STATE_TOP; tempAllowListReason:<null>; targetSdkVersion:35; callerTargetSdkVersion:35; startForegroundCount:7; bindFromPackage:null: isBindService:false]
04-16 19:37:22.879  2428  2437 D SecFgsManagerController: onForegroundStateChanged: [dialog:false]:[isForeground:true]:[packageName:com.ismailjamal.bedrockrelay]:[token:android.os.BinderProxy@c31235f]:[userId:0]
04-16 19:37:22.880  2428  2437 D SecFgsManagerController: updateUiControl[com.ismailjamal.bedrockrelay]: -1
04-16 19:37:22.880  2428  2437 D SecFgsManagerController: updateNumberOfVisibleRunningPackagesLocked: 1
04-16 19:37:22.880 15145 15145 I PhantomService: Received STOP action.
04-16 19:37:22.880 15145 15145 D PhantomService: SERVICE LOG: Received STOP command.
04-16 19:37:22.881 15145 15145 I PhantomService: Stopping process and service.
04-16 19:37:22.881 15145 15185 D PhantomService: Stop command issued, but process was not running.
04-16 19:37:22.884  2428 26499 D SecFgsManagerController: onForegroundStateChanged: [dialog:false]:[isForeground:false]:[packageName:com.ismailjamal.bedrockrelay]:[token:android.os.BinderProxy@c31235f]:[userId:0]
04-16 19:37:22.884  2428 26499 D SecFgsManagerController: updateNumberOfVisibleRunningPackagesLocked: 0
04-16 19:37:22.904  1670  1670 D NotificationService: CancelNotificationRunnable end r = 0|com.ismailjamal.bedrockrelay|1|null|10379, reason = 8
04-16 19:37:22.904  1670  1670 D SmartAlertController: SmartAlert - Found Missed Event
04-16 19:37:23.084  1670  1670 I Telecom:SamsungTelecomServiceImpl: isInManagedCall - callingPackage : android / callingUser : UserHandle{0} / hasCrossUserAccess : true
04-16 19:37:23.084  1670  1670 I NotificationService: Cannot find enqueued record for key: 0|com.ismailjamal.bedrockrelay|1|null|10379
04-16 19:37:23.099  2840  3426 D ScanFilter: manu data matches
04-16 19:37:23.099  2840  3426 D BtGatt.GattService: onScanResult to scannerId: 2- eventType=0x10, addressType=0, address=XX:XX:XX:XX:C4:4B, primaryPhy=1, secondaryPhy=0, advertisingSid=0xff, txPower=127, rssi=-78, periodicAdvInt=0x0
04-16 19:37:23.102  7147 10900 I [+0100]oneconnect[1.8.21.28_01][CORE]: BleParserForVD.parseTvPacket - |name:($)-[(15)|deviceType:TV|discoverType:_BLE|services:None|connected:false[TvStatusString]POWER_OFF[TvStatus]-128[TvService]102[TvMirrorChannel]1[TvRegisteredDB][114, -99, 0, 0, 0, 0][TvYear]2016[TvOcfInfo]0[TvAcmStatus]0[ExTvStatus]0[ExtendedStatus]-1[ModuloSn]-1
04-16 19:37:23.119  1670  1670 I GestureDetector: handleMessage TAP
04-16 19:37:23.120  1670  1771 I GestureDetector: handleMessage TAP
04-16 19:37:23.667  1670  2042 D InputReader: Btn_touch(8): value=1 when=59968.051610
04-16 19:37:23.668  1670  2042 I InputReader: Touch event's action is 0x0 (id=4, t=0) [pCnt=1, s=0.12335 ] when=59968.051610
04-16 19:37:23.668  1670  2041 I InputDispatcher: Delivering touch to (2428): action: 0x4, f=0x0, d=0, '7538e8e', t=1 
04-16 19:37:23.669  1670  2041 I InputDispatcher: Delivering touch to (15145): action: 0x0, f=0x0, d=0, 'a10ee75', t=1 
04-16 19:37:23.670  2428  2428 D Navbar.Store: --------NavBarStates(0) getSpaceWidth(land: false): 118
04-16 19:37:23.670  2428  2428 D SearcleGestureHandler: allowGesture: false
04-16 19:37:23.670 15145 15145 I ViewRootImpl@90f3e18[MainActivity]: ViewPostIme pointer 0
04-16 19:37:23.672  1670  1771 I GestureDetector: obtain mCurrentDownEvent. id: 92969066 caller: com.android.server.wm.SystemGesturesPointerEventListener.onPointerEvent:204 com.android.server.wm.PointerEventDispatcher.onInputEvent:53 android.view.InputEventReceiver.dispatchInputEvent:337 
04-16 19:37:23.672  1670  1771 I GestureDetector: obtain mCurrentDownEvent. id: 92969066 caller: com.android.server.wm.SystemPerformancePointerEventListener.onPointerEvent:89 com.android.server.wm.PointerEventDispatcher.onInputEvent:53 android.view.InputEventReceiver.dispatchInputEvent:337 
04-16 19:37:23.692  1670  1771 I GestureDetector: obtain mCurrentMotionEventRaw. action: 2 id: 416158009
04-16 19:37:23.692  1670  1771 I GestureDetector: obtain mCurrentMotionEventRaw. action: 2 id: 416158009
04-16 19:37:23.765  1670  2042 D InputReader: Btn_touch(8): value=0 when=59968.150256
04-16 19:37:23.765  1670  2042 I InputReader: Touch event's action is 0x1 (id=4, t=0) [pCnt=1, s=] when=59968.150256
04-16 19:37:23.766  1670  2041 I InputDispatcher: Delivering touch to (15145): action: 0x1, f=0x0, d=0, 'a10ee75', t=1 
04-16 19:37:23.766 15145 15145 I ViewRootImpl@90f3e18[MainActivity]: ViewPostIme pointer 1
04-16 19:37:23.768 15145 15145 D PhantomViewModel: Attempting to start proxy with args: [-server 192.168.1.224:19132]
04-16 19:37:23.768 15145 15145 D PhantomViewModel: UI LOG: Attempting to start proxy...
04-16 19:37:23.768 15145 15145 D PhantomViewModel: UI LOG: Arguments: -server 192.168.1.224:19132
04-16 19:37:23.769  1670  1700 I ActivityManager: Background started FGS: Allowed [callingPackage: com.ismailjamal.bedrockrelay; callingUid: 10379; uidState: TOP ; uidBFSL: [BFSL]; intent: Intent { cmp=com.ismailjamal.bedrockrelay/.PhantomService (has extras) }; code:PROC_STATE_TOP; tempAllowListReason:<null>; targetSdkVersion:35; callerTargetSdkVersion:35; startForegroundCount:8; bindFromPackage:null: isBindService:false]
04-16 19:37:23.771 15145 15145 D PhantomViewModel: UI LOG: Proxy start command sent successfully.
04-16 19:37:23.852 15145 15145 D PhantomService: Service onStartCommand received - Action: null
04-16 19:37:23.855  2428  2437 D SecFgsManagerController: onForegroundStateChanged: [dialog:false]:[isForeground:true]:[packageName:com.ismailjamal.bedrockrelay]:[token:android.os.BinderProxy@c31235f]:[userId:0]
04-16 19:37:23.855  2428  2437 D SecFgsManagerController: updateUiControl[com.ismailjamal.bedrockrelay]: -1
04-16 19:37:23.855  2428  2437 D SecFgsManagerController: updateNumberOfVisibleRunningPackagesLocked: 1
04-16 19:37:23.856 15145 15145 I PhantomService: Processing START command.
04-16 19:37:23.856 15145 15145 D PhantomService: SERVICE LOG: Received start request:
04-16 19:37:23.856 15145 15145 D PhantomService: SERVICE LOG:   Args: [-server 192.168.1.224:19132]
04-16 19:37:23.857 15145 15186 D PhantomRepository: Entering getBinaryFile
04-16 19:37:23.857 15145 15186 E PhantomRepository: Binary file does not exist at: /data/app/~~31vG1kog5dFWcqCmxpQQdA==/com.ismailjamal.bedrockrelay-KMlAJp3B5dt0EPBCAHm4Ww==/lib/arm64/phantom
04-16 19:37:23.858 15145 15186 E PhantomService: Failed to get binary file from repository
04-16 19:37:23.858 15145 15186 E PhantomService: java.lang.RuntimeException: Binary file is missing
04-16 19:37:23.858 15145 15186 E PhantomService: 	at com.ismailjamal.bedrockrelay.PhantomRepository.getBinaryFile-d1pmJ48(PhantomRepository.kt:71)
04-16 19:37:23.858 15145 15186 E PhantomService: 	at com.ismailjamal.bedrockrelay.PhantomService$startProcess$1.invokeSuspend(PhantomService.kt:177)
04-16 19:37:23.858 15145 15186 E PhantomService: 	at kotlin.coroutines.jvm.internal.BaseContinuationImpl.resumeWith(ContinuationImpl.kt:33)
04-16 19:37:23.858 15145 15186 E PhantomService: 	at kotlinx.coroutines.DispatchedTask.run(DispatchedTask.kt:108)
04-16 19:37:23.858 15145 15186 E PhantomService: 	at kotlinx.coroutines.internal.LimitedDispatcher$Worker.run(LimitedDispatcher.kt:115)
04-16 19:37:23.858 15145 15186 E PhantomService: 	at kotlinx.coroutines.scheduling.TaskImpl.run(Tasks.kt:103)
04-16 19:37:23.858 15145 15186 E PhantomService: 	at kotlinx.coroutines.scheduling.CoroutineScheduler.runSafely(CoroutineScheduler.kt:584)
04-16 19:37:23.858 15145 15186 E PhantomService: 	at kotlinx.coroutines.scheduling.CoroutineScheduler$Worker.executeTask(CoroutineScheduler.kt:793)
04-16 19:37:23.858 15145 15186 E PhantomService: 	at kotlinx.coroutines.scheduling.CoroutineScheduler$Worker.runWorker(CoroutineScheduler.kt:697)
04-16 19:37:23.858 15145 15186 E PhantomService: 	at kotlinx.coroutines.scheduling.CoroutineScheduler$Worker.run(CoroutineScheduler.kt:684)
04-16 19:37:23.858 15145 15186 D PhantomService: SERVICE LOG: Error: Failed to get binary file: Binary file is missing
04-16 19:37:23.858 15145 15145 I NotificationManager: com.ismailjamal.bedrockrelay: notify(1, null, Notification(channel=phantom_service_channel shortcut=null contentView=null vibrate=null sound=null defaults=0x0 flags=0x2 color=0x00000000 vis=PRIVATE semFlags=0x0 semPriority=0 semMissedCount=0)) as user
04-16 19:37:23.858 15145 15186 I PhantomService: Stopping process and service.
04-16 19:37:23.858 15145 15234 D PhantomService: Stop command issued, but process was not running.
04-16 19:37:23.860  2428 26499 D SecFgsManagerController: onForegroundStateChanged: [dialog:false]:[isForeground:false]:[packageName:com.ismailjamal.bedrockrelay]:[token:android.os.BinderProxy@c31235f]:[userId:0]
04-16 19:37:23.860  2428 26499 D SecFgsManagerController: updateNumberOfVisibleRunningPackagesLocked: 0
04-16 19:37:23.860 15145 15186 D PhantomService: Process coroutine finished.
04-16 19:37:23.861 15145 15145 D PhantomService: Notification updated: Proxy running...
04-16 19:37:23.877  1670  1670 D NotificationService: CancelNotificationRunnable end r = 0|com.ismailjamal.bedrockrelay|1|null|10379, reason = 8
04-16 19:37:23.877  1670  1670 D SmartAlertController: SmartAlert - Found Missed Event
04-16 19:37:23.972  1670  1771 I GestureDetector: handleMessage TAP
04-16 19:37:23.972  1670  1670 I GestureDetector: handleMessage TAP
04-16 19:37:23.995   675   675 D io_stats: !@   8,0 r 5648053 132555076 w 2139316 29193244 d 628102 33361920 f 0 0 iot 3130392 0 th 0 0 0 pt 0 inp 0 0 59968.380
04-16 19:37:23.996   675   675 D io_stats: !@ Read_top(KB): .gms.persistent(2984) 64
04-16 19:37:23.996   675   675 D io_stats: !@ Write_top(KB): kworker/u16:3(9297) 88
04-16 19:37:24.058  1670  1670 I Telecom:SamsungTelecomServiceImpl: isInManagedCall - callingPackage : android / callingUser : UserHandle{0} / hasCrossUserAccess : true
04-16 19:37:24.058  1670  1670 I NotificationService: Cannot find enqueued record for key: 0|com.ismailjamal.bedrockrelay|1|null|10379
04-16 19:37:24.063  1670  1670 I Telecom:SamsungTelecomServiceImpl: isInManagedCall - callingPackage : android / callingUser : UserHandle{0} / hasCrossUserAccess : true
04-16 19:37:24.063  1670  1670 I NotificationService: Cannot find enqueued record for key: 0|com.ismailjamal.bedrockrelay|1|null|10379
04-16 19:37:24.392  1670  2042 D InputReader: Btn_touch(8): value=1 when=59968.776891
04-16 19:37:24.392  1670  2042 I InputReader: Touch event's action is 0x0 (id=4, t=0) [pCnt=1, s=0.12336 ] when=59968.776891
04-16 19:37:24.393  1670  2041 I InputDispatcher: Delivering touch to (2428): action: 0x4, f=0x0, d=0, '7538e8e', t=1 
04-16 19:37:24.394  1670  2041 I InputDispatcher: Delivering touch to (15145): action: 0x0, f=0x0, d=0, 'a10ee75', t=1 
04-16 19:37:24.394  1670  2041 D PowerManagerService: [api] userActivityFromNative : touch displayId=0 eventTime=59968776
04-16 19:37:24.394  2428  2428 D Navbar.Store: --------NavBarStates(0) getSpaceWidth(land: false): 118
04-16 19:37:24.394  2428  2428 D SearcleGestureHandler: allowGesture: false
04-16 19:37:24.394 15145 15145 I ViewRootImpl@90f3e18[MainActivity]: ViewPostIme pointer 0
04-16 19:37:24.395  1670  1771 I GestureDetector: obtain mCurrentDownEvent. id: 657524068 caller: com.android.server.wm.SystemGesturesPointerEventListener.onPointerEvent:204 com.android.server.wm.PointerEventDispatcher.onInputEvent:53 android.view.InputEventReceiver.dispatchInputEvent:337 
04-16 19:37:24.395  1670  1771 I GestureDetector: obtain mCurrentDownEvent. id: 657524068 caller: com.android.server.wm.SystemPerformancePointerEventListener.onPointerEvent:89 com.android.server.wm.PointerEventDispatcher.onInputEvent:53 android.view.InputEventReceiver.dispatchInputEvent:337 
04-16 19:37:24.416  1670  1771 I GestureDetector: obtain mCurrentMotionEventRaw. action: 2 id: 79265117
04-16 19:37:24.416  1670  1771 I GestureDetector: obtain mCurrentMotionEventRaw. action: 2 id: 79265117
04-16 19:37:24.419  1670  4087 D SemWifiUsabilityStatsMonitor: onWifiUsabilityStats - seqNum 9149, isSameBssidAndFreq true
04-16 19:37:24.507  1670  2042 D InputReader: Btn_touch(8): value=0 when=59968.892568
04-16 19:37:24.507  1670  2042 I InputReader: Touch event's action is 0x1 (id=4, t=0) [pCnt=1, s=] when=59968.892568
04-16 19:37:24.507  1670  2041 I InputDispatcher: Delivering touch to (15145): action: 0x1, f=0x0, d=0, 'a10ee75', t=1 
04-16 19:37:24.509 15145 15145 I ViewRootImpl@90f3e18[MainActivity]: ViewPostIme pointer 1
04-16 19:37:24.510 15145 15145 D PhantomViewModel: Sending stop command to service
04-16 19:37:24.511 15145 15145 D PhantomViewModel: UI LOG: Sending stop command to proxy service
04-16 19:37:24.513 15145 15145 D PhantomViewModel: UI LOG: Proxy stop command sent successfully.
04-16 19:37:24.520 15145 15145 D PhantomService: Service onStartCommand received - Action: STOP
04-16 19:37:24.522  1670  4823 I ActivityManager: Background started FGS: Allowed [callingPackage: com.ismailjamal.bedrockrelay; callingUid: 10379; uidState: TOP ; uidBFSL: [BFSL]; intent: Intent { act=STOP cmp=com.ismailjamal.bedrockrelay/.PhantomService }; code:PROC_STATE_TOP; tempAllowListReason:<null>; targetSdkVersion:35; callerTargetSdkVersion:35; startForegroundCount:9; bindFromPackage:null: isBindService:false]
04-16 19:37:24.523  2428  2437 D SecFgsManagerController: onForegroundStateChanged: [dialog:false]:[isForeground:true]:[packageName:com.ismailjamal.bedrockrelay]:[token:android.os.BinderProxy@c31235f]:[userId:0]
04-16 19:37:24.525 15145 15145 I PhantomService: Received STOP action.
04-16 19:37:24.525 15145 15145 D PhantomService: SERVICE LOG: Received STOP command.
04-16 19:37:24.525  2428  2437 D SecFgsManagerController: updateUiControl[com.ismailjamal.bedrockrelay]: -1
04-16 19:37:24.525  2428  2437 D SecFgsManagerController: updateNumberOfVisibleRunningPackagesLocked: 1
04-16 19:37:24.525 15145 15145 I PhantomService: Stopping process and service.
04-16 19:37:24.526 15145 15185 D PhantomService: Stop command issued, but process was not running.
04-16 19:37:24.528  2428  2437 D SecFgsManagerController: onForegroundStateChanged: [dialog:false]:[isForeground:false]:[packageName:com.ismailjamal.bedrockrelay]:[token:android.os.BinderProxy@c31235f]:[userId:0]
04-16 19:37:24.528  2428  2437 D SecFgsManagerController: updateNumberOfVisibleRunningPackagesLocked: 0
04-16 19:37:24.548  1670  1670 D NotificationService: CancelNotificationRunnable end r = 0|com.ismailjamal.bedrockrelay|1|null|10379, reason = 8
04-16 19:37:24.548  1670  1670 D SmartAlertController: SmartAlert - Found Missed Event
04-16 19:37:24.695  1670  1771 I GestureDetector: handleMessage TAP
04-16 19:37:24.695  1670  1670 I GestureDetector: handleMessage TAP
04-16 19:37:24.728  1670  1670 I Telecom:SamsungTelecomServiceImpl: isInManagedCall - callingPackage : android / callingUser : UserHandle{0} / hasCrossUserAccess : true
04-16 19:37:24.728  1670  1670 I NotificationService: Cannot find enqueued record for key: 0|com.ismailjamal.bedrockrelay|1|null|10379
04-16 19:37:24.951  2840  3426 D ScanFilter: manu data matches
04-16 19:37:24.952  2840  3426 D BtGatt.GattService: onScanResult to scannerId: 2- eventType=0x10, addressType=0, address=XX:XX:XX:XX:C4:4B, primaryPhy=1, secondaryPhy=0, advertisingSid=0xff, txPower=127, rssi=-77, periodicAdvInt=0x0
04-16 19:37:24.957  7147 10900 I [+0100]oneconnect[1.8.21.28_01][CORE]: BleParserForVD.parseTvPacket - |name:($)-[(15)|deviceType:TV|discoverType:_BLE|services:None|connected:false[TvStatusString]POWER_OFF[TvStatus]-128[TvService]102[TvMirrorChannel]1[TvRegisteredDB][114, -99, 0, 0, 0, 0][TvYear]2016[TvOcfInfo]0[TvAcmStatus]0[ExTvStatus]0[ExtendedStatus]-1[ModuloSn]-1
04-16 19:37:25.218  1670  3335 D FreecessController: com.instagram.android(10279) is important[2]
04-16 19:37:25.245  1256  1256 I Sensors : batch(19) - light_cct_sensor try to batching with 200000000
04-16 19:37:25.253  1256  1256 I Sensors : LightCCT_Sensor old sensor_state 279041, new sensor_state : 283695475081729 en : 1
04-16 19:37:25.259  1256  1256 I Sensors : enable:: light_cct_sensor(19)
04-16 19:37:25.261  1670  2268 D SensorManager: registerListener :: 33, TMD4912 Light CCT, 200000, 0, com.samsung.android.displaysolution.EyeComfortSolutionService$2@d860f6
04-16 19:37:25.291  1256  1995 I Sensors : lux = 11, CCT = 0, r = 364, g = 17, b = 1895, c = 238, atime = 350, again = 4096, lux_raw = 16, brightness = 118, time = 116869582801351
04-16 19:37:25.294  1256  1256 I Sensors : LightCCT_Sensor old sensor_state 279041, new sensor_state : 283691180114433 en : 0
04-16 19:37:25.297  1256  1256 I Sensors : disable:: light_cct_sensor(19)
04-16 19:37:25.297  1670  2268 D SensorManager: unregisterListener :: com.samsung.android.displaysolution.EyeComfortSolutionService$2@d860f6
04-16 19:37:25.423  4559  5050 I SDHMS:C : SIOP:: AP:282 BAT:260 USB:258 CHG:282 PA:272 CP:274 WIFI:273 CF:269 BLK:0 SUBBAT:0 SKIN:275 SKINF:272 SKINB:280 LRP:280 LRP2:275 LRF:272 LRB:280 LRF2:275 LRB2:274 AP2:274 CHG2:273 MEM2:274 WIFI2:275 RCV2:273 SPK2:268 FCAM:258 UPSPK:269 DNSPK:258 
04-16 19:37:25.649  1670  2042 D InputReader: Btn_touch(8): value=1 when=59970.033748
04-16 19:37:25.649  1670  2042 I InputReader: Touch event's action is 0x0 (id=4, t=0) [pCnt=1, s=0.12337 ] when=59970.033748
04-16 19:37:25.650  1670  2041 I InputDispatcher: Delivering touch to (2428): action: 0x4, f=0x0, d=0, '7538e8e', t=1 
04-16 19:37:25.650  1670  2041 I InputDispatcher: Delivering touch to (15145): action: 0x0, f=0x0, d=0, 'a10ee75', t=1 
04-16 19:37:25.650  1670  2041 D PowerManagerService: [api] userActivityFromNative : touch displayId=0 eventTime=59970033
04-16 19:37:25.650  2428  2428 D Navbar.Store: --------NavBarStates(0) getSpaceWidth(land: false): 118
04-16 19:37:25.651  2428  2428 D SearcleGestureHandler: allowGesture: false
