--------- beginning of main
04-17 11:09:07.499  2840  3068 I bluetooth: packages/modules/Bluetooth/system/gd/hci/le_scanning_reassembler.cc:56 ProcessAdvertisingReport: Ignoring scan response received without advertising event
04-17 11:09:07.500  2840  3426 D BtGatt.GattService: onScanResult to scannerId: 3- eventType=0x13, addressType=1, address=XX:XX:XX:XX:E2:71, primaryPhy=1, secondaryPhy=0, advertisingSid=0xff, txPower=127, rssi=-75, periodicAdvInt=0x0
04-17 11:09:07.532  2840  3068 I bluetooth: packages/modules/Bluetooth/system/gd/hci/le_scanning_reassembler.cc:56 ProcessAdvertisingReport: Ignoring scan response received without advertising event
04-17 11:09:07.532  2840  3426 D BtGatt.GattService: onScanResult to scannerId: 3- eventType=0x13, addressType=1, address=XX:XX:XX:XX:E2:71, primaryPhy=1, secondaryPhy=0, advertisingSid=0xff, txPower=127, rssi=-75, periodicAdvInt=0x0
04-17 11:09:07.565  2840  3068 I bluetooth: packages/modules/Bluetooth/system/gd/hci/le_scanning_reassembler.cc:56 ProcessAdvertisingReport: Ignoring scan response received without advertising event
04-17 11:09:07.566  2840  3426 D BtGatt.GattService: onScanResult to scannerId: 3- eventType=0x13, addressType=1, address=XX:XX:XX:XX:E2:71, primaryPhy=1, secondaryPhy=0, advertisingSid=0xff, txPower=127, rssi=-75, periodicAdvInt=0x0
04-17 11:09:07.602  2840  3068 I bluetooth: packages/modules/Bluetooth/system/gd/hci/le_scanning_reassembler.cc:56 ProcessAdvertisingReport: Ignoring scan response received without advertising event
04-17 11:09:07.602  2840  3426 D BtGatt.GattService: onScanResult to scannerId: 3- eventType=0x13, addressType=1, address=XX:XX:XX:XX:E2:71, primaryPhy=1, secondaryPhy=0, advertisingSid=0xff, txPower=127, rssi=-75, periodicAdvInt=0x0
04-17 11:09:08.180  1670  2042 D InputReader: Btn_touch(8): value=1 when=78168.419836
04-17 11:09:08.180  1670  2042 I InputReader: Touch event's action is 0x0 (id=4, t=0) [pCnt=1, s=0.13668 ] when=78168.419836
04-17 11:09:08.181  1670  2041 I InputDispatcher: Delivering touch to (2428): action: 0x4, f=0x0, d=0, '7538e8e', t=1 
04-17 11:09:08.182  1670  2041 I InputDispatcher: Delivering touch to (31229): action: 0x0, f=0x0, d=0, '7cccf1f', t=1 
--------- beginning of system
04-17 11:09:08.182  1670  2041 D PowerManagerService: [api] userActivityFromNative : touch displayId=0 eventTime=78168419
04-17 11:09:08.183 31229 31229 I ViewRootImpl@cd32dfb[MainActivity]: ViewPostIme pointer 0
04-17 11:09:08.183  2428  2428 D Navbar.Store: --------NavBarStates(0) getSpaceWidth(land: false): 118
04-17 11:09:08.184  2428  2428 D SearcleGestureHandler: allowGesture: false
04-17 11:09:08.185  1670  1771 I GestureDetector: obtain mCurrentDownEvent. id: 328295680 caller: com.android.server.wm.SystemGesturesPointerEventListener.onPointerEvent:204 com.android.server.wm.PointerEventDispatcher.onInputEvent:53 android.view.InputEventReceiver.dispatchInputEvent:337 
04-17 11:09:08.185  1670  1771 I GestureDetector: obtain mCurrentDownEvent. id: 328295680 caller: com.android.server.wm.SystemPerformancePointerEventListener.onPointerEvent:89 com.android.server.wm.PointerEventDispatcher.onInputEvent:53 android.view.InputEventReceiver.dispatchInputEvent:337 
04-17 11:09:08.188  1670  1771 I GestureDetector: obtain mCurrentMotionEventRaw. action: 2 id: 855839635
04-17 11:09:08.188  1670  1771 I GestureDetector: obtain mCurrentMotionEventRaw. action: 2 id: 855839635
04-17 11:09:08.242  1670  2042 D InputReader: Btn_touch(8): value=0 when=78168.483251
04-17 11:09:08.242  1670  2042 I InputReader: Touch event's action is 0x1 (id=4, t=0) [pCnt=1, s=] when=78168.483251
04-17 11:09:08.243  1670  2041 I InputDispatcher: Delivering touch to (31229): action: 0x1, f=0x0, d=0, '7cccf1f', t=1 
04-17 11:09:08.244 31229 31229 I ViewRootImpl@cd32dfb[MainActivity]: ViewPostIme pointer 1
04-17 11:09:08.246 31229 31229 D PhantomViewModel: Sending stop command to service
04-17 11:09:08.246 31229 31229 D PhantomViewModel: UI LOG: Sending stop command to proxy service
04-17 11:09:08.249 31229 31229 D PhantomViewModel: UI LOG: Proxy stop command sent successfully.
04-17 11:09:08.257 31229 31229 D PhantomService: Service onStartCommand received - Action: STOP
04-17 11:09:08.260  1670  2680 I ActivityManager: Background started FGS: Allowed [callingPackage: com.ismailjamal.bedrockrelay; callingUid: 10387; uidState: TOP ; uidBFSL: [BFSL]; intent: Intent { act=STOP cmp=com.ismailjamal.bedrockrelay/.PhantomService }; code:PROC_STATE_TOP; tempAllowListReason:<null>; targetSdkVersion:35; callerTargetSdkVersion:35; startForegroundCount:5; bindFromPackage:null: isBindService:false]
04-17 11:09:08.261  2428 27011 D SecFgsManagerController: onForegroundStateChanged: [dialog:false]:[isForeground:true]:[packageName:com.ismailjamal.bedrockrelay]:[token:android.os.BinderProxy@cbf132d]:[userId:0]
04-17 11:09:08.262 31229 31229 I PhantomService: Received STOP action.
04-17 11:09:08.262 31229 31229 D PhantomService: SERVICE LOG: Received STOP command.
04-17 11:09:08.262 31229 31229 I PhantomService: Stopping process and service.
04-17 11:09:08.263 31229 31287 D PhantomService: Stop command issued, but process was not running.
04-17 11:09:08.264  1670  1784 E NotificationService: isPkgBlocked = true
04-17 11:09:08.264  1670  1784 E NotificationService: isRecordBlocked = false
04-17 11:09:08.264  1670  1784 E NotificationService: Suppressing notification from package com.ismailjamal.bedrockrelay by user request.
04-17 11:09:08.264  2428 27011 D SecFgsManagerController: updateUiControl[com.ismailjamal.bedrockrelay]: -1
04-17 11:09:08.265  2428 27011 D SecFgsManagerController: updateNumberOfVisibleRunningPackagesLocked: 2
04-17 11:09:08.265  2428 27011 D SecFgsManagerController: onForegroundStateChanged: [dialog:false]:[isForeground:false]:[packageName:com.ismailjamal.bedrockrelay]:[token:android.os.BinderProxy@cbf132d]:[userId:0]
04-17 11:09:08.265  2428 27011 D SecFgsManagerController: updateNumberOfVisibleRunningPackagesLocked: 1
04-17 11:09:08.367   675   675 D io_stats: !@   8,0 r 7285101 181137672 w 2724613 36516028 d 795539 39395012 f 0 0 iot 4107256 0 th 0 0 0 pt 0 inp 0 0 78168.607
04-17 11:09:08.368   675   675 D io_stats: !@ Read_top(KB): ung.android.fmm(4248) 40 system_server(1670) 36 c.android.sdhms(4559) 20
04-17 11:09:08.368   675   675 D io_stats: !@ Write_top(KB): kworker/u16:18(27220) 64 soft.appmanager(26887) 16 system_server(1670) 4
04-17 11:09:08.484  1670  1670 I GestureDetector: handleMessage TAP
04-17 11:09:08.484  1670  1771 I GestureDetector: handleMessage TAP
04-17 11:09:08.760  1670  3335 D FreecessController: com.ismailjamal.bedrockrelay(10387) is important[12]
04-17 11:09:08.869  1670  2000 W ProcessStats: Tracking association SourceState{45159ff com.samsung.android.smartsuggestions:core/10114 BFgs #306648} whose proc state 4 is better than process ProcessState{74e3636 com.samsung.android.smartsuggestions:contentmanagement/10114 pkg=com.samsung.android.smartsuggestions} proc state 6 (16 skipped)
04-17 11:09:08.938  2428  2428 D StatusBarIconController: ignoring old pipeline callbacks, because the new mobile icons are enabled
04-17 11:09:09.019  1670  2042 D InputReader: Btn_touch(8): value=1 when=78169.259170
04-17 11:09:09.019  1670  2042 I InputReader: Touch event's action is 0x0 (id=4, t=0) [pCnt=1, s=0.13669 ] when=78169.259170
04-17 11:09:09.019  1670  2041 I InputDispatcher: Delivering touch to (2428): action: 0x4, f=0x0, d=0, '7538e8e', t=1 
04-17 11:09:09.019  1670  2041 I InputDispatcher: Delivering touch to (31229): action: 0x0, f=0x0, d=0, '7cccf1f', t=1 
04-17 11:09:09.020 31229 31229 I ViewRootImpl@cd32dfb[MainActivity]: ViewPostIme pointer 0
04-17 11:09:09.020  2428  2428 D Navbar.Store: --------NavBarStates(0) getSpaceWidth(land: false): 118
04-17 11:09:09.020  2428  2428 D SearcleGestureHandler: allowGesture: false
04-17 11:09:09.021  1670  1771 I GestureDetector: obtain mCurrentDownEvent. id: 1054621284 caller: com.android.server.wm.SystemGesturesPointerEventListener.onPointerEvent:204 com.android.server.wm.PointerEventDispatcher.onInputEvent:53 android.view.InputEventReceiver.dispatchInputEvent:337 
04-17 11:09:09.021  1670  1771 I GestureDetector: obtain mCurrentDownEvent. id: 1054621284 caller: com.android.server.wm.SystemPerformancePointerEventListener.onPointerEvent:89 com.android.server.wm.PointerEventDispatcher.onInputEvent:53 android.view.InputEventReceiver.dispatchInputEvent:337 
04-17 11:09:09.035  1670  1771 I GestureDetector: obtain mCurrentMotionEventRaw. action: 2 id: 322280559
04-17 11:09:09.035  1670  1771 I GestureDetector: obtain mCurrentMotionEventRaw. action: 2 id: 322280559
04-17 11:09:09.110  1670  2042 D InputReader: Btn_touch(8): value=0 when=78169.350762
04-17 11:09:09.110  1670  2042 I InputReader: Touch event's action is 0x1 (id=4, t=0) [pCnt=1, s=] when=78169.350762
04-17 11:09:09.110  1670  2041 I InputDispatcher: Delivering touch to (31229): action: 0x1, f=0x0, d=0, '7cccf1f', t=1 
04-17 11:09:09.111 31229 31229 I ViewRootImpl@cd32dfb[MainActivity]: ViewPostIme pointer 1
04-17 11:09:09.112 31229 31229 D PhantomViewModel: Attempting to start proxy with args: [-server 192.168.1.224:19132]
04-17 11:09:09.112 31229 31229 D PhantomViewModel: UI LOG: Attempting to start proxy...
04-17 11:09:09.112 31229 31229 D PhantomViewModel: UI LOG: Arguments: -server 192.168.1.224:19132
04-17 11:09:09.114  1670  4853 I ActivityManager: Background started FGS: Allowed [callingPackage: com.ismailjamal.bedrockrelay; callingUid: 10387; uidState: TOP ; uidBFSL: [BFSL]; intent: Intent { cmp=com.ismailjamal.bedrockrelay/.PhantomService (has extras) }; code:PROC_STATE_TOP; tempAllowListReason:<null>; targetSdkVersion:35; callerTargetSdkVersion:35; startForegroundCount:6; bindFromPackage:null: isBindService:false]
04-17 11:09:09.115 31229 31229 D PhantomViewModel: UI LOG: Proxy start command sent successfully.
04-17 11:09:09.121 31229 31229 D PhantomService: Service onStartCommand received - Action: null
04-17 11:09:09.123  2428 27011 D SecFgsManagerController: onForegroundStateChanged: [dialog:false]:[isForeground:true]:[packageName:com.ismailjamal.bedrockrelay]:[token:android.os.BinderProxy@cbf132d]:[userId:0]
04-17 11:09:09.125 31229 31229 I PhantomService: Processing START command.
04-17 11:09:09.125 31229 31229 D PhantomService: SERVICE LOG: Received start request:
04-17 11:09:09.125  1670  1784 E NotificationService: isPkgBlocked = true
04-17 11:09:09.125  1670  1784 E NotificationService: isRecordBlocked = false
04-17 11:09:09.125  1670  1784 E NotificationService: Suppressing notification from package com.ismailjamal.bedrockrelay by user request.
04-17 11:09:09.125 31229 31229 D PhantomService: SERVICE LOG:   Args: [-server 192.168.1.224:19132]
04-17 11:09:09.126 31229 31286 D PhantomRepository: Entering getBinaryFile
04-17 11:09:09.126 31229 31286 D PhantomRepository: Checking for binary at: /data/app/~~K4yIlBSfSpa1K80wfbb9xg==/com.ismailjamal.bedrockrelay-a0SwdV5l3pCzATTHi0Z5LQ==/lib/arm64/libphantom.so
04-17 11:09:09.126 31229 31286 E PhantomRepository: Binary libphantom.so not found at expected location: /data/app/~~K4yIlBSfSpa1K80wfbb9xg==/com.ismailjamal.bedrockrelay-a0SwdV5l3pCzATTHi0Z5LQ==/lib/arm64/libphantom.so
04-17 11:09:09.126 31229 31286 D PhantomRepository: --- Directory Tree Dump ---
04-17 11:09:09.126 31229 31286 D PhantomRepository: Attempting to log native library directory structure:
04-17 11:09:09.126 31229 31286 D PhantomRepository: nativeLibDir: arm64/
04-17 11:09:09.126 31229 31286 D PhantomRepository: nativeLibDir:   [Directory is empty]
04-17 11:09:09.126 31229 31286 D PhantomRepository: Parent directory structure:
04-17 11:09:09.127 31229 31286 D PhantomRepository: baseLibDir: lib/
04-17 11:09:09.127 31229 31286 D PhantomRepository: baseLibDir: └── arm64/
04-17 11:09:09.127 31229 31286 D PhantomRepository: baseLibDir:     arm64/
04-17 11:09:09.127 31229 31286 D PhantomRepository: baseLibDir:       [Directory is empty]
04-17 11:09:09.127 31229 31286 D PhantomRepository: --- End Directory Tree Dump ---
04-17 11:09:09.127 31229 31286 E PhantomService: Failed to get binary file from repository
04-17 11:09:09.127 31229 31286 E PhantomService: java.lang.RuntimeException: Binary libphantom.so not found at /data/app/~~K4yIlBSfSpa1K80wfbb9xg==/com.ismailjamal.bedrockrelay-a0SwdV5l3pCzATTHi0Z5LQ==/lib/arm64/libphantom.so
04-17 11:09:09.127 31229 31286 E PhantomService: 	at com.ismailjamal.bedrockrelay.PhantomRepository.getBinaryFile-d1pmJ48(PhantomRepository.kt:100)
04-17 11:09:09.127 31229 31286 E PhantomService: 	at com.ismailjamal.bedrockrelay.PhantomService$startProcess$1.invokeSuspend(PhantomService.kt:177)
04-17 11:09:09.127 31229 31286 E PhantomService: 	at kotlin.coroutines.jvm.internal.BaseContinuationImpl.resumeWith(ContinuationImpl.kt:33)
04-17 11:09:09.127 31229 31286 E PhantomService: 	at kotlinx.coroutines.DispatchedTask.run(DispatchedTask.kt:108)
04-17 11:09:09.127 31229 31286 E PhantomService: 	at kotlinx.coroutines.internal.LimitedDispatcher$Worker.run(LimitedDispatcher.kt:115)
04-17 11:09:09.127 31229 31286 E PhantomService: 	at kotlinx.coroutines.scheduling.TaskImpl.run(Tasks.kt:103)
04-17 11:09:09.127 31229 31286 E PhantomService: 	at kotlinx.coroutines.scheduling.CoroutineScheduler.runSafely(CoroutineScheduler.kt:584)
04-17 11:09:09.127 31229 31286 E PhantomService: 	at kotlinx.coroutines.scheduling.CoroutineScheduler$Worker.executeTask(CoroutineScheduler.kt:793)
04-17 11:09:09.127 31229 31286 E PhantomService: 	at kotlinx.coroutines.scheduling.CoroutineScheduler$Worker.runWorker(CoroutineScheduler.kt:697)
04-17 11:09:09.127 31229 31286 E PhantomService: 	at kotlinx.coroutines.scheduling.CoroutineScheduler$Worker.run(CoroutineScheduler.kt:684)
04-17 11:09:09.127 31229 31229 I NotificationManager: com.ismailjamal.bedrockrelay: notify(1, null, Notification(channel=phantom_service_channel shortcut=null contentView=null vibrate=null sound=null defaults=0x0 flags=0x2 color=0x00000000 vis=PRIVATE semFlags=0x0 semPriority=0 semMissedCount=0)) as user
04-17 11:09:09.128 31229 31286 D PhantomService: SERVICE LOG: Error: Failed to get binary file: Binary libphantom.so not found at /data/app/~~K4yIlBSfSpa1K80wfbb9xg==/com.ismailjamal.bedrockrelay-a0SwdV5l3pCzATTHi0Z5LQ==/lib/arm64/libphantom.so
04-17 11:09:09.129 31229 31286 I PhantomService: Stopping process and service.
04-17 11:09:09.129  1670  1701 E NotificationService: isPkgBlocked = true
04-17 11:09:09.129  1670  1701 E NotificationService: isRecordBlocked = false
04-17 11:09:09.129  1670  1701 E NotificationService: Suppressing notification from package com.ismailjamal.bedrockrelay by user request.
04-17 11:09:09.129 31229 31343 D PhantomService: Stop command issued, but process was not running.
04-17 11:09:09.130 31229 31229 D PhantomService: Notification updated: Proxy running...
04-17 11:09:09.130  2428 27011 D SecFgsManagerController: updateUiControl[com.ismailjamal.bedrockrelay]: -1
04-17 11:09:09.131  2428 27011 D SecFgsManagerController: updateNumberOfVisibleRunningPackagesLocked: 2
04-17 11:09:09.131  2428 27011 D SecFgsManagerController: onForegroundStateChanged: [dialog:false]:[isForeground:false]:[packageName:com.ismailjamal.bedrockrelay]:[token:android.os.BinderProxy@cbf132d]:[userId:0]
04-17 11:09:09.131  2428 27011 D SecFgsManagerController: updateNumberOfVisibleRunningPackagesLocked: 1
04-17 11:09:09.133 31229 31286 D PhantomService: Process coroutine finished.
04-17 11:09:09.144  1670  3335 D FreecessController: com.sec.android.app.shealth(10318) is important[fg-service]
04-17 11:09:09.320  1670  1771 I GestureDetector: handleMessage TAP
04-17 11:09:09.321  1670  1670 I GestureDetector: handleMessage TAP
04-17 11:09:09.335  2840  3426 D ScanFilter: manu data matches
04-17 11:09:09.335  2840  3426 D BtGatt.GattService: onScanResult to scannerId: 2- eventType=0x10, addressType=0, address=XX:XX:XX:XX:C4:4B, primaryPhy=1, secondaryPhy=0, advertisingSid=0xff, txPower=127, rssi=-54, periodicAdvInt=0x0
04-17 11:09:09.338  7147 10900 I [+0100]oneconnect[1.8.21.28_01][CORE]: BleParserForVD.parseTvPacket - |name:($)-[(15)|deviceType:TV|discoverType:_BLE|services:None|connected:false[TvStatusString]POWER_OFF[TvStatus]-128[TvService]102[TvMirrorChannel]1[TvRegisteredDB][114, -99, 0, 0, 0, 0][TvYear]2016[TvOcfInfo]0[TvAcmStatus]0[ExTvStatus]0[ExtendedStatus]-1[ModuloSn]-1
04-17 11:09:09.838  1670  2042 D InputReader: Btn_touch(8): value=1 when=78170.078449
04-17 11:09:09.839  1670  2042 I InputReader: Touch event's action is 0x0 (id=4, t=0) [pCnt=1, s=0.13670 ] when=78170.078449
04-17 11:09:09.841  1670  2041 I InputDispatcher: Delivering touch to (2428): action: 0x4, f=0x0, d=0, '7538e8e', t=1 
04-17 11:09:09.841  1670  2041 I InputDispatcher: Delivering touch to (31229): action: 0x0, f=0x0, d=0, '7cccf1f', t=1 
04-17 11:09:09.841  1670  2041 D PowerManagerService: [api] userActivityFromNative : touch displayId=0 eventTime=78170078
04-17 11:09:09.841 31229 31229 I ViewRootImpl@cd32dfb[MainActivity]: ViewPostIme pointer 0
04-17 11:09:09.842  2428  2428 D Navbar.Store: --------NavBarStates(0) getSpaceWidth(land: false): 118
04-17 11:09:09.842  2428  2428 D SearcleGestureHandler: allowGesture: false
04-17 11:09:09.842  1670  1771 I GestureDetector: obtain mCurrentDownEvent. id: 908886171 caller: com.android.server.wm.SystemGesturesPointerEventListener.onPointerEvent:204 com.android.server.wm.PointerEventDispatcher.onInputEvent:53 android.view.InputEventReceiver.dispatchInputEvent:337 
04-17 11:09:09.842  1670  1771 I GestureDetector: obtain mCurrentDownEvent. id: 908886171 caller: com.android.server.wm.SystemPerformancePointerEventListener.onPointerEvent:89 com.android.server.wm.PointerEventDispatcher.onInputEvent:53 android.view.InputEventReceiver.dispatchInputEvent:337 
04-17 11:09:09.845  1670  1771 I GestureDetector: obtain mCurrentMotionEventRaw. action: 2 id: 181668353
04-17 11:09:09.845  1670  1771 I GestureDetector: obtain mCurrentMotionEventRaw. action: 2 id: 181668353
04-17 11:09:09.850  1670  4087 D SemWifiUsabilityStatsMonitor: onWifiUsabilityStats - seqNum 10934, isSameBssidAndFreq true
04-17 11:09:09.936  1670  2042 D InputReader: Btn_touch(8): value=0 when=78170.176709
04-17 11:09:09.936  1670  2042 I InputReader: Touch event's action is 0x1 (id=4, t=0) [pCnt=1, s=] when=78170.176709
04-17 11:09:09.936  1670  2041 I InputDispatcher: Delivering touch to (31229): action: 0x1, f=0x0, d=0, '7cccf1f', t=1 
04-17 11:09:09.938 31229 31229 I ViewRootImpl@cd32dfb[MainActivity]: ViewPostIme pointer 1
04-17 11:09:09.939 31229 31229 D PhantomViewModel: Sending stop command to service
04-17 11:09:09.939 31229 31229 D PhantomViewModel: UI LOG: Sending stop command to proxy service
04-17 11:09:09.941 31229 31229 D PhantomViewModel: UI LOG: Proxy stop command sent successfully.
04-17 11:09:09.947 31229 31229 D PhantomService: Service onStartCommand received - Action: STOP
04-17 11:09:09.949  1670  1701 I ActivityManager: Background started FGS: Allowed [callingPackage: com.ismailjamal.bedrockrelay; callingUid: 10387; uidState: TOP ; uidBFSL: [BFSL]; intent: Intent { act=STOP cmp=com.ismailjamal.bedrockrelay/.PhantomService }; code:PROC_STATE_TOP; tempAllowListReason:<null>; targetSdkVersion:35; callerTargetSdkVersion:35; startForegroundCount:7; bindFromPackage:null: isBindService:false]
04-17 11:09:09.950  2428  3215 D SecFgsManagerController: onForegroundStateChanged: [dialog:false]:[isForeground:true]:[packageName:com.ismailjamal.bedrockrelay]:[token:android.os.BinderProxy@cbf132d]:[userId:0]
04-17 11:09:09.952 31229 31229 I PhantomService: Received STOP action.
04-17 11:09:09.952 31229 31229 D PhantomService: SERVICE LOG: Received STOP command.
04-17 11:09:09.952  1670  1784 E NotificationService: isPkgBlocked = true
04-17 11:09:09.952  1670  1784 E NotificationService: isRecordBlocked = false
04-17 11:09:09.952  1670  1784 E NotificationService: Suppressing notification from package com.ismailjamal.bedrockrelay by user request.
04-17 11:09:09.952 31229 31229 I PhantomService: Stopping process and service.
04-17 11:09:09.953 31229 31344 D PhantomService: Stop command issued, but process was not running.
04-17 11:09:09.954  2428  3215 D SecFgsManagerController: updateUiControl[com.ismailjamal.bedrockrelay]: -1
04-17 11:09:09.954  2428  3215 D SecFgsManagerController: updateNumberOfVisibleRunningPackagesLocked: 2
04-17 11:09:09.954  2428  3215 D SecFgsManagerController: onForegroundStateChanged: [dialog:false]:[isForeground:false]:[packageName:com.ismailjamal.bedrockrelay]:[token:android.os.BinderProxy@cbf132d]:[userId:0]
04-17 11:09:09.954  2428  3215 D SecFgsManagerController: updateNumberOfVisibleRunningPackagesLocked: 1
04-17 11:09:10.142  1670  1670 I GestureDetector: handleMessage TAP
04-17 11:09:10.142  1670  1771 I GestureDetector: handleMessage TAP
04-17 11:09:10.369   675   675 D io_stats: !@   8,0 r 7285110 181137736 w 2724613 36516028 d 795539 39395012 f 0 0 iot 4107264 0 th 0 0 0 pt 0 inp 0 0 78170.609
04-17 11:09:10.964  1670  2042 D InputReader: Btn_touch(8): value=1 when=78171.204230
04-17 11:09:10.964  1670  2042 I InputReader: Touch event's action is 0x0 (id=4, t=0) [pCnt=1, s=0.13671 ] when=78171.204230
04-17 11:09:10.965  1670  2041 I InputDispatcher: Delivering touch to (2428): action: 0x4, f=0x0, d=0, '7538e8e', t=1 
04-17 11:09:10.965  1670  2041 I InputDispatcher: Delivering touch to (31229): action: 0x0, f=0x0, d=0, '7cccf1f', t=1 
04-17 11:09:10.965  1670  2041 D PowerManagerService: [api] userActivityFromNative : touch displayId=0 eventTime=78171204
04-17 11:09:10.965  2428  2428 D Navbar.Store: --------NavBarStates(0) getSpaceWidth(land: false): 118
04-17 11:09:10.965  2428  2428 D SearcleGestureHandler: allowGesture: false
04-17 11:09:10.966 31229 31229 I ViewRootImpl@cd32dfb[MainActivity]: ViewPostIme pointer 0
04-17 11:09:10.967  1670  1771 I GestureDetector: obtain mCurrentDownEvent. id: 943893135 caller: com.android.server.wm.SystemGesturesPointerEventListener.onPointerEvent:204 com.android.server.wm.PointerEventDispatcher.onInputEvent:53 android.view.InputEventReceiver.dispatchInputEvent:337 
04-17 11:09:10.967  1670  1771 I GestureDetector: obtain mCurrentDownEvent. id: 943893135 caller: com.android.server.wm.SystemPerformancePointerEventListener.onPointerEvent:89 com.android.server.wm.PointerEventDispatcher.onInputEvent:53 android.view.InputEventReceiver.dispatchInputEvent:337 
04-17 11:09:10.988  1670  1771 I GestureDetector: obtain mCurrentMotionEventRaw. action: 2 id: 840441702
04-17 11:09:10.988  1670  1771 I GestureDetector: obtain mCurrentMotionEventRaw. action: 2 id: 840441702
04-17 11:09:11.062  1670  2042 D InputReader: Btn_touch(8): value=0 when=78171.303085
04-17 11:09:11.062  1670  2042 I InputReader: Touch event's action is 0x1 (id=4, t=0) [pCnt=1, s=] when=78171.303085
04-17 11:09:11.062  1670  2041 I InputDispatcher: Delivering touch to (31229): action: 0x1, f=0x0, d=0, '7cccf1f', t=1 
04-17 11:09:11.063 31229 31229 I ViewRootImpl@cd32dfb[MainActivity]: ViewPostIme pointer 1
04-17 11:09:11.064 31229 31229 D PhantomViewModel: Attempting to start proxy with args: [-server 192.168.1.224:19132]
04-17 11:09:11.064 31229 31229 D PhantomViewModel: UI LOG: Attempting to start proxy...
04-17 11:09:11.064 31229 31229 D PhantomViewModel: UI LOG: Arguments: -server 192.168.1.224:19132
04-17 11:09:11.066  1670  1701 I ActivityManager: Background started FGS: Allowed [callingPackage: com.ismailjamal.bedrockrelay; callingUid: 10387; uidState: TOP ; uidBFSL: [BFSL]; intent: Intent { cmp=com.ismailjamal.bedrockrelay/.PhantomService (has extras) }; code:PROC_STATE_TOP; tempAllowListReason:<null>; targetSdkVersion:35; callerTargetSdkVersion:35; startForegroundCount:8; bindFromPackage:null: isBindService:false]
04-17 11:09:11.068 31229 31229 D PhantomViewModel: UI LOG: Proxy start command sent successfully.
04-17 11:09:11.075 31229 31229 D PhantomService: Service onStartCommand received - Action: null
04-17 11:09:11.078  2428  4667 D SecFgsManagerController: onForegroundStateChanged: [dialog:false]:[isForeground:true]:[packageName:com.ismailjamal.bedrockrelay]:[token:android.os.BinderProxy@cbf132d]:[userId:0]
04-17 11:09:11.079  2428  4667 D SecFgsManagerController: updateUiControl[com.ismailjamal.bedrockrelay]: -1
04-17 11:09:11.079  2428  4667 D SecFgsManagerController: updateNumberOfVisibleRunningPackagesLocked: 2
04-17 11:09:11.080  1670  1784 E NotificationService: isPkgBlocked = true
04-17 11:09:11.080  1670  1784 E NotificationService: isRecordBlocked = false
04-17 11:09:11.080  1670  1784 E NotificationService: Suppressing notification from package com.ismailjamal.bedrockrelay by user request.
04-17 11:09:11.087 31229 31229 I PhantomService: Processing START command.
04-17 11:09:11.087 31229 31229 D PhantomService: SERVICE LOG: Received start request:
04-17 11:09:11.088 31229 31229 D PhantomService: SERVICE LOG:   Args: [-server 192.168.1.224:19132]
04-17 11:09:11.089 31229 31288 D PhantomRepository: Entering getBinaryFile
04-17 11:09:11.089 31229 31288 D PhantomRepository: Checking for binary at: /data/app/~~K4yIlBSfSpa1K80wfbb9xg==/com.ismailjamal.bedrockrelay-a0SwdV5l3pCzATTHi0Z5LQ==/lib/arm64/libphantom.so
04-17 11:09:11.089 31229 31288 E PhantomRepository: Binary libphantom.so not found at expected location: /data/app/~~K4yIlBSfSpa1K80wfbb9xg==/com.ismailjamal.bedrockrelay-a0SwdV5l3pCzATTHi0Z5LQ==/lib/arm64/libphantom.so
04-17 11:09:11.089 31229 31288 D PhantomRepository: --- Directory Tree Dump ---
04-17 11:09:11.089 31229 31288 D PhantomRepository: Attempting to log native library directory structure:
04-17 11:09:11.089 31229 31288 D PhantomRepository: nativeLibDir: arm64/
04-17 11:09:11.089 31229 31288 D PhantomRepository: nativeLibDir:   [Directory is empty]
04-17 11:09:11.089 31229 31288 D PhantomRepository: Parent directory structure:
04-17 11:09:11.089 31229 31288 D PhantomRepository: baseLibDir: lib/
04-17 11:09:11.090 31229 31288 D PhantomRepository: baseLibDir: └── arm64/
04-17 11:09:11.090 31229 31288 D PhantomRepository: baseLibDir:     arm64/
04-17 11:09:11.090 31229 31288 D PhantomRepository: baseLibDir:       [Directory is empty]
04-17 11:09:11.090 31229 31288 D PhantomRepository: --- End Directory Tree Dump ---
04-17 11:09:11.090 31229 31288 E PhantomService: Failed to get binary file from repository
04-17 11:09:11.090 31229 31288 E PhantomService: java.lang.RuntimeException: Binary libphantom.so not found at /data/app/~~K4yIlBSfSpa1K80wfbb9xg==/com.ismailjamal.bedrockrelay-a0SwdV5l3pCzATTHi0Z5LQ==/lib/arm64/libphantom.so
04-17 11:09:11.090 31229 31288 E PhantomService: 	at com.ismailjamal.bedrockrelay.PhantomRepository.getBinaryFile-d1pmJ48(PhantomRepository.kt:100)
04-17 11:09:11.090 31229 31288 E PhantomService: 	at com.ismailjamal.bedrockrelay.PhantomService$startProcess$1.invokeSuspend(PhantomService.kt:177)
04-17 11:09:11.090 31229 31288 E PhantomService: 	at kotlin.coroutines.jvm.internal.BaseContinuationImpl.resumeWith(ContinuationImpl.kt:33)
04-17 11:09:11.090 31229 31288 E PhantomService: 	at kotlinx.coroutines.DispatchedTask.run(DispatchedTask.kt:108)
04-17 11:09:11.090 31229 31288 E PhantomService: 	at kotlinx.coroutines.internal.LimitedDispatcher$Worker.run(LimitedDispatcher.kt:115)
04-17 11:09:11.090 31229 31288 E PhantomService: 	at kotlinx.coroutines.scheduling.TaskImpl.run(Tasks.kt:103)
04-17 11:09:11.090 31229 31288 E PhantomService: 	at kotlinx.coroutines.scheduling.CoroutineScheduler.runSafely(CoroutineScheduler.kt:584)
04-17 11:09:11.090 31229 31288 E PhantomService: 	at kotlinx.coroutines.scheduling.CoroutineScheduler$Worker.executeTask(CoroutineScheduler.kt:793)
04-17 11:09:11.090 31229 31288 E PhantomService: 	at kotlinx.coroutines.scheduling.CoroutineScheduler$Worker.runWorker(CoroutineScheduler.kt:697)
04-17 11:09:11.090 31229 31288 E PhantomService: 	at kotlinx.coroutines.scheduling.CoroutineScheduler$Worker.run(CoroutineScheduler.kt:684)
04-17 11:09:11.090 31229 31288 D PhantomService: SERVICE LOG: Error: Failed to get binary file: Binary libphantom.so not found at /data/app/~~K4yIlBSfSpa1K80wfbb9xg==/com.ismailjamal.bedrockrelay-a0SwdV5l3pCzATTHi0Z5LQ==/lib/arm64/libphantom.so
04-17 11:09:11.090 31229 31288 I PhantomService: Stopping process and service.
04-17 11:09:11.091 31229 31343 D PhantomService: Stop command issued, but process was not running.
04-17 11:09:11.092  2428  4667 D SecFgsManagerController: onForegroundStateChanged: [dialog:false]:[isForeground:false]:[packageName:com.ismailjamal.bedrockrelay]:[token:android.os.BinderProxy@cbf132d]:[userId:0]
04-17 11:09:11.092  2428  4667 D SecFgsManagerController: updateNumberOfVisibleRunningPackagesLocked: 1
04-17 11:09:11.092 31229 31229 I NotificationManager: com.ismailjamal.bedrockrelay: notify(1, null, Notification(channel=phantom_service_channel shortcut=null contentView=null vibrate=null sound=null defaults=0x0 flags=0x2 color=0x00000000 vis=PRIVATE semFlags=0x0 semPriority=0 semMissedCount=0)) as user
04-17 11:09:11.094  1670  4853 E NotificationService: isPkgBlocked = true
04-17 11:09:11.094  1670  4853 E NotificationService: isRecordBlocked = false
04-17 11:09:11.094  1670  4853 E NotificationService: Suppressing notification from package com.ismailjamal.bedrockrelay by user request.
04-17 11:09:11.094 31229 31229 D PhantomService: Notification updated: Proxy running...
04-17 11:09:11.095 31229 31288 D PhantomService: Process coroutine finished.
04-17 11:09:11.155  2840  3426 D BtGatt.GattService: onScanResult to scannerId: 2- eventType=0x13, addressType=1, address=XX:XX:XX:XX:5E:C7, primaryPhy=1, secondaryPhy=0, advertisingSid=0xff, txPower=127, rssi=-82, periodicAdvInt=0x0
04-17 11:09:11.155  2840  3068 I bluetooth: packages/modules/Bluetooth/system/gd/hci/le_scanning_reassembler.cc:56 ProcessAdvertisingReport: Ignoring scan response received without advertising event
04-17 11:09:11.155  2840  3426 D BtGatt.GattService: onScanResult to scannerId: 3- eventType=0x13, addressType=1, address=XX:XX:XX:XX:5E:C7, primaryPhy=1, secondaryPhy=0, advertisingSid=0xff, txPower=127, rssi=-82, periodicAdvInt=0x0
04-17 11:09:11.158  7147 10900 I [+0100]oneconnect[1.8.21.28_01][CORE]: TagKeyManager.findCloudId - key: ($)9e5716d2
04-17 11:09:11.158  7147 10900 I [+0100]oneconnect[1.8.21.28_01][CORE]: TagKeyManager.findCloudId - key: ($)9e5716d2
04-17 11:09:11.158  7147 10900 I [+0100]oneconnect[1.8.21.28_01][CORE]: BleParserForTag.parsePacket - [name][bleMac]($)6C:27[tagState]5[advertisementType]0[privacyId]078c1ea905c78941[uWBFlag]0[batteryLevel]3[motionDetection]0[lastReceivedTime]1744884551158[rssi]-82[activityTrackingMode]false
04-17 11:09:11.163  7147 27991 I [+0100]oneconnect[1.8.21.28_01][CORE]: SmartTag@DeviceStatusTriggerTaskImpl.isAvailableGattConnection - deviceId: ($)9e5716d2 | isAvailableGattConnection: false | priorityConnectionSize : 0 | availableConnectionSize : 2
04-17 11:09:11.186  2840  3426 D ScanFilter: manu data matches
04-17 11:09:11.186  2840  3426 D BtGatt.GattService: onScanResult to scannerId: 2- eventType=0x10, addressType=0, address=XX:XX:XX:XX:C4:4B, primaryPhy=1, secondaryPhy=0, advertisingSid=0xff, txPower=127, rssi=-66, periodicAdvInt=0x0
04-17 11:09:11.187  7147 10900 I [+0100]oneconnect[1.8.21.28_01][CORE]: BleParserForVD.parseTvPacket - |name:($)-[(15)|deviceType:TV|discoverType:_BLE|services:None|connected:false[TvStatusString]POWER_OFF[TvStatus]-128[TvService]102[TvMirrorChannel]1[TvRegisteredDB][114, -99, 0, 0, 0, 0][TvYear]2016[TvOcfInfo]0[TvAcmStatus]0[ExTvStatus]0[ExtendedStatus]-1[ModuloSn]-1
04-17 11:09:11.267  1670  1771 I GestureDetector: handleMessage TAP
04-17 11:09:11.267  1670  1670 I GestureDetector: handleMessage TAP
04-17 11:09:12.169  1336  1513 I EDEN    : [Exynos][EDEN][v1.6.23][SERVICE] processAliveMointorMain:253: Try to check pid=(1282)...
04-17 11:09:12.373   675   675 D io_stats: !@ Read_top(KB): earchbox:search(21539) 64
04-17 11:09:12.383  1670  2042 D InputReader: Btn_touch(8): value=1 when=78172.623490
04-17 11:09:12.384  1670  2042 I InputReader: Touch event's action is 0x0 (id=4, t=0) [pCnt=1, s=0.13672 ] when=78172.623490
04-17 11:09:12.385  1670  2041 I InputDispatcher: Delivering touch to (2428): action: 0x4, f=0x0, d=0, '7538e8e', t=1 
04-17 11:09:12.386  1670  2041 I InputDispatcher: Delivering touch to (31229): action: 0x0, f=0x0, d=0, '7cccf1f', t=1 
04-17 11:09:12.386  1670  2041 D PowerManagerService: [api] userActivityFromNative : touch displayId=0 eventTime=78172623
04-17 11:09:12.386  2428  2428 D Navbar.Store: --------NavBarStates(0) getSpaceWidth(land: false): 118
04-17 11:09:12.387  2428  2428 D SearcleGestureHandler: allowGesture: false
04-17 11:09:12.387 31229 31229 I ViewRootImpl@cd32dfb[MainActivity]: ViewPostIme pointer 0
04-17 11:09:12.388  1670  1771 I GestureDetector: obtain mCurrentDownEvent. id: 580930068 caller: com.android.server.wm.SystemGesturesPointerEventListener.onPointerEvent:204 com.android.server.wm.PointerEventDispatcher.onInputEvent:53 android.view.InputEventReceiver.dispatchInputEvent:337 
04-17 11:09:12.388  1670  1771 I GestureDetector: obtain mCurrentDownEvent. id: 580930068 caller: com.android.server.wm.SystemPerformancePointerEventListener.onPointerEvent:89 com.android.server.wm.PointerEventDispatcher.onInputEvent:53 android.view.InputEventReceiver.dispatchInputEvent:337 
04-17 11:09:12.398  1670  1771 I GestureDetector: obtain mCurrentMotionEventRaw. action: 2 id: 851525108
04-17 11:09:12.398  1670  1771 I GestureDetector: obtain mCurrentMotionEventRaw. action: 2 id: 851525108
04-17 11:09:12.480  1670  2042 D InputReader: Btn_touch(8): value=0 when=78172.720994
04-17 11:09:12.480  1670  2042 I InputReader: Touch event's action is 0x1 (id=4, t=0) [pCnt=1, s=] when=78172.720994
04-17 11:09:12.480  1670  2041 I InputDispatcher: Delivering touch to (31229): action: 0x1, f=0x0, d=0, '7cccf1f', t=1 
04-17 11:09:12.482 31229 31229 I ViewRootImpl@cd32dfb[MainActivity]: ViewPostIme pointer 1
04-17 11:09:12.483 31229 31229 D PhantomViewModel: Sending stop command to service
04-17 11:09:12.483 31229 31229 D PhantomViewModel: UI LOG: Sending stop command to proxy service
04-17 11:09:12.486 31229 31229 D PhantomViewModel: UI LOG: Proxy stop command sent successfully.
04-17 11:09:12.493 31229 31229 D PhantomService: Service onStartCommand received - Action: STOP
04-17 11:09:12.494  1670  1701 I ActivityManager: Background started FGS: Allowed [callingPackage: com.ismailjamal.bedrockrelay; callingUid: 10387; uidState: TOP ; uidBFSL: [BFSL]; intent: Intent { act=STOP cmp=com.ismailjamal.bedrockrelay/.PhantomService }; code:PROC_STATE_TOP; tempAllowListReason:<null>; targetSdkVersion:35; callerTargetSdkVersion:35; startForegroundCount:9; bindFromPackage:null: isBindService:false]
04-17 11:09:12.495  2428  4667 D SecFgsManagerController: onForegroundStateChanged: [dialog:false]:[isForeground:true]:[packageName:com.ismailjamal.bedrockrelay]:[token:android.os.BinderProxy@cbf132d]:[userId:0]
04-17 11:09:12.497 31229 31229 I PhantomService: Received STOP action.
04-17 11:09:12.497 31229 31229 D PhantomService: SERVICE LOG: Received STOP command.
04-17 11:09:12.497  1670  1784 E NotificationService: isPkgBlocked = true
04-17 11:09:12.497  1670  1784 E NotificationService: isRecordBlocked = false
04-17 11:09:12.497  1670  1784 E NotificationService: Suppressing notification from package com.ismailjamal.bedrockrelay by user request.
04-17 11:09:12.497 31229 31229 I PhantomService: Stopping process and service.
04-17 11:09:12.498 31229 31287 D PhantomService: Stop command issued, but process was not running.
04-17 11:09:12.499  2428  4667 D SecFgsManagerController: updateUiControl[com.ismailjamal.bedrockrelay]: -1
04-17 11:09:12.499  2428  4667 D SecFgsManagerController: updateNumberOfVisibleRunningPackagesLocked: 2
04-17 11:09:12.499  2428  4667 D SecFgsManagerController: onForegroundStateChanged: [dialog:false]:[isForeground:false]:[packageName:com.ismailjamal.bedrockrelay]:[token:android.os.BinderProxy@cbf132d]:[userId:0]
04-17 11:09:12.499  2428  4667 D SecFgsManagerController: updateNumberOfVisibleRunningPackagesLocked: 1
04-17 11:09:12.688  1670  1771 I GestureDetector: handleMessage TAP
04-17 11:09:12.688  1670  1670 I GestureDetector: handleMessage TAP
04-17 11:09:12.963  1670  4087 D SemWifiUsabilityStatsMonitor: onWifiUsabilityStats - seqNum 10935, isSameBssidAndFreq true
04-17 11:09:13.032  1670  2042 D InputReader: Btn_touch(8): value=1 when=78173.272265
04-17 11:09:13.032  1670  2042 I InputReader: Touch event's action is 0x0 (id=4, t=0) [pCnt=1, s=0.13673 ] when=78173.272265
04-17 11:09:13.033  1670  2041 I InputDispatcher: Delivering touch to (2428): action: 0x4, f=0x0, d=0, '7538e8e', t=1 
04-17 11:09:13.033  1670  2041 I InputDispatcher: Delivering touch to (31229): action: 0x0, f=0x0, d=0, '7cccf1f', t=1 
04-17 11:09:13.033  2428  2428 D Navbar.Store: --------NavBarStates(0) getSpaceWidth(land: false): 118
04-17 11:09:13.034  2428  2428 D SearcleGestureHandler: allowGesture: false
04-17 11:09:13.034 31229 31229 I ViewRootImpl@cd32dfb[MainActivity]: ViewPostIme pointer 0
04-17 11:09:13.034  1670  1771 I GestureDetector: obtain mCurrentDownEvent. id: 792010614 caller: com.android.server.wm.SystemGesturesPointerEventListener.onPointerEvent:204 com.android.server.wm.PointerEventDispatcher.onInputEvent:53 android.view.InputEventReceiver.dispatchInputEvent:337 
04-17 11:09:13.034  1670  1771 I GestureDetector: obtain mCurrentDownEvent. id: 792010614 caller: com.android.server.wm.SystemPerformancePointerEventListener.onPointerEvent:89 com.android.server.wm.PointerEventDispatcher.onInputEvent:53 android.view.InputEventReceiver.dispatchInputEvent:337 
04-17 11:09:13.040  1670  1771 I GestureDetector: obtain mCurrentMotionEventRaw. action: 2 id: 488283601
04-17 11:09:13.040  1670  1771 I GestureDetector: obtain mCurrentMotionEventRaw. action: 2 id: 488283601
04-17 11:09:13.041  2840  3426 D ScanFilter: manu data matches
04-17 11:09:13.041  2840  3426 D BtGatt.GattService: onScanResult to scannerId: 2- eventType=0x10, addressType=0, address=XX:XX:XX:XX:C4:4B, primaryPhy=1, secondaryPhy=0, advertisingSid=0xff, txPower=127, rssi=-63, periodicAdvInt=0x0
04-17 11:09:13.044  7147 10900 I [+0100]oneconnect[1.8.21.28_01][CORE]: BleParserForVD.parseTvPacket - |name:($)-[(15)|deviceType:TV|discoverType:_BLE|services:None|connected:false[TvStatusString]POWER_OFF[TvStatus]-128[TvService]102[TvMirrorChannel]1[TvRegisteredDB][114, -99, 0, 0, 0, 0][TvYear]2016[TvOcfInfo]0[TvAcmStatus]0[ExTvStatus]0[ExtendedStatus]-1[ModuloSn]-1
04-17 11:09:13.131  1670  2042 D InputReader: Btn_touch(8): value=0 when=78173.371866
04-17 11:09:13.131  1670  2042 I InputReader: Touch event's action is 0x1 (id=4, t=0) [pCnt=1, s=] when=78173.371866
04-17 11:09:13.131  1670  2041 I InputDispatcher: Delivering touch to (31229): action: 0x1, f=0x0, d=0, '7cccf1f', t=1 
04-17 11:09:13.131 31229 31229 I ViewRootImpl@cd32dfb[MainActivity]: ViewPostIme pointer 1
04-17 11:09:13.133 31229 31229 D PhantomViewModel: Attempting to start proxy with args: [-server 192.168.1.224:19132]
04-17 11:09:13.133 31229 31229 D PhantomViewModel: UI LOG: Attempting to start proxy...
04-17 11:09:13.133 31229 31229 D PhantomViewModel: UI LOG: Arguments: -server 192.168.1.224:19132
04-17 11:09:13.135  1670  1701 I ActivityManager: Background started FGS: Allowed [callingPackage: com.ismailjamal.bedrockrelay; callingUid: 10387; uidState: TOP ; uidBFSL: [BFSL]; intent: Intent { cmp=com.ismailjamal.bedrockrelay/.PhantomService (has extras) }; code:PROC_STATE_TOP; tempAllowListReason:<null>; targetSdkVersion:35; callerTargetSdkVersion:35; startForegroundCount:10; bindFromPackage:null: isBindService:false]
04-17 11:09:13.135  2840  3068 I bluetooth: packages/modules/Bluetooth/system/gd/hci/le_scanning_reassembler.cc:56 ProcessAdvertisingReport: Ignoring scan response received without advertising event
04-17 11:09:13.136  2840  3426 D BtGatt.GattService: onScanResult to scannerId: 2- eventType=0x13, addressType=1, address=XX:XX:XX:XX:5E:C7, primaryPhy=1, secondaryPhy=0, advertisingSid=0xff, txPower=127, rssi=-83, periodicAdvInt=0x0
04-17 11:09:13.136  2840  3426 D BtGatt.GattService: onScanResult to scannerId: 3- eventType=0x13, addressType=1, address=XX:XX:XX:XX:5E:C7, primaryPhy=1, secondaryPhy=0, advertisingSid=0xff, txPower=127, rssi=-83, periodicAdvInt=0x0
04-17 11:09:13.136 31229 31229 D PhantomViewModel: UI LOG: Proxy start command sent successfully.
04-17 11:09:13.140  7147 10900 I [+0100]oneconnect[1.8.21.28_01][CORE]: TagKeyManager.findCloudId - key: ($)9e5716d2
04-17 11:09:13.140  7147 10900 I [+0100]oneconnect[1.8.21.28_01][CORE]: TagKeyManager.findCloudId - key: ($)9e5716d2
04-17 11:09:13.141  7147 10900 I [+0100]oneconnect[1.8.21.28_01][CORE]: BleParserForTag.parsePacket - [name][bleMac]($)6C:27[tagState]5[advertisementType]0[privacyId]078c1ea905c78941[uWBFlag]0[batteryLevel]3[motionDetection]0[lastReceivedTime]1744884553140[rssi]-83[activityTrackingMode]false
04-17 11:09:13.144 31229 31229 D PhantomService: Service onStartCommand received - Action: null
04-17 11:09:13.147  7147 25301 I [+0100]oneconnect[1.8.21.28_01][CORE]: SmartTag@DeviceStatusTriggerTaskImpl.isAvailableGattConnection - deviceId: ($)9e5716d2 | isAvailableGattConnection: false | priorityConnectionSize : 0 | availableConnectionSize : 2
04-17 11:09:13.148  2428 27011 D SecFgsManagerController: onForegroundStateChanged: [dialog:false]:[isForeground:true]:[packageName:com.ismailjamal.bedrockrelay]:[token:android.os.BinderProxy@cbf132d]:[userId:0]
04-17 11:09:13.149  2428 27011 D SecFgsManagerController: updateUiControl[com.ismailjamal.bedrockrelay]: -1
04-17 11:09:13.149  2428 27011 D SecFgsManagerController: updateNumberOfVisibleRunningPackagesLocked: 2
04-17 11:09:13.149 31229 31229 I PhantomService: Processing START command.
04-17 11:09:13.149  1670  1784 E NotificationService: isPkgBlocked = true
04-17 11:09:13.149  1670  1784 E NotificationService: isRecordBlocked = false
04-17 11:09:13.150  1670  1784 E NotificationService: Suppressing notification from package com.ismailjamal.bedrockrelay by user request.
04-17 11:09:13.150 31229 31229 D PhantomService: SERVICE LOG: Received start request:
04-17 11:09:13.150 31229 31229 D PhantomService: SERVICE LOG:   Args: [-server 192.168.1.224:19132]
04-17 11:09:13.151 31229 31343 D PhantomRepository: Entering getBinaryFile
04-17 11:09:13.151 31229 31343 D PhantomRepository: Checking for binary at: /data/app/~~K4yIlBSfSpa1K80wfbb9xg==/com.ismailjamal.bedrockrelay-a0SwdV5l3pCzATTHi0Z5LQ==/lib/arm64/libphantom.so
04-17 11:09:13.151 31229 31343 E PhantomRepository: Binary libphantom.so not found at expected location: /data/app/~~K4yIlBSfSpa1K80wfbb9xg==/com.ismailjamal.bedrockrelay-a0SwdV5l3pCzATTHi0Z5LQ==/lib/arm64/libphantom.so
04-17 11:09:13.151 31229 31343 D PhantomRepository: --- Directory Tree Dump ---
04-17 11:09:13.151 31229 31343 D PhantomRepository: Attempting to log native library directory structure:
04-17 11:09:13.151 31229 31343 D PhantomRepository: nativeLibDir: arm64/
04-17 11:09:13.151 31229 31343 D PhantomRepository: nativeLibDir:   [Directory is empty]
04-17 11:09:13.151 31229 31343 D PhantomRepository: Parent directory structure:
04-17 11:09:13.151 31229 31343 D PhantomRepository: baseLibDir: lib/
04-17 11:09:13.152 31229 31343 D PhantomRepository: baseLibDir: └── arm64/
04-17 11:09:13.152 31229 31343 D PhantomRepository: baseLibDir:     arm64/
04-17 11:09:13.152 31229 31343 D PhantomRepository: baseLibDir:       [Directory is empty]
04-17 11:09:13.152 31229 31343 D PhantomRepository: --- End Directory Tree Dump ---
04-17 11:09:13.152 31229 31343 E PhantomService: Failed to get binary file from repository
04-17 11:09:13.152 31229 31343 E PhantomService: java.lang.RuntimeException: Binary libphantom.so not found at /data/app/~~K4yIlBSfSpa1K80wfbb9xg==/com.ismailjamal.bedrockrelay-a0SwdV5l3pCzATTHi0Z5LQ==/lib/arm64/libphantom.so
04-17 11:09:13.152 31229 31343 E PhantomService: 	at com.ismailjamal.bedrockrelay.PhantomRepository.getBinaryFile-d1pmJ48(PhantomRepository.kt:100)
04-17 11:09:13.152 31229 31343 E PhantomService: 	at com.ismailjamal.bedrockrelay.PhantomService$startProcess$1.invokeSuspend(PhantomService.kt:177)
04-17 11:09:13.152 31229 31343 E PhantomService: 	at kotlin.coroutines.jvm.internal.BaseContinuationImpl.resumeWith(ContinuationImpl.kt:33)
04-17 11:09:13.152 31229 31343 E PhantomService: 	at kotlinx.coroutines.DispatchedTask.run(DispatchedTask.kt:108)
04-17 11:09:13.152 31229 31343 E PhantomService: 	at kotlinx.coroutines.internal.LimitedDispatcher$Worker.run(LimitedDispatcher.kt:115)
04-17 11:09:13.152 31229 31343 E PhantomService: 	at kotlinx.coroutines.scheduling.TaskImpl.run(Tasks.kt:103)
04-17 11:09:13.152 31229 31343 E PhantomService: 	at kotlinx.coroutines.scheduling.CoroutineScheduler.runSafely(CoroutineScheduler.kt:584)
04-17 11:09:13.152 31229 31343 E PhantomService: 	at kotlinx.coroutines.scheduling.CoroutineScheduler$Worker.executeTask(CoroutineScheduler.kt:793)
04-17 11:09:13.152 31229 31343 E PhantomService: 	at kotlinx.coroutines.scheduling.CoroutineScheduler$Worker.runWorker(CoroutineScheduler.kt:697)
04-17 11:09:13.152 31229 31343 E PhantomService: 	at kotlinx.coroutines.scheduling.CoroutineScheduler$Worker.run(CoroutineScheduler.kt:684)
04-17 11:09:13.152 31229 31343 D PhantomService: SERVICE LOG: Error: Failed to get binary file: Binary libphantom.so not found at /data/app/~~K4yIlBSfSpa1K80wfbb9xg==/com.ismailjamal.bedrockrelay-a0SwdV5l3pCzATTHi0Z5LQ==/lib/arm64/libphantom.so
04-17 11:09:13.152 31229 31343 I PhantomService: Stopping process and service.
04-17 11:09:13.153 31229 31229 I NotificationManager: com.ismailjamal.bedrockrelay: notify(1, null, Notification(channel=phantom_service_channel shortcut=null contentView=null vibrate=null sound=null defaults=0x0 flags=0x2 color=0x00000000 vis=PRIVATE semFlags=0x0 semPriority=0 semMissedCount=0)) as user
04-17 11:09:13.153 31229 31288 D PhantomService: Stop command issued, but process was not running.
04-17 11:09:13.155  1670  2680 E NotificationService: isPkgBlocked = true
04-17 11:09:13.155  1670  2680 E NotificationService: isRecordBlocked = false
04-17 11:09:13.155  1670  2680 E NotificationService: Suppressing notification from package com.ismailjamal.bedrockrelay by user request.
04-17 11:09:13.155 31229 31229 D PhantomService: Notification updated: Proxy running...
04-17 11:09:13.156  2428 27011 D SecFgsManagerController: onForegroundStateChanged: [dialog:false]:[isForeground:false]:[packageName:com.ismailjamal.bedrockrelay]:[token:android.os.BinderProxy@cbf132d]:[userId:0]
04-17 11:09:13.156  2428 27011 D SecFgsManagerController: updateNumberOfVisibleRunningPackagesLocked: 1
04-17 11:09:13.158 31229 31343 D PhantomService: Process coroutine finished.
04-17 11:09:13.159  2584  2584 I wpa_supplicant: Heartbeat 7700
04-17 11:09:13.335  1670  1771 I GestureDetector: handleMessage TAP
04-17 11:09:13.335  1670  1670 I GestureDetector: handleMessage TAP
04-17 11:09:13.737  4559  4559 I SDHMS:LOAD: type: LoadsFreqs, value: 0:24:4:927160:2080000:533000:1026219:2080000:533000:65:130:0
04-17 11:09:13.767  1670  3335 D FreecessController: com.ismailjamal.bedrockrelay(10387) is important[12]
04-17 11:09:14.145  1670  3335 D FreecessController: com.sec.android.app.shealth(10318) is important[fg-service]
04-17 11:09:14.374   675   675 D io_stats: !@   8,0 r 7285113 181137788 w 2724617 36516172 d 795539 39395012 f 0 0 iot 4107272 0 th 0 0 0 pt 0 inp 0 0 78174.615
04-17 11:09:14.468  1670  2042 D InputReader: Btn_touch(8): value=1 when=78174.708466
04-17 11:09:14.469  1670  2042 I InputReader: Touch event's action is 0x0 (id=4, t=0) [pCnt=1, s=0.13674 ] when=78174.708466
04-17 11:09:14.470  1670  2041 I InputDispatcher: Delivering touch to (2428): action: 0x4, f=0x0, d=0, '7538e8e', t=1 
04-17 11:09:14.470  1670  2041 I InputDispatcher: Delivering touch to (31229): action: 0x0, f=0x0, d=0, '7cccf1f', t=1 
04-17 11:09:14.471  1670  2041 D PowerManagerService: [api] userActivityFromNative : touch displayId=0 eventTime=78174708
04-17 11:09:14.471  2428  2428 D Navbar.Store: --------NavBarStates(0) getSpaceWidth(land: false): 118
04-17 11:09:14.471  2428  2428 D SearcleGestureHandler: allowGesture: false
04-17 11:09:14.472 31229 31229 I ViewRootImpl@cd32dfb[MainActivity]: ViewPostIme pointer 0
04-17 11:09:14.473  1670  1771 I GestureDetector: obtain mCurrentDownEvent. id: 716724328 caller: com.android.server.wm.SystemGesturesPointerEventListener.onPointerEvent:204 com.android.server.wm.PointerEventDispatcher.onInputEvent:53 android.view.InputEventReceiver.dispatchInputEvent:337 
04-17 11:09:14.473  1670  1771 I GestureDetector: obtain mCurrentDownEvent. id: 716724328 caller: com.android.server.wm.SystemPerformancePointerEventListener.onPointerEvent:89 com.android.server.wm.PointerEventDispatcher.onInputEvent:53 android.view.InputEventReceiver.dispatchInputEvent:337 
04-17 11:09:14.475  1670  1771 I GestureDetector: obtain mCurrentMotionEventRaw. action: 2 id: 224968798
04-17 11:09:14.476  1670  1771 I GestureDetector: obtain mCurrentMotionEventRaw. action: 2 id: 224968798
04-17 11:09:14.557  1670  2042 D InputReader: Btn_touch(8): value=0 when=78174.798537
04-17 11:09:14.558  1670  2042 I InputReader: Touch event's action is 0x1 (id=4, t=0) [pCnt=1, s=] when=78174.798537
04-17 11:09:14.558  1670  2041 I InputDispatcher: Delivering touch to (31229): action: 0x1, f=0x0, d=0, '7cccf1f', t=1 
04-17 11:09:14.559 31229 31229 I ViewRootImpl@cd32dfb[MainActivity]: ViewPostIme pointer 1
04-17 11:09:14.560 31229 31229 D PhantomViewModel: Sending stop command to service
04-17 11:09:14.560 31229 31229 D PhantomViewModel: UI LOG: Sending stop command to proxy service
04-17 11:09:14.563 31229 31229 D PhantomViewModel: UI LOG: Proxy stop command sent successfully.
04-17 11:09:14.569 31229 31229 D PhantomService: Service onStartCommand received - Action: STOP
