04-16 19:37:25.652  1670  1771 I GestureDetector: obtain mCurrentDownEvent. id: 184922371 caller: com.android.server.wm.SystemGesturesPointerEventListener.onPointerEvent:204 com.android.server.wm.PointerEventDispatcher.onInputEvent:53 android.view.InputEventReceiver.dispatchInputEvent:337 
04-16 19:37:25.652  1670  1771 I GestureDetector: obtain mCurrentDownEvent. id: 184922371 caller: com.android.server.wm.SystemPerformancePointerEventListener.onPointerEvent:89 com.android.server.wm.PointerEventDispatcher.onInputEvent:53 android.view.InputEventReceiver.dispatchInputEvent:337 
04-16 19:37:25.652 15145 15145 I ViewRootImpl@90f3e18[MainActivity]: ViewPostIme pointer 0
04-16 19:37:25.668  1670  1771 I GestureDetector: obtain mCurrentMotionEventRaw. action: 2 id: 394818554
04-16 19:37:25.668  1670  1771 I GestureDetector: obtain mCurrentMotionEventRaw. action: 2 id: 394818554
04-16 19:37:25.734  1670  2042 D InputReader: Btn_touch(8): value=0 when=59970.119303
04-16 19:37:25.734  1670  2042 I InputReader: Touch event's action is 0x1 (id=4, t=0) [pCnt=1, s=] when=59970.119303
04-16 19:37:25.734  1670  2041 I InputDispatcher: Delivering touch to (15145): action: 0x1, f=0x0, d=0, 'a10ee75', t=1 
04-16 19:37:25.736 15145 15145 I ViewRootImpl@90f3e18[MainActivity]: ViewPostIme pointer 1
04-16 19:37:25.737 15145 15145 D PhantomViewModel: Attempting to start proxy with args: [-server 192.168.1.224:19132]
04-16 19:37:25.737 15145 15145 D PhantomViewModel: UI LOG: Attempting to start proxy...
04-16 19:37:25.738 15145 15145 D PhantomViewModel: UI LOG: Arguments: -server 192.168.1.224:19132
04-16 19:37:25.739  1670  4807 I ActivityManager: Background started FGS: Allowed [callingPackage: com.ismailjamal.bedrockrelay; callingUid: 10379; uidState: TOP ; uidBFSL: [BFSL]; intent: Intent { cmp=com.ismailjamal.bedrockrelay/.PhantomService (has extras) }; code:PROC_STATE_TOP; tempAllowListReason:<null>; targetSdkVersion:35; callerTargetSdkVersion:35; startForegroundCount:10; bindFromPackage:null: isBindService:false]
04-16 19:37:25.741 15145 15145 D PhantomViewModel: UI LOG: Proxy start command sent successfully.
04-16 19:37:25.818 15145 15145 D PhantomService: Service onStartCommand received - Action: null
04-16 19:37:25.821  2428  2437 D SecFgsManagerController: onForegroundStateChanged: [dialog:false]:[isForeground:true]:[packageName:com.ismailjamal.bedrockrelay]:[token:android.os.BinderProxy@c31235f]:[userId:0]
04-16 19:37:25.822  2428  2437 D SecFgsManagerController: updateUiControl[com.ismailjamal.bedrockrelay]: -1
04-16 19:37:25.822 15145 15145 I PhantomService: Processing START command.
04-16 19:37:25.822 15145 15145 D PhantomService: SERVICE LOG: Received start request:
04-16 19:37:25.822  2428  2437 D SecFgsManagerController: updateNumberOfVisibleRunningPackagesLocked: 1
04-16 19:37:25.822 15145 15145 D PhantomService: SERVICE LOG:   Args: [-server 192.168.1.224:19132]
04-16 19:37:25.823 15145 15187 D PhantomRepository: Entering getBinaryFile
04-16 19:37:25.824 15145 15187 E PhantomRepository: Binary file does not exist at: /data/app/~~31vG1kog5dFWcqCmxpQQdA==/com.ismailjamal.bedrockrelay-KMlAJp3B5dt0EPBCAHm4Ww==/lib/arm64/phantom
04-16 19:37:25.824 15145 15187 E PhantomService: Failed to get binary file from repository
04-16 19:37:25.824 15145 15187 E PhantomService: java.lang.RuntimeException: Binary file is missing
04-16 19:37:25.824 15145 15187 E PhantomService: 	at com.ismailjamal.bedrockrelay.PhantomRepository.getBinaryFile-d1pmJ48(PhantomRepository.kt:71)
04-16 19:37:25.824 15145 15187 E PhantomService: 	at com.ismailjamal.bedrockrelay.PhantomService$startProcess$1.invokeSuspend(PhantomService.kt:177)
04-16 19:37:25.824 15145 15187 E PhantomService: 	at kotlin.coroutines.jvm.internal.BaseContinuationImpl.resumeWith(ContinuationImpl.kt:33)
04-16 19:37:25.824 15145 15187 E PhantomService: 	at kotlinx.coroutines.DispatchedTask.run(DispatchedTask.kt:108)
04-16 19:37:25.824 15145 15187 E PhantomService: 	at kotlinx.coroutines.internal.LimitedDispatcher$Worker.run(LimitedDispatcher.kt:115)
04-16 19:37:25.824 15145 15187 E PhantomService: 	at kotlinx.coroutines.scheduling.TaskImpl.run(Tasks.kt:103)
04-16 19:37:25.824 15145 15187 E PhantomService: 	at kotlinx.coroutines.scheduling.CoroutineScheduler.runSafely(CoroutineScheduler.kt:584)
04-16 19:37:25.824 15145 15187 E PhantomService: 	at kotlinx.coroutines.scheduling.CoroutineScheduler$Worker.executeTask(CoroutineScheduler.kt:793)
04-16 19:37:25.824 15145 15187 E PhantomService: 	at kotlinx.coroutines.scheduling.CoroutineScheduler$Worker.runWorker(CoroutineScheduler.kt:697)
04-16 19:37:25.824 15145 15187 E PhantomService: 	at kotlinx.coroutines.scheduling.CoroutineScheduler$Worker.run(CoroutineScheduler.kt:684)
04-16 19:37:25.824 15145 15187 D PhantomService: SERVICE LOG: Error: Failed to get binary file: Binary file is missing
04-16 19:37:25.824 15145 15187 I PhantomService: Stopping process and service.
04-16 19:37:25.825 15145 15234 D PhantomService: Stop command issued, but process was not running.
04-16 19:37:25.826  2428 26499 D SecFgsManagerController: onForegroundStateChanged: [dialog:false]:[isForeground:false]:[packageName:com.ismailjamal.bedrockrelay]:[token:android.os.BinderProxy@c31235f]:[userId:0]
04-16 19:37:25.826  2428 26499 D SecFgsManagerController: updateNumberOfVisibleRunningPackagesLocked: 0
04-16 19:37:25.828 15145 15145 I NotificationManager: com.ismailjamal.bedrockrelay: notify(1, null, Notification(channel=phantom_service_channel shortcut=null contentView=null vibrate=null sound=null defaults=0x0 flags=0x2 color=0x00000000 vis=PRIVATE semFlags=0x0 semPriority=0 semMissedCount=0)) as user
04-16 19:37:25.830 15145 15145 D PhantomService: Notification updated: Proxy running...
04-16 19:37:25.830 15145 15187 D PhantomService: Process coroutine finished.
04-16 19:37:25.845  1670  1670 D NotificationService: CancelNotificationRunnable end r = 0|com.ismailjamal.bedrockrelay|1|null|10379, reason = 8
04-16 19:37:25.845  1670  1670 D SmartAlertController: SmartAlert - Found Missed Event
04-16 19:37:25.951  1670  1771 I GestureDetector: handleMessage TAP
04-16 19:37:25.952  1670  1670 I GestureDetector: handleMessage TAP
04-16 19:37:25.969  1670  3335 D FreecessController: com.whatsapp(10306) is important[18]
04-16 19:37:26.024  1670  1670 I Telecom:SamsungTelecomServiceImpl: isInManagedCall - callingPackage : android / callingUser : UserHandle{0} / hasCrossUserAccess : true
04-16 19:37:26.024  1670  1670 I NotificationService: Cannot find enqueued record for key: 0|com.ismailjamal.bedrockrelay|1|null|10379
04-16 19:37:26.032  1670  1670 I Telecom:SamsungTelecomServiceImpl: isInManagedCall - callingPackage : android / callingUser : UserHandle{0} / hasCrossUserAccess : true
04-16 19:37:26.032  1670  1670 I NotificationService: Cannot find enqueued record for key: 0|com.ismailjamal.bedrockrelay|1|null|10379
04-16 19:37:26.248  1252  1252 I android.hardware.health@2.1-service-samsung: updateLrpSysfs: write: 275
04-16 19:37:26.250  1670  2398 D BatteryService: Sending ACTION_BATTERY_CHANGED: level:76, status:2, health:2, remain:7011, ac:false, usb:true, wireless:false, pogo:false, misc:0x10000, charge_type:1, charger_type:0, voltage:4086, temperature:260, online:4, charging_status:0, cycle_count:0, current_avg:276, ps:false, hvc:false, capacity:280000, current_event:0x0, current_now:277, mcc:0, mcv:0, cc:2777516, present:true, scale:100, technology:Li-ion
04-16 19:37:26.253  1670  2366 I DeviceBatteryInfoService: action: android.intent.action.BATTERY_CHANGED
04-16 19:37:26.253  1670  2366 I DeviceBatteryInfoService: phone battery level: 76
04-16 19:37:26.253  1670  2366 I DeviceBatteryInfoService: phone battery status: 2
04-16 19:37:26.253  1670  2222 D MotionRecognitionService: [SAR]  onReceive : ACTION_BATTERY_CHANGED, Plugged: 2
04-16 19:37:26.254  1670  2026 D SEP_UNION_SemDeviceInfoManagerService: onReceive : android.intent.action.BATTERY_CHANGED, userId = 0 
04-16 19:37:26.254  2404  2404 D SemBigDataInfoController: Intent: android.intent.action.BATTERY_CHANGED
04-16 19:37:26.254  2404  2404 D SemBigDataInfoController: Intent: android.intent.action.BATTERY_CHANGED
04-16 19:37:26.254  2428  2428 I AODBatteryManager: updateBatteryData: ACTION_BATTERY_CHANGED
04-16 19:37:26.255  1670  1670 D AdaptiveBrightnessLongtermModelBuilder: Received android.intent.action.BATTERY_CHANGED
04-16 19:37:26.256  2428  2428 I AODBatteryManager: saveBatteryData : AOD BatteryData [mBatteryLevel=76, mBatteryStatus=CHARGING, mBatteryPlugType=USB, mBatteryPlugged=true, mRemainingChargeTime=7011000, mBatteryChargingType=1, mBatteryChargerType=NORMAL, mBatteryOnline=USB, mBatterySwellingMode=NONE, mBatteryProtectMode=false, mBatteryProtectModeType=1, mSleepChargingEvent=null, mSleepChargingEventFinishTime=null]
04-16 19:37:26.256  2428  2428 D SamsungBatteryMeterDrawable: onBatteryLevelChanged isSomethingChanged: false
04-16 19:37:26.256  2428  2428 D SamsungBatteryMeterDrawable: onBatteryLevelChanged isSomethingChanged: false
04-16 19:37:26.256  6149  6149 I [SCPMV2][SystemMonitorReceiver]: onReceive: android.intent.action.BATTERY_CHANGED
04-16 19:37:26.256  2428  2428 D SamsungBatteryMeterDrawable: onBatteryLevelChanged isSomethingChanged: false
04-16 19:37:26.256  2428  2428 I PowerUI : mBootCompleted = true |  mFullyConnected = true
04-16 19:37:26.256  2428  2428 I PowerUI : BATTERY_HEALTH_CHECK extraHealth=2 mBatteryMiscEvent=65536
04-16 19:37:26.257  2428  3623 D SecPowerUI.Notification: dismissing low battery warning: level=76
04-16 19:37:26.257  2428  3623 D SecPowerUI.Notification: updateNotification mWarning=false mPlaySound=false
04-16 19:37:26.257  2428  3623 D SecPowerUI.Notification: SecBatteryStatsSnapshot{batteryLevel=76, currentBatteryMode=1, chargingTime=7011000, chargingType=11, batteryHealth=2, automaticTestMode=false, isHiccupState=false, optChargingFinishTime=}
04-16 19:37:26.258  2428  2428 W PowerUI : Plug reason
04-16 19:37:26.258  1670  2026 D ActivityManager: Received SERVICE intent 0x2f9ee22 Key{startService pkg=com.samsung.android.app.routines intent=act=com.samsung.android.app.routine.ACTION_CONDITION_STATE_CHANGED cmp=com.samsung.android.app.routines/.domainmodel.service.RoutineService flags=0x2000000 u=0} requestCode=13 from uid 1000
04-16 19:37:26.258  2428  2428 W PowerUI : Skip charging animation - by plug status
04-16 19:37:26.258  2428  2428 D PowerUI : priorPlugType = 2 mPlugType = 2 priorBatteryStatus = 2 mBatteryStatus = 2
04-16 19:37:26.258  1670  2026 D SEP_UNION_SemDeviceInfoManagerService: Send intent com.samsung.android.app.routine.ACTION_CONDITION_STATE_CHANGED, userId: 0 by broadcast 
04-16 19:37:26.258  2428  2428 W PowerUI : Plug reason
04-16 19:37:26.258  2428  2428 W PowerUI : Skip charging sound - by plug status
04-16 19:37:26.258  2428  2428 I PowerUI : oldMisalign : false, curMisalign : false
04-16 19:37:26.259  2428  3623 D SecPowerUI.Notification: 1. restoreScreenTimeOut - saved_value : :
04-16 19:37:26.259  2428  3623 E SecPowerUI.Notification: no saved value, so we do nothing !!
04-16 19:37:26.259  2428  2428 D SecPowerUI.Notification: showChargingNotice oldChargingType : 11 / currentChargingType : 11, oldChargingTime : 7011000 / mChargingTime : 7011000
04-16 19:37:26.259  2428  2428 D SecPowerUI.Notification: showChargingNotice There is no change about charging status, so return!
04-16 19:37:26.259  2428  2428 D PowerUI : Battery swelling mode - priorBatterySwellingMode = 0 mBatterySwellingMode = 0 mBatteryStatus = 2
04-16 19:37:26.259  2428  2428 I PowerUI : mBatteryMiscEvent = 65536
04-16 19:37:26.259  2428  2428 I PowerUI : checkRestoreProtectBattery pb value : 3, Scheduling start ? : false
04-16 19:37:26.259  2428  2428 I PowerUI : Clear time
04-16 19:37:26.259  5138  5138 I Routine@Core[4.6.02.0]: RoutineService: onCreate
04-16 19:37:26.259  5138  5138 I Routine@Core[4.6.02.0]: ServiceExt: setServiceForeground: isForeground=true, reason=ROUTINE_SERVICE
04-16 19:37:26.259  1670  4823 D KNOX_MDM_SettingsProvider: isChangeAllowed() : name = ltc_highsoc_exceed_time
04-16 19:37:26.259  1670  4823 D KNOX_MDM_SettingsProvider: edmUri: content://com.sec.knox.provider/RestrictionPolicy3
04-16 19:37:26.259  1670  4823 D KNOX_MDM_SettingsProvider: projectionArgs: isSettingsChangesAllowed
04-16 19:37:26.259  1670  4823 D KNOX_MDM_SettingsProvider: selectionArgs: false
04-16 19:37:26.259  1670  4823 D KNOX_MDM_SettingsProvider: selectionArgs: 10041
04-16 19:37:26.259  1670  4823 D SecContentProvider: query(), uri = 17 selection = isSettingsChangesAllowed
04-16 19:37:26.260  1670  4823 D SecContentProvider: called from android.uid.systemui:10041
04-16 19:37:26.260  1670  4823 D RestrictionPolicy: isSettingsChangesAllowedAsUser, userId 0 : true
04-16 19:37:26.260  1670  4823 D KNOX_MDM_SettingsProvider: ret = 1
04-16 19:37:26.262  2428  2428 I PowerUI : checkBatteryProtectionNotification : 2, pb value : 3, plugType : 2, level : 76
04-16 19:37:26.262  2428  2428 D SecPowerUI.Notification: SecBatteryStatsSnapshot{batteryLevel=76, currentBatteryMode=1, chargingTime=7011000, chargingType=11, batteryHealth=2, automaticTestMode=false, isHiccupState=false, optChargingFinishTime=}
04-16 19:37:26.263  2428  2428 D KeyguardUpdateMonitor: handleBatteryUpdate
04-16 19:37:26.263  5138  5138 I Routine@Core[4.6.02.0]: RoutineService: onStartCommand: com.samsung.android.app.routine.ACTION_CONDITION_STATE_CHANGED
04-16 19:37:26.263  5138  5138 I Routine@Core[4.6.02.0]: RoutineService: onConditionStateChanged: packageName=com.samsung.android.app.routines, tag =battery_condition
04-16 19:37:26.263  5138  5186 I Routine@Core[4.6.02.0]: COORD/CoordinatorRequestHandler: onCallReceive - method: condition_state_changed
04-16 19:37:26.264  5138  5191 I Routine@Core[4.6.02.0]: COORD/CoordinatorRequestHandler: threadHandler.handleMessage - message: CONDITION_STATE_CHANGED
04-16 19:37:26.265  5138  5191 I Routine@Core[4.6.02.0]: COORD/ConditionStateHandlerImpl: onConditionStateChanged: packageName=com.samsung.android.app.routines, tag=battery_condition, size=1
04-16 19:37:26.265  5138  5191 I Routine@Core[4.6.02.0]: ENGINE/BasicConditionController: handleConditions: conditions.size=1
04-16 19:37:26.266  5138  5191 I Routine@Core[4.6.02.0]: ENGINE/BasicConditionController: handleConditions: condition=RoutineCondition(meta=ConditionMeta(id=13, tag=battery_condition, packageName=com.samsung.android.app.routines, componentName=com.samsung.android.app.routines/.preloadproviders.provider.PreloadRoutineConditionProvider, componentType=provider, labelResourceId=2131886303, subLabelResourceId=-1, enabledLabelResourceId=2131886302, negativeEnabledLabelResourceId=-1, _isSupportNegative=0, descriptionResourceId=0, iconResourceId=2131230979, configActivity=com.samsung.android.app.routines/.preloadproviders.system.conditions.batterylevel.BatteryLevelConfigActivity, category=null, defaultParameter=null, defaultParameterLabel=null, uri=null, correctParam=null, supportState=1, attributes=null, version=1), _instance=ConditionInstance(id=2, uuid=3716940624103164505, routineId=2, parameterLabel=Below 30%, param=30;0, isNegative=-1, timestamp=1744811642637, validState=0, extra=, _triggerStatus=0))
04-16 19:37:26.268  5138  5191 I Routine@Core[4.6.02.0]: TASKD/ConditionTaskAdapterFactory: createConditionTaskAdapter - metaId=battery_condition(id=13)
04-16 19:37:26.268  5138  5191 I Routine@Core[4.6.02.0]: TASKD/RoutineV2ConditionTaskAdapter: callProvider - (isValid, battery_condition)
04-16 19:37:26.269  5138  5191 I Routine@Core[4.6.02.0]: TASKD/ConditionTaskAdapterFactory: createConditionTaskAdapter - metaId=battery_condition(id=13)
04-16 19:37:26.269  5138  5191 I Routine@Core[4.6.02.0]: TASKD/RoutineV2ConditionTaskAdapter: callProvider - (isSatisfied, battery_condition)
04-16 19:37:26.270  5138  5191 I Routine@Core[4.6.02.0]: BatteryLevelCondition: isSatisfied, param : 30;0, isNegative : falsecurrent percent : 76, goal : 30
04-16 19:37:26.270  5138  5191 I Routine@Core[4.6.02.0]: ENGINE/BasicConditionController: handleConditions: isSatisfied=false (conditionId=battery_condition(id=2, uuid=371694, routineId=2))
04-16 19:37:26.272  5138  5191 I Routine@Core[4.6.02.0]: ENGINE/BasicConditionController: isConditionOfLifestyleMode: routineId=2(uuid=308592, name=Battery level)[READY], isLifestyleModeRoutine=false, conditionId=battery_condition(id=2, uuid=371694, routineId=2)
04-16 19:37:26.275  5138  5191 I Routine@Core[4.6.02.0]: COORD/ConditionProgressCallback: doTriggerOff: routineState=READY (routineId=2(uuid=308592, name=Battery level)[READY]) (conditionId=battery_condition(id=2, uuid=371694, routineId=2))
04-16 19:37:26.275  5138  5191 W Routine@Core[4.6.02.0]: COORD/ConditionProgressCallback: doTriggerOff: not handled status. routineState=READY
04-16 19:37:26.275  5138  5138 I Routine@Core[4.6.02.0]: RoutineService: onConditionStateChanged.onComplete: tag=battery_condition
04-16 19:37:26.275  5138  5138 I Routine@Core[4.6.02.0]: RoutineService: onStartCommand.onConditionStateChanged: result=true
04-16 19:37:26.277  5138  5138 I Routine@Core[4.6.02.0]: RoutineService: onDestroy
04-16 19:37:26.277  5138  5138 I Routine@Core[4.6.02.0]: ServiceExt: setServiceForeground: isForeground=false, reason=ROUTINE_SERVICE
04-16 19:37:26.520  1670  2042 D InputReader: Btn_touch(8): value=1 when=59970.904431
04-16 19:37:26.520  1670  2042 I InputReader: Touch event's action is 0x0 (id=4, t=0) [pCnt=1, s=0.12338 ] when=59970.904431
04-16 19:37:26.522  1670  2041 I InputDispatcher: Delivering touch to (2428): action: 0x4, f=0x0, d=0, '7538e8e', t=1 
04-16 19:37:26.522  1670  2041 I InputDispatcher: Delivering touch to (15145): action: 0x0, f=0x0, d=0, 'a10ee75', t=1 
04-16 19:37:26.523  2428  2428 D Navbar.Store: --------NavBarStates(0) getSpaceWidth(land: false): 118
04-16 19:37:26.523  2428  2428 D SearcleGestureHandler: allowGesture: false
04-16 19:37:26.523 15145 15145 I ViewRootImpl@90f3e18[MainActivity]: ViewPostIme pointer 0
04-16 19:37:26.525  1670  1771 I GestureDetector: obtain mCurrentDownEvent. id: 718988679 caller: com.android.server.wm.SystemGesturesPointerEventListener.onPointerEvent:204 com.android.server.wm.PointerEventDispatcher.onInputEvent:53 android.view.InputEventReceiver.dispatchInputEvent:337 
04-16 19:37:26.526  1670  1771 I GestureDetector: obtain mCurrentDownEvent. id: 718988679 caller: com.android.server.wm.SystemPerformancePointerEventListener.onPointerEvent:89 com.android.server.wm.PointerEventDispatcher.onInputEvent:53 android.view.InputEventReceiver.dispatchInputEvent:337 
04-16 19:37:26.528  1670  1771 I GestureDetector: obtain mCurrentMotionEventRaw. action: 2 id: 283948514
04-16 19:37:26.528  1670  1771 I GestureDetector: obtain mCurrentMotionEventRaw. action: 2 id: 283948514
04-16 19:37:26.610  1670  2042 D InputReader: Btn_touch(8): value=0 when=59970.995436
04-16 19:37:26.610  1670  2042 I InputReader: Touch event's action is 0x1 (id=4, t=0) [pCnt=1, s=] when=59970.995436
04-16 19:37:26.610  1670  2041 I InputDispatcher: Delivering touch to (15145): action: 0x1, f=0x0, d=0, 'a10ee75', t=1 
04-16 19:37:26.611 15145 15145 I ViewRootImpl@90f3e18[MainActivity]: ViewPostIme pointer 1
04-16 19:37:26.612 15145 15145 D PhantomViewModel: Sending stop command to service
04-16 19:37:26.612 15145 15145 D PhantomViewModel: UI LOG: Sending stop command to proxy service
04-16 19:37:26.615 15145 15145 D PhantomViewModel: UI LOG: Proxy stop command sent successfully.
04-16 19:37:26.685 15145 15145 D PhantomService: Service onStartCommand received - Action: STOP
04-16 19:37:26.688  1670  4823 I ActivityManager: Background started FGS: Allowed [callingPackage: com.ismailjamal.bedrockrelay; callingUid: 10379; uidState: TOP ; uidBFSL: [BFSL]; intent: Intent { act=STOP cmp=com.ismailjamal.bedrockrelay/.PhantomService }; code:PROC_STATE_TOP; tempAllowListReason:<null>; targetSdkVersion:35; callerTargetSdkVersion:35; startForegroundCount:11; bindFromPackage:null: isBindService:false]
04-16 19:37:26.689  2428  2437 D SecFgsManagerController: onForegroundStateChanged: [dialog:false]:[isForeground:true]:[packageName:com.ismailjamal.bedrockrelay]:[token:android.os.BinderProxy@c31235f]:[userId:0]
04-16 19:37:26.690  2428  2437 D SecFgsManagerController: updateUiControl[com.ismailjamal.bedrockrelay]: -1
04-16 19:37:26.690  2428  2437 D SecFgsManagerController: updateNumberOfVisibleRunningPackagesLocked: 1
04-16 19:37:26.690 15145 15145 I PhantomService: Received STOP action.
04-16 19:37:26.690 15145 15145 D PhantomService: SERVICE LOG: Received STOP command.
04-16 19:37:26.690 15145 15145 I PhantomService: Stopping process and service.
04-16 19:37:26.691 15145 15379 D PhantomService: Stop command issued, but process was not running.
04-16 19:37:26.692  2428  2437 D SecFgsManagerController: onForegroundStateChanged: [dialog:false]:[isForeground:false]:[packageName:com.ismailjamal.bedrockrelay]:[token:android.os.BinderProxy@c31235f]:[userId:0]
04-16 19:37:26.692  2428  2437 D SecFgsManagerController: updateNumberOfVisibleRunningPackagesLocked: 0
04-16 19:37:26.711  1670  1670 D NotificationService: CancelNotificationRunnable end r = 0|com.ismailjamal.bedrockrelay|1|null|10379, reason = 8
04-16 19:37:26.711  1670  1670 D SmartAlertController: SmartAlert - Found Missed Event
04-16 19:37:26.797  2840  3426 D ScanFilter: manu data matches
04-16 19:37:26.797  2840  3426 D BtGatt.GattService: onScanResult to scannerId: 2- eventType=0x10, addressType=0, address=XX:XX:XX:XX:C4:4B, primaryPhy=1, secondaryPhy=0, advertisingSid=0xff, txPower=127, rssi=-85, periodicAdvInt=0x0
04-16 19:37:26.800  7147 10900 I [+0100]oneconnect[1.8.21.28_01][CORE]: BleParserForVD.parseTvPacket - |name:($)-[(15)|deviceType:TV|discoverType:_BLE|services:None|connected:false[TvStatusString]POWER_OFF[TvStatus]-128[TvService]102[TvMirrorChannel]1[TvRegisteredDB][114, -99, 0, 0, 0, 0][TvYear]2016[TvOcfInfo]0[TvAcmStatus]0[ExTvStatus]0[ExtendedStatus]-1[ModuloSn]-1
04-16 19:37:26.826  1670  1771 I GestureDetector: handleMessage TAP
04-16 19:37:26.826  1670  1670 I GestureDetector: handleMessage TAP
04-16 19:37:26.894  1670  1670 I Telecom:SamsungTelecomServiceImpl: isInManagedCall - callingPackage : android / callingUser : UserHandle{0} / hasCrossUserAccess : true
04-16 19:37:26.894  1670  1670 I NotificationService: Cannot find enqueued record for key: 0|com.ismailjamal.bedrockrelay|1|null|10379
04-16 19:37:26.953  2840  3426 D ScanFilter: manu data matches
04-16 19:37:26.953  2840  3426 D BtGatt.GattService: onScanResult to scannerId: 2- eventType=0x10, addressType=0, address=XX:XX:XX:XX:C4:4B, primaryPhy=1, secondaryPhy=0, advertisingSid=0xff, txPower=127, rssi=-86, periodicAdvInt=0x0
04-16 19:37:26.955  7147 10900 I [+0100]oneconnect[1.8.21.28_01][CORE]: BleParserForVD.parseTvPacket - |name:($)-[(15)|deviceType:TV|discoverType:_BLE|services:None|connected:false[TvStatusString]POWER_OFF[TvStatus]-128[TvService]102[TvMirrorChannel]1[TvRegisteredDB][114, -99, 0, 0, 0, 0][TvYear]2016[TvOcfInfo]0[TvAcmStatus]0[ExTvStatus]0[ExtendedStatus]-1[ModuloSn]-1
